Java HotSpot(TM) 64-Bit Server VM (25.211-b12) for windows-amd64 JRE (1.8.0_211-b12), built on Apr  1 2019 20:53:26 by "java_re" with MS VC++ 10.0 (VS2010)
Memory: 4k page, physical 16687976k(4874780k free), swap 33374052k(15899648k free)
CommandLine flags: -XX:+HeapDumpOnOutOfMemoryError -XX:HeapDumpPath=./ -XX:InitialHeapSize=5242880 -XX:MaxHeapSize=5242880 -XX:MaxNewSize=1400832 -XX:MaxTenuringThreshold=6 -XX:NewSize=1400832 -XX:OldPLABSize=16 -XX:OldSize=2793472 -XX:+PrintGC -XX:+PrintGCDetails -XX:+PrintGCTimeStamps -XX:+UseCompressedClassPointers -XX:+UseCompressedOops -XX:+UseConcMarkSweepGC -XX:-UseLargePagesIndividualAllocation -XX:+UseParNewGC 
0.112: [GC (Allocation Failure) 0.113: [ParNew: 1085K->128K(1216K), 0.0012409 secs] 1085K->640K(6016K), 0.0013417 secs] [Times: user=0.00 sys=0.00, real=0.00 secs] 
0.155: [GC (Allocation Failure) 0.155: [ParNew: 1216K->127K(1216K), 0.0034638 secs] 1728K->1017K(6016K), 0.0035148 secs] [Times: user=0.03 sys=0.00, real=0.00 secs] 
0.217: [GC (Allocation Failure) 0.217: [ParNew: 1215K->128K(1216K), 0.0005508 secs] 2105K->1160K(6016K), 0.0005978 secs] [Times: user=0.00 sys=0.00, real=0.00 secs] 
0.242: [GC (Allocation Failure) 0.242: [ParNew: 1216K->128K(1216K), 0.0029677 secs] 2248K->1296K(6016K), 0.0030168 secs] [Times: user=0.00 sys=0.00, real=0.00 secs] 
0.271: [GC (Allocation Failure) 0.271: [ParNew: 1216K->128K(1216K), 0.0008500 secs] 2384K->1437K(6016K), 0.0008985 secs] [Times: user=0.00 sys=0.00, real=0.00 secs] 
0.310: [GC (Allocation Failure) 0.310: [ParNew: 1216K->128K(1216K), 0.0007458 secs] 2525K->1614K(6016K), 0.0007918 secs] [Times: user=0.00 sys=0.00, real=0.00 secs] 
0.335: [GC (Allocation Failure) 0.335: [ParNew: 1216K->128K(1216K), 0.0010049 secs] 2702K->1760K(6016K), 0.0010584 secs] [Times: user=0.00 sys=0.00, real=0.00 secs] 
0.354: [GC (Allocation Failure) 0.354: [ParNew: 1216K->128K(1216K), 0.0006391 secs] 2848K->1901K(6016K), 0.0006845 secs] [Times: user=0.00 sys=0.00, real=0.00 secs] 
0.373: [GC (Allocation Failure) 0.373: [ParNew: 1216K->128K(1216K), 0.0006967 secs] 2989K->2139K(6016K), 0.0007365 secs] [Times: user=0.00 sys=0.00, real=0.00 secs] 
0.397: [GC (Allocation Failure) 0.397: [ParNew: 1216K->128K(1216K), 0.0011983 secs] 3227K->2252K(6016K), 0.0012441 secs] [Times: user=0.00 sys=0.00, real=0.00 secs] 
0.419: [GC (Allocation Failure) 0.419: [ParNew: 1038K->128K(1216K), 0.0011946 secs] 3163K->2388K(6016K), 0.0012338 secs] [Times: user=0.00 sys=0.00, real=0.00 secs] 
0.433: [GC (Allocation Failure) 0.433: [ParNew: 1216K->128K(1216K), 0.0007303 secs] 3476K->2672K(6016K), 0.0007673 secs] [Times: user=0.00 sys=0.00, real=0.00 secs] 
0.434: [GC (CMS Initial Mark) [1 CMS-initial-mark: 2544K(4800K)] 2694K(6016K), 0.0001048 secs] [Times: user=0.00 sys=0.00, real=0.00 secs] 
0.434: [CMS-concurrent-mark-start]
0.436: [CMS-concurrent-mark: 0.002/0.002 secs] [Times: user=0.00 sys=0.00, real=0.00 secs] 
0.436: [CMS-concurrent-preclean-start]
0.436: [CMS-concurrent-preclean: 0.000/0.000 secs] [Times: user=0.00 sys=0.00, real=0.00 secs] 
0.436: [GC (CMS Final Remark) [YG occupancy: 171 K (1216 K)]0.436: [Rescan (parallel) , 0.0002320 secs]0.436: [weak refs processing, 0.0000106 secs]0.436: [class unloading, 0.0003138 secs]0.437: [scrub symbol table, 0.0004556 secs]0.437: [scrub string table, 0.0001089 secs][1 CMS-remark: 2544K(4800K)] 2716K(6016K), 0.0011797 secs] [Times: user=0.01 sys=0.00, real=0.00 secs] 
0.438: [CMS-concurrent-sweep-start]
0.438: [CMS-concurrent-sweep: 0.001/0.001 secs] [Times: user=0.00 sys=0.00, real=0.00 secs] 
0.438: [CMS-concurrent-reset-start]
0.438: [CMS-concurrent-reset: 0.000/0.000 secs] [Times: user=0.00 sys=0.00, real=0.00 secs] 
0.459: [GC (Allocation Failure) 0.459: [ParNew: 1216K->128K(1216K), 0.0011865 secs] 3335K->2374K(6016K), 0.0012298 secs] [Times: user=0.00 sys=0.00, real=0.00 secs] 
0.565: [GC (Allocation Failure) 0.565: [ParNew: 1216K->128K(1216K), 0.0011607 secs] 3462K->2502K(6016K), 0.0011993 secs] [Times: user=0.00 sys=0.00, real=0.00 secs] 
0.583: [GC (Allocation Failure) 0.583: [ParNew: 1216K->127K(1216K), 0.0009772 secs] 3590K->2612K(6016K), 0.0010251 secs] [Times: user=0.00 sys=0.00, real=0.00 secs] 
0.597: [GC (Allocation Failure) 0.597: [ParNew: 1215K->115K(1216K), 0.0007586 secs] 3700K->2997K(6016K), 0.0007946 secs] [Times: user=0.00 sys=0.00, real=0.00 secs] 
0.616: [GC (Allocation Failure) 0.616: [ParNew: 1203K->128K(1216K), 0.0013591 secs] 4085K->3130K(6016K), 0.0014030 secs] [Times: user=0.00 sys=0.00, real=0.00 secs] 
0.639: [GC (Allocation Failure) 0.639: [ParNew: 1216K->127K(1216K), 0.0007782 secs] 4218K->3271K(6016K), 0.0008198 secs] [Times: user=0.06 sys=0.00, real=0.00 secs] 
0.659: [GC (Allocation Failure) 0.659: [ParNew: 1215K->128K(1216K), 0.0011197 secs] 4359K->3407K(6016K), 0.0011623 secs] [Times: user=0.00 sys=0.00, real=0.00 secs] 
0.681: [GC (Allocation Failure) 0.681: [ParNew: 1216K->126K(1216K), 0.0012027 secs] 4495K->3510K(6016K), 0.0012465 secs] [Times: user=0.00 sys=0.00, real=0.00 secs] 
0.722: [GC (Allocation Failure) 0.722: [ParNew: 1214K->128K(1216K), 0.0010854 secs] 4598K->3616K(6016K), 0.0011287 secs] [Times: user=0.00 sys=0.00, real=0.00 secs] 
0.744: [GC (Allocation Failure) 0.744: [ParNew: 1216K->120K(1216K), 0.0010886 secs] 4704K->4154K(6016K), 0.0011321 secs] [Times: user=0.00 sys=0.00, real=0.00 secs] 
0.745: [GC (CMS Initial Mark) [1 CMS-initial-mark: 4033K(4800K)] 4176K(6016K), 0.0001683 secs] [Times: user=0.00 sys=0.00, real=0.00 secs] 
0.746: [CMS-concurrent-mark-start]
0.748: [CMS-concurrent-mark: 0.002/0.002 secs] [Times: user=0.00 sys=0.00, real=0.00 secs] 
0.748: [CMS-concurrent-preclean-start]
0.748: [CMS-concurrent-preclean: 0.000/0.000 secs] [Times: user=0.00 sys=0.00, real=0.00 secs] 
0.748: [GC (CMS Final Remark) [YG occupancy: 294 K (1216 K)]0.748: [Rescan (parallel) , 0.0001474 secs]0.748: [weak refs processing, 0.0000084 secs]0.748: [class unloading, 0.0002849 secs]0.749: [scrub symbol table, 0.0007197 secs]0.749: [scrub string table, 0.0001232 secs][1 CMS-remark: 4033K(4800K)] 4328K(6016K), 0.0013442 secs] [Times: user=0.01 sys=0.00, real=0.00 secs] 
0.750: [CMS-concurrent-sweep-start]
0.751: [CMS-concurrent-sweep: 0.001/0.001 secs] [Times: user=0.00 sys=0.00, real=0.00 secs] 
0.751: [CMS-concurrent-reset-start]
0.751: [CMS-concurrent-reset: 0.000/0.000 secs] [Times: user=0.00 sys=0.00, real=0.00 secs] 
0.769: [GC (Allocation Failure) 0.769: [ParNew: 1208K->128K(1216K), 0.0017787 secs] 4776K->3774K(6016K), 0.0018266 secs] [Times: user=0.00 sys=0.00, real=0.00 secs] 
0.795: [GC (Allocation Failure) 0.795: [ParNew: 1216K->128K(1216K), 0.0011990 secs] 4862K->3902K(6016K), 0.0012403 secs] [Times: user=0.05 sys=0.00, real=0.00 secs] 
0.820: [GC (Allocation Failure) 0.821: [ParNew: 1216K->128K(1216K), 0.0106921 secs] 4990K->4030K(6016K), 0.0107490 secs] [Times: user=0.03 sys=0.02, real=0.01 secs] 
0.854: [GC (Allocation Failure) 0.854: [ParNew: 1216K->127K(1216K), 0.0022421 secs] 5118K->4189K(6016K), 0.0023003 secs] [Times: user=0.00 sys=0.00, real=0.00 secs] 
0.880: [GC (Allocation Failure) 0.880: [ParNew: 1215K->128K(1216K), 0.0011187 secs] 5277K->4311K(6016K), 0.0011595 secs] [Times: user=0.00 sys=0.00, real=0.00 secs] 
0.895: [GC (Allocation Failure) 0.895: [ParNew: 1216K->127K(1216K), 0.0010770 secs] 5399K->4454K(6016K), 0.0011181 secs] [Times: user=0.00 sys=0.00, real=0.00 secs] 
0.911: [GC (Allocation Failure) 0.911: [ParNew: 1215K->128K(1216K), 0.0008158 secs] 5542K->4587K(6016K), 0.0008590 secs] [Times: user=0.00 sys=0.00, real=0.00 secs] 
0.914: [GC (CMS Initial Mark) [1 CMS-initial-mark: 4459K(4800K)] 4630K(6016K), 0.0002544 secs] [Times: user=0.00 sys=0.00, real=0.00 secs] 
0.914: [CMS-concurrent-mark-start]
0.917: [CMS-concurrent-mark: 0.003/0.003 secs] [Times: user=0.00 sys=0.00, real=0.00 secs] 
0.917: [CMS-concurrent-preclean-start]
0.917: [CMS-concurrent-preclean: 0.000/0.000 secs] [Times: user=0.00 sys=0.00, real=0.00 secs] 
0.923: [GC (CMS Final Remark) [YG occupancy: 171 K (1216 K)]0.923: [Rescan (parallel) , 0.0016406 secs]0.925: [weak refs processing, 0.0000090 secs]0.925: [class unloading, 0.0003477 secs]0.925: [scrub symbol table, 0.0005804 secs]0.926: [scrub string table, 0.0001194 secs][1 CMS-remark: 4459K(4800K)] 4630K(6016K), 0.0027826 secs] [Times: user=0.00 sys=0.00, real=0.00 secs] 
0.926: [CMS-concurrent-sweep-start]
0.928: [CMS-concurrent-sweep: 0.001/0.001 secs] [Times: user=0.00 sys=0.00, real=0.00 secs] 
0.928: [CMS-concurrent-reset-start]
0.928: [CMS-concurrent-reset: 0.000/0.000 secs] [Times: user=0.00 sys=0.00, real=0.00 secs] 
0.946: [GC (Allocation Failure) 0.946: [ParNew: 1216K->126K(1216K), 0.0011564 secs] 5665K->4680K(6016K), 0.0011971 secs] [Times: user=0.00 sys=0.00, real=0.00 secs] 
0.947: [GC (CMS Initial Mark) [1 CMS-initial-mark: 4553K(4800K)] 4702K(6016K), 0.0000834 secs] [Times: user=0.00 sys=0.00, real=0.00 secs] 
0.948: [CMS-concurrent-mark-start]
0.951: [CMS-concurrent-mark: 0.003/0.003 secs] [Times: user=0.00 sys=0.00, real=0.00 secs] 
0.951: [CMS-concurrent-preclean-start]
0.951: [CMS-concurrent-preclean: 0.000/0.000 secs] [Times: user=0.00 sys=0.00, real=0.00 secs] 
0.951: [GC (CMS Final Remark) [YG occupancy: 969 K (1216 K)]0.951: [Rescan (parallel) , 0.0013140 secs]0.953: [weak refs processing, 0.0000100 secs]0.953: [class unloading, 0.0004395 secs]0.953: [scrub symbol table, 0.0008991 secs]0.954: [scrub string table, 0.0001306 secs][1 CMS-remark: 4553K(4800K)] 5523K(6016K), 0.0028884 secs] [Times: user=0.05 sys=0.00, real=0.00 secs] 
0.954: [CMS-concurrent-sweep-start]
0.956: [CMS-concurrent-sweep: 0.001/0.001 secs] [Times: user=0.00 sys=0.00, real=0.00 secs] 
0.956: [CMS-concurrent-reset-start]
0.956: [CMS-concurrent-reset: 0.000/0.000 secs] [Times: user=0.00 sys=0.00, real=0.00 secs] 
0.959: [GC (Allocation Failure) 0.959: [ParNew (promotion failed): 1214K->1163K(1216K), 0.0010746 secs]0.960: [CMS: 4553K->4799K(4800K), 0.0107767 secs] 5768K->4893K(6016K), [Metaspace: 3301K->3301K(1056768K)], 0.0119271 secs] [Times: user=0.02 sys=0.00, real=0.01 secs] 
0.971: [GC (CMS Initial Mark) [1 CMS-initial-mark: 4799K(4800K)] 4915K(6016K), 0.0002333 secs] [Times: user=0.00 sys=0.00, real=0.00 secs] 
0.971: [CMS-concurrent-mark-start]
0.975: [CMS-concurrent-mark: 0.003/0.003 secs] [Times: user=0.00 sys=0.00, real=0.00 secs] 
0.975: [CMS-concurrent-preclean-start]
0.978: [CMS-concurrent-preclean: 0.003/0.003 secs] [Times: user=0.00 sys=0.00, real=0.00 secs] 
0.979: [GC (CMS Final Remark) [YG occupancy: 202 K (1216 K)]0.979: [Rescan (parallel) , 0.0001931 secs]0.979: [weak refs processing, 0.0000072 secs]0.979: [class unloading, 0.0003291 secs]0.979: [scrub symbol table, 0.0004550 secs]0.980: [scrub string table, 0.0001042 secs][1 CMS-remark: 4799K(4800K)] 5002K(6016K), 0.0011672 secs] [Times: user=0.00 sys=0.00, real=0.00 secs] 
0.980: [CMS-concurrent-sweep-start]
0.981: [CMS-concurrent-sweep: 0.001/0.001 secs] [Times: user=0.00 sys=0.00, real=0.00 secs] 
0.981: [CMS-concurrent-reset-start]
0.981: [CMS-concurrent-reset: 0.000/0.000 secs] [Times: user=0.00 sys=0.00, real=0.00 secs] 
1.002: [GC (Allocation Failure) 1.002: [ParNew: 1215K->1215K(1216K), 0.0000168 secs]1.002: [CMS: 4799K->4799K(4800K), 0.0098178 secs] 6015K->5025K(6016K), [Metaspace: 3301K->3301K(1056768K)], 0.0098987 secs] [Times: user=0.00 sys=0.00, real=0.01 secs] 
1.012: [GC (CMS Initial Mark) [1 CMS-initial-mark: 4799K(4800K)] 5047K(6016K), 0.0002130 secs] [Times: user=0.00 sys=0.00, real=0.00 secs] 
1.012: [CMS-concurrent-mark-start]
1.015: [CMS-concurrent-mark: 0.003/0.003 secs] [Times: user=0.01 sys=0.00, real=0.00 secs] 
1.015: [CMS-concurrent-preclean-start]
1.018: [CMS-concurrent-preclean: 0.003/0.003 secs] [Times: user=0.00 sys=0.00, real=0.00 secs] 
1.019: [GC (CMS Final Remark) [YG occupancy: 269 K (1216 K)]1.019: [Rescan (parallel) , 0.0003608 secs]1.019: [weak refs processing, 0.0000084 secs]1.019: [class unloading, 0.0003036 secs]1.019: [scrub symbol table, 0.0007514 secs]1.020: [scrub string table, 0.0001536 secs][1 CMS-remark: 4799K(4800K)] 5069K(6016K), 0.0016484 secs] [Times: user=0.00 sys=0.00, real=0.00 secs] 
1.021: [CMS-concurrent-sweep-start]
1.022: [CMS-concurrent-sweep: 0.002/0.002 secs] [Times: user=0.00 sys=0.00, real=0.00 secs] 
1.022: [CMS-concurrent-reset-start]
1.022: [CMS-concurrent-reset: 0.000/0.000 secs] [Times: user=0.00 sys=0.00, real=0.00 secs] 
1.057: [GC (Allocation Failure) 1.057: [ParNew: 1215K->1215K(1216K), 0.0000162 secs]1.057: [CMS: 4799K->4799K(4800K), 0.0093681 secs] 6015K->5142K(6016K), [Metaspace: 3301K->3301K(1056768K)], 0.0094496 secs] [Times: user=0.02 sys=0.00, real=0.01 secs] 
1.066: [GC (CMS Initial Mark) [1 CMS-initial-mark: 4799K(4800K)] 5163K(6016K), 0.0138672 secs] [Times: user=0.00 sys=0.00, real=0.01 secs] 
1.080: [CMS-concurrent-mark-start]
1.083: [CMS-concurrent-mark: 0.003/0.003 secs] [Times: user=0.00 sys=0.00, real=0.00 secs] 
1.083: [CMS-concurrent-preclean-start]
1.086: [CMS-concurrent-preclean: 0.003/0.003 secs] [Times: user=0.00 sys=0.00, real=0.00 secs] 
1.097: [GC (CMS Final Remark) [YG occupancy: 490 K (1216 K)]1.098: [Rescan (parallel) , 0.0211207 secs]1.119: [weak refs processing, 0.0000124 secs]1.119: [class unloading, 0.0003085 secs]1.119: [scrub symbol table, 0.0005353 secs]1.120: [scrub string table, 0.0001241 secs][1 CMS-remark: 4799K(4800K)] 5289K(6016K), 0.0221881 secs] [Times: user=0.02 sys=0.00, real=0.02 secs] 
1.120: [CMS-concurrent-sweep-start]
1.121: [CMS-concurrent-sweep: 0.001/0.001 secs] [Times: user=0.00 sys=0.00, real=0.00 secs] 
1.121: [CMS-concurrent-reset-start]
1.121: [CMS-concurrent-reset: 0.000/0.000 secs] [Times: user=0.00 sys=0.00, real=0.00 secs] 
1.177: [GC (Allocation Failure) 1.177: [ParNew: 1215K->1215K(1216K), 0.0000156 secs]1.177: [CMS: 4799K->4799K(4800K), 0.0088981 secs] 6015K->5244K(6016K), [Metaspace: 3301K->3301K(1056768K)], 0.0089790 secs] [Times: user=0.02 sys=0.00, real=0.01 secs] 
1.186: [GC (CMS Initial Mark) [1 CMS-initial-mark: 4799K(4800K)] 5264K(6016K), 0.0003595 secs] [Times: user=0.00 sys=0.00, real=0.00 secs] 
1.187: [CMS-concurrent-mark-start]
1.190: [CMS-concurrent-mark: 0.003/0.003 secs] [Times: user=0.00 sys=0.00, real=0.00 secs] 
1.190: [CMS-concurrent-preclean-start]
1.193: [CMS-concurrent-preclean: 0.003/0.003 secs] [Times: user=0.00 sys=0.00, real=0.00 secs] 
1.194: [GC (CMS Final Remark) [YG occupancy: 484 K (1216 K)]1.194: [Rescan (parallel) , 0.0013234 secs]1.195: [weak refs processing, 0.0000090 secs]1.195: [class unloading, 0.0002992 secs]1.195: [scrub symbol table, 0.0004292 secs]1.196: [scrub string table, 0.0001113 secs][1 CMS-remark: 4799K(4800K)] 5284K(6016K), 0.0022471 secs] [Times: user=0.00 sys=0.00, real=0.00 secs] 
1.196: [CMS-concurrent-sweep-start]
1.198: [CMS-concurrent-sweep: 0.001/0.001 secs] [Times: user=0.00 sys=0.00, real=0.00 secs] 
1.198: [CMS-concurrent-reset-start]
1.198: [CMS-concurrent-reset: 0.000/0.000 secs] [Times: user=0.00 sys=0.00, real=0.00 secs] 
1.212: [GC (Allocation Failure) 1.212: [ParNew: 1215K->1215K(1216K), 0.0000128 secs]1.212: [CMS: 4799K->4799K(4800K), 0.0089457 secs] 6015K->5335K(6016K), [Metaspace: 3301K->3301K(1056768K)], 0.0090219 secs] [Times: user=0.02 sys=0.00, real=0.01 secs] 
1.221: [GC (CMS Initial Mark) [1 CMS-initial-mark: 4799K(4800K)] 5353K(6016K), 0.0004426 secs] [Times: user=0.00 sys=0.00, real=0.00 secs] 
1.222: [CMS-concurrent-mark-start]
1.225: [CMS-concurrent-mark: 0.003/0.003 secs] [Times: user=0.00 sys=0.00, real=0.00 secs] 
1.225: [CMS-concurrent-preclean-start]
1.228: [CMS-concurrent-preclean: 0.003/0.003 secs] [Times: user=0.00 sys=0.00, real=0.00 secs] 
1.228: [GC (CMS Final Remark) [YG occupancy: 572 K (1216 K)]1.228: [Rescan (parallel) , 0.0005017 secs]1.228: [weak refs processing, 0.0000078 secs]1.228: [class unloading, 0.0003060 secs]1.229: [scrub symbol table, 0.0004488 secs]1.229: [scrub string table, 0.0001120 secs][1 CMS-remark: 4799K(4800K)] 5372K(6016K), 0.0014437 secs] [Times: user=0.00 sys=0.00, real=0.00 secs] 
1.230: [CMS-concurrent-sweep-start]
1.231: [CMS-concurrent-sweep: 0.001/0.001 secs] [Times: user=0.00 sys=0.00, real=0.00 secs] 
1.231: [CMS-concurrent-reset-start]
1.231: [CMS-concurrent-reset: 0.000/0.000 secs] [Times: user=0.00 sys=0.00, real=0.00 secs] 
1.250: [GC (Allocation Failure) 1.250: [ParNew: 1216K->1216K(1216K), 0.0000131 secs]1.250: [CMS: 4799K->4799K(4800K), 0.0090801 secs] 6015K->5415K(6016K), [Metaspace: 3301K->3301K(1056768K)], 0.0091469 secs] [Times: user=0.00 sys=0.00, real=0.01 secs] 
1.259: [GC (CMS Initial Mark) [1 CMS-initial-mark: 4799K(4800K)] 5431K(6016K), 0.0042426 secs] [Times: user=0.00 sys=0.00, real=0.00 secs] 
1.264: [CMS-concurrent-mark-start]
1.267: [CMS-concurrent-mark: 0.003/0.003 secs] [Times: user=0.01 sys=0.00, real=0.00 secs] 
1.267: [CMS-concurrent-preclean-start]
1.270: [CMS-concurrent-preclean: 0.003/0.003 secs] [Times: user=0.00 sys=0.00, real=0.00 secs] 
1.271: [GC (CMS Final Remark) [YG occupancy: 665 K (1216 K)]1.271: [Rescan (parallel) , 0.0010438 secs]1.272: [weak refs processing, 0.0000084 secs]1.272: [class unloading, 0.0002911 secs]1.272: [scrub symbol table, 0.0004323 secs]1.273: [scrub string table, 0.0000989 secs][1 CMS-remark: 4799K(4800K)] 5465K(6016K), 0.0019476 secs] [Times: user=0.00 sys=0.00, real=0.00 secs] 
1.274: [CMS-concurrent-sweep-start]
1.275: [CMS-concurrent-sweep: 0.001/0.001 secs] [Times: user=0.00 sys=0.00, real=0.00 secs] 
1.275: [CMS-concurrent-reset-start]
1.275: [CMS-concurrent-reset: 0.000/0.000 secs] [Times: user=0.00 sys=0.00, real=0.00 secs] 
1.318: [GC (Allocation Failure) 1.318: [ParNew: 1215K->1215K(1216K), 0.0000193 secs]1.318: [CMS: 4799K->4799K(4800K), 0.0098722 secs] 6015K->5485K(6016K), [Metaspace: 3301K->3301K(1056768K)], 0.0099634 secs] [Times: user=0.02 sys=0.00, real=0.01 secs] 
1.329: [GC (CMS Initial Mark) [1 CMS-initial-mark: 4799K(4800K)] 5561K(6016K), 0.0006432 secs] [Times: user=0.00 sys=0.00, real=0.00 secs] 
1.330: [CMS-concurrent-mark-start]
1.333: [CMS-concurrent-mark: 0.003/0.003 secs] [Times: user=0.00 sys=0.00, real=0.00 secs] 
1.333: [CMS-concurrent-preclean-start]
1.337: [CMS-concurrent-preclean: 0.003/0.003 secs] [Times: user=0.00 sys=0.00, real=0.00 secs] 
1.337: [GC (CMS Final Remark) [YG occupancy: 791 K (1216 K)]1.337: [Rescan (parallel) , 0.0009234 secs]1.338: [weak refs processing, 0.0000087 secs]1.338: [class unloading, 0.0003294 secs]1.338: [scrub symbol table, 0.0006040 secs]1.339: [scrub string table, 0.0001387 secs][1 CMS-remark: 4799K(4800K)] 5591K(6016K), 0.0020826 secs] [Times: user=0.00 sys=0.00, real=0.00 secs] 
1.339: [CMS-concurrent-sweep-start]
1.340: [CMS-concurrent-sweep: 0.001/0.001 secs] [Times: user=0.00 sys=0.00, real=0.00 secs] 
1.340: [CMS-concurrent-reset-start]
1.340: [CMS-concurrent-reset: 0.000/0.000 secs] [Times: user=0.00 sys=0.00, real=0.00 secs] 
1.374: [GC (Allocation Failure) 1.375: [ParNew: 1215K->1215K(1216K), 0.0000180 secs]1.375: [CMS: 4799K->4799K(4800K), 0.0098225 secs] 6015K->5548K(6016K), [Metaspace: 3301K->3301K(1056768K)], 0.0099123 secs] [Times: user=0.00 sys=0.00, real=0.01 secs] 
1.385: [GC (CMS Initial Mark) [1 CMS-initial-mark: 4799K(4800K)] 5588K(6016K), 0.0007433 secs] [Times: user=0.00 sys=0.00, real=0.00 secs] 
1.386: [CMS-concurrent-mark-start]
1.389: [CMS-concurrent-mark: 0.003/0.003 secs] [Times: user=0.02 sys=0.00, real=0.00 secs] 
1.389: [CMS-concurrent-preclean-start]
1.392: [CMS-concurrent-preclean: 0.003/0.003 secs] [Times: user=0.00 sys=0.00, real=0.00 secs] 
1.392: [GC (CMS Final Remark) [YG occupancy: 788 K (1216 K)]1.392: [Rescan (parallel) , 0.0114149 secs]1.404: [weak refs processing, 0.0000131 secs]1.404: [class unloading, 0.0003570 secs]1.404: [scrub symbol table, 0.0005135 secs]1.405: [scrub string table, 0.0001061 secs][1 CMS-remark: 4799K(4800K)] 5588K(6016K), 0.0124953 secs] [Times: user=0.00 sys=0.02, real=0.01 secs] 
1.405: [CMS-concurrent-sweep-start]
1.406: [CMS-concurrent-sweep: 0.001/0.001 secs] [Times: user=0.00 sys=0.00, real=0.00 secs] 
1.406: [CMS-concurrent-reset-start]
1.406: [CMS-concurrent-reset: 0.000/0.000 secs] [Times: user=0.00 sys=0.00, real=0.00 secs] 
1.451: [GC (Allocation Failure) 1.451: [ParNew: 1215K->1215K(1216K), 0.0000193 secs]1.451: [CMS: 4799K->4799K(4800K), 0.0104560 secs] 6015K->5603K(6016K), [Metaspace: 3301K->3301K(1056768K)], 0.0105412 secs] [Times: user=0.00 sys=0.02, real=0.01 secs] 
1.461: [GC (CMS Initial Mark) [1 CMS-initial-mark: 4799K(4800K)] 5603K(6016K), 0.0009613 secs] [Times: user=0.00 sys=0.00, real=0.00 secs] 
1.462: [CMS-concurrent-mark-start]
1.465: [CMS-concurrent-mark: 0.003/0.003 secs] [Times: user=0.00 sys=0.00, real=0.00 secs] 
1.465: [CMS-concurrent-preclean-start]
1.469: [CMS-concurrent-preclean: 0.003/0.003 secs] [Times: user=0.02 sys=0.00, real=0.00 secs] 
1.470: [GC (CMS Final Remark) [YG occupancy: 815 K (1216 K)]1.471: [Rescan (parallel) , 0.0082294 secs]1.479: [weak refs processing, 0.0000193 secs]1.479: [class unloading, 0.0004000 secs]1.479: [scrub symbol table, 0.0005825 secs]1.480: [scrub string table, 0.0001316 secs][1 CMS-remark: 4799K(4800K)] 5615K(6016K), 0.0094698 secs] [Times: user=0.00 sys=0.00, real=0.01 secs] 
1.480: [CMS-concurrent-sweep-start]
1.481: [CMS-concurrent-sweep: 0.001/0.001 secs] [Times: user=0.00 sys=0.00, real=0.00 secs] 
1.481: [CMS-concurrent-reset-start]
1.481: [CMS-concurrent-reset: 0.000/0.000 secs] [Times: user=0.00 sys=0.00, real=0.00 secs] 
1.488: [GC (Allocation Failure) 1.488: [ParNew: 1215K->1215K(1216K), 0.0000162 secs]1.488: [CMS: 4799K->4799K(4800K), 0.0101360 secs] 6015K->5651K(6016K), [Metaspace: 3301K->3301K(1056768K)], 0.0102128 secs] [Times: user=0.02 sys=0.00, real=0.01 secs] 
1.499: [GC (CMS Initial Mark) [1 CMS-initial-mark: 4799K(4800K)] 5694K(6016K), 0.0007203 secs] [Times: user=0.00 sys=0.00, real=0.00 secs] 
1.500: [CMS-concurrent-mark-start]
1.504: [CMS-concurrent-mark: 0.003/0.003 secs] [Times: user=0.00 sys=0.00, real=0.00 secs] 
1.504: [CMS-concurrent-preclean-start]
1.507: [CMS-concurrent-preclean: 0.003/0.003 secs] [Times: user=0.00 sys=0.00, real=0.00 secs] 
1.508: [GC (CMS Final Remark) [YG occupancy: 894 K (1216 K)]1.508: [Rescan (parallel) , 0.0008572 secs]1.509: [weak refs processing, 0.0000109 secs]1.509: [class unloading, 0.0003160 secs]1.509: [scrub symbol table, 0.0005776 secs]1.510: [scrub string table, 0.0001232 secs][1 CMS-remark: 4799K(4800K)] 5694K(6016K), 0.0019697 secs] [Times: user=0.00 sys=0.00, real=0.00 secs] 
1.510: [CMS-concurrent-sweep-start]
1.511: [CMS-concurrent-sweep: 0.001/0.001 secs] [Times: user=0.00 sys=0.00, real=0.00 secs] 
1.511: [CMS-concurrent-reset-start]
1.511: [CMS-concurrent-reset: 0.000/0.000 secs] [Times: user=0.00 sys=0.00, real=0.00 secs] 
1.518: [GC (Allocation Failure) 1.518: [ParNew: 1215K->1215K(1216K), 0.0000190 secs]1.518: [CMS: 4799K->4799K(4800K), 0.0102986 secs] 6015K->5694K(6016K), [Metaspace: 3301K->3301K(1056768K)], 0.0103770 secs] [Times: user=0.00 sys=0.00, real=0.01 secs] 
1.532: [GC (CMS Initial Mark) [1 CMS-initial-mark: 4799K(4800K)] 5732K(6016K), 0.0007275 secs] [Times: user=0.00 sys=0.00, real=0.00 secs] 
1.533: [CMS-concurrent-mark-start]
1.536: [CMS-concurrent-mark: 0.003/0.003 secs] [Times: user=0.00 sys=0.00, real=0.00 secs] 
1.536: [CMS-concurrent-preclean-start]
1.538: [Full GC (Allocation Failure) 1.538: [CMS1.539: [CMS-concurrent-preclean: 0.003/0.003 secs] [Times: user=0.00 sys=0.00, real=0.00 secs] 
 (concurrent mode failure): 4799K->4799K(4800K), 0.0108802 secs] 6015K->5732K(6016K), [Metaspace: 3301K->3301K(1056768K)], 0.0109409 secs] [Times: user=0.02 sys=0.00, real=0.01 secs] 
1.572: [Full GC (Allocation Failure) 1.572: [CMS: 4800K->4800K(4800K), 0.0094688 secs] 6015K->5765K(6016K), [Metaspace: 3301K->3301K(1056768K)], 0.0095307 secs] [Times: user=0.02 sys=0.00, real=0.01 secs] 
1.581: [GC (CMS Initial Mark) [1 CMS-initial-mark: 4800K(4800K)] 5773K(6016K), 0.0008289 secs] [Times: user=0.00 sys=0.00, real=0.00 secs] 
1.582: [CMS-concurrent-mark-start]
1.585: [CMS-concurrent-mark: 0.003/0.003 secs] [Times: user=0.00 sys=0.00, real=0.00 secs] 
1.585: [CMS-concurrent-preclean-start]
1.588: [CMS-concurrent-preclean: 0.003/0.003 secs] [Times: user=0.00 sys=0.00, real=0.00 secs] 
1.589: [GC (CMS Final Remark) [YG occupancy: 1040 K (1216 K)]1.589: [Rescan (parallel) , 0.0055672 secs]1.594: [weak refs processing, 0.0000103 secs]1.594: [class unloading, 0.0003303 secs]1.595: [scrub symbol table, 0.0004370 secs]1.595: [scrub string table, 0.0001005 secs][1 CMS-remark: 4800K(4800K)] 5840K(6016K), 0.0065245 secs] [Times: user=0.01 sys=0.00, real=0.01 secs] 
1.595: [CMS-concurrent-sweep-start]
1.596: [CMS-concurrent-sweep: 0.001/0.001 secs] [Times: user=0.00 sys=0.00, real=0.00 secs] 
1.597: [CMS-concurrent-reset-start]
1.597: [CMS-concurrent-reset: 0.000/0.000 secs] [Times: user=0.00 sys=0.00, real=0.00 secs] 
1.598: [GC (Allocation Failure) 1.598: [ParNew: 1215K->1215K(1216K), 0.0000115 secs]1.598: [CMS: 4799K->4799K(4800K), 0.0091880 secs] 6015K->5794K(6016K), [Metaspace: 3301K->3301K(1056768K)], 0.0092493 secs] [Times: user=0.02 sys=0.00, real=0.01 secs] 
1.608: [GC (CMS Initial Mark) [1 CMS-initial-mark: 4799K(4800K)] 5801K(6016K), 0.0008677 secs] [Times: user=0.00 sys=0.00, real=0.00 secs] 
1.608: [CMS-concurrent-mark-start]
1.611: [CMS-concurrent-mark: 0.003/0.003 secs] [Times: user=0.00 sys=0.00, real=0.00 secs] 
1.611: [CMS-concurrent-preclean-start]
1.615: [Full GC (Allocation Failure) 1.615: [CMS1.616: [CMS-concurrent-preclean: 0.003/0.004 secs] [Times: user=0.00 sys=0.00, real=0.00 secs] 
 (concurrent mode failure): 4800K->4799K(4800K), 0.0095348 secs] 6015K->5820K(6016K), [Metaspace: 3301K->3301K(1056768K)], 0.0095855 secs] [Times: user=0.01 sys=0.00, real=0.01 secs] 
1.667: [Full GC (Allocation Failure) 1.667: [CMS: 4800K->4799K(4800K), 0.0099326 secs] 6015K->5843K(6016K), [Metaspace: 3301K->3301K(1056768K)], 0.0099889 secs] [Times: user=0.02 sys=0.00, real=0.01 secs] 
1.677: [GC (CMS Initial Mark) [1 CMS-initial-mark: 4799K(4800K)] 5848K(6016K), 0.0008276 secs] [Times: user=0.00 sys=0.00, real=0.00 secs] 
1.678: [CMS-concurrent-mark-start]
1.681: [CMS-concurrent-mark: 0.003/0.003 secs] [Times: user=0.00 sys=0.00, real=0.00 secs] 
1.681: [CMS-concurrent-preclean-start]
1.684: [CMS-concurrent-preclean: 0.003/0.003 secs] [Times: user=0.00 sys=0.00, real=0.00 secs] 
1.684: [GC (CMS Final Remark) [YG occupancy: 1152 K (1216 K)]1.684: [Rescan (parallel) , 0.0009990 secs]1.685: [weak refs processing, 0.0000100 secs]1.685: [class unloading, 0.0003393 secs]1.685: [scrub symbol table, 0.0005203 secs]1.686: [scrub string table, 0.0001098 secs][1 CMS-remark: 4799K(4800K)] 5952K(6016K), 0.0020686 secs] [Times: user=0.03 sys=0.00, real=0.00 secs] 
1.686: [CMS-concurrent-sweep-start]
1.688: [CMS-concurrent-sweep: 0.002/0.002 secs] [Times: user=0.00 sys=0.00, real=0.00 secs] 
1.688: [CMS-concurrent-reset-start]
1.688: [CMS-concurrent-reset: 0.000/0.000 secs] [Times: user=0.00 sys=0.00, real=0.00 secs] 
1.689: [GC (Allocation Failure) 1.689: [ParNew: 1215K->1215K(1216K), 0.0000121 secs]1.689: [CMS: 4799K->4799K(4800K), 0.0095295 secs] 6015K->5864K(6016K), [Metaspace: 3301K->3301K(1056768K)], 0.0096001 secs] [Times: user=0.00 sys=0.00, real=0.01 secs] 
1.699: [GC (CMS Initial Mark) [1 CMS-initial-mark: 4799K(4800K)] 5864K(6016K), 0.0008951 secs] [Times: user=0.00 sys=0.00, real=0.00 secs] 
1.699: [CMS-concurrent-mark-start]
1.703: [CMS-concurrent-mark: 0.003/0.003 secs] [Times: user=0.02 sys=0.00, real=0.00 secs] 
1.703: [CMS-concurrent-preclean-start]
1.705: [Full GC (Allocation Failure) 1.705: [CMS1.706: [CMS-concurrent-preclean: 0.003/0.003 secs] [Times: user=0.00 sys=0.00, real=0.00 secs] 
 (concurrent mode failure): 4799K->4799K(4800K), 0.0106896 secs] 6015K->5881K(6016K), [Metaspace: 3301K->3301K(1056768K)], 0.0107527 secs] [Times: user=0.00 sys=0.00, real=0.01 secs] 
1.722: [Full GC (Allocation Failure) 1.722: [CMS: 4800K->4799K(4800K), 0.0092931 secs] 6015K->5897K(6016K), [Metaspace: 3301K->3301K(1056768K)], 0.0093594 secs] [Times: user=0.00 sys=0.00, real=0.01 secs] 
1.732: [GC (CMS Initial Mark) [1 CMS-initial-mark: 4799K(4800K)] 5897K(6016K), 0.0008568 secs] [Times: user=0.02 sys=0.00, real=0.00 secs] 
1.733: [CMS-concurrent-mark-start]
1.735: [Full GC (Allocation Failure) 1.735: [CMS1.736: [CMS-concurrent-mark: 0.003/0.003 secs] [Times: user=0.00 sys=0.00, real=0.00 secs] 
 (concurrent mode failure): 4800K->4800K(4800K), 0.0101621 secs] 6016K->5911K(6016K), [Metaspace: 3301K->3301K(1056768K)], 0.0102380 secs] [Times: user=0.00 sys=0.00, real=0.01 secs] 
1.747: [Full GC (Allocation Failure) 1.747: [CMS: 4800K->4799K(4800K), 0.0102955 secs] 6015K->5923K(6016K), [Metaspace: 3301K->3301K(1056768K)], 0.0103559 secs] [Times: user=0.02 sys=0.00, real=0.01 secs] 
1.765: [GC (CMS Initial Mark) [1 CMS-initial-mark: 4799K(4800K)] 5923K(6016K), 0.0009788 secs] [Times: user=0.00 sys=0.00, real=0.00 secs] 
1.766: [CMS-concurrent-mark-start]
1.768: [Full GC (Allocation Failure) 1.768: [CMS1.769: [CMS-concurrent-mark: 0.003/0.003 secs] [Times: user=0.00 sys=0.00, real=0.00 secs] 
 (concurrent mode failure): 4800K->4800K(4800K), 0.0102881 secs] 6015K->5934K(6016K), [Metaspace: 3301K->3301K(1056768K)], 0.0103496 secs] [Times: user=0.00 sys=0.00, real=0.01 secs] 
1.780: [Full GC (Allocation Failure) 1.780: [CMS: 4800K->4799K(4800K), 0.0094499 secs] 6015K->5944K(6016K), [Metaspace: 3301K->3301K(1056768K)], 0.0095090 secs] [Times: user=0.00 sys=0.00, real=0.01 secs] 
1.790: [GC (CMS Initial Mark) [1 CMS-initial-mark: 4799K(4800K)] 5944K(6016K), 0.0008410 secs] [Times: user=0.00 sys=0.00, real=0.00 secs] 
1.791: [CMS-concurrent-mark-start]
1.794: [CMS-concurrent-mark: 0.003/0.003 secs] [Times: user=0.01 sys=0.00, real=0.00 secs] 
1.794: [CMS-concurrent-preclean-start]
1.797: [Full GC (Allocation Failure) 1.797: [CMS1.797: [CMS-concurrent-preclean: 0.003/0.003 secs] [Times: user=0.00 sys=0.00, real=0.00 secs] 
 (concurrent mode failure): 4800K->4800K(4800K), 0.0094153 secs] 6015K->5952K(6016K), [Metaspace: 3301K->3301K(1056768K)], 0.0094738 secs] [Times: user=0.00 sys=0.00, real=0.01 secs] 
1.808: [Full GC (Allocation Failure) 1.808: [CMS: 4800K->4799K(4800K), 0.0096259 secs] 6015K->5960K(6016K), [Metaspace: 3301K->3301K(1056768K)], 0.0096688 secs] [Times: user=0.02 sys=0.00, real=0.01 secs] 
1.817: [GC (CMS Initial Mark) [1 CMS-initial-mark: 4799K(4800K)] 5960K(6016K), 0.0008606 secs] [Times: user=0.00 sys=0.00, real=0.00 secs] 
1.818: [CMS-concurrent-mark-start]
1.819: [Full GC (Allocation Failure) 1.819: [CMS1.821: [CMS-concurrent-mark: 0.003/0.003 secs] [Times: user=0.00 sys=0.00, real=0.00 secs] 
 (concurrent mode failure): 4800K->4799K(4800K), 0.0114898 secs] 6015K->5966K(6016K), [Metaspace: 3301K->3301K(1056768K)], 0.0115334 secs] [Times: user=0.01 sys=0.00, real=0.01 secs] 
1.835: [Full GC (Allocation Failure) 1.835: [CMS: 4800K->4800K(4800K), 0.0094511 secs] 6016K->5972K(6016K), [Metaspace: 3301K->3301K(1056768K)], 0.0094953 secs] [Times: user=0.02 sys=0.00, real=0.01 secs] 
1.845: [GC (CMS Initial Mark) [1 CMS-initial-mark: 4800K(4800K)] 5972K(6016K), 0.0008525 secs] [Times: user=0.00 sys=0.00, real=0.00 secs] 
1.846: [CMS-concurrent-mark-start]
1.846: [Full GC (Allocation Failure) 1.846: [CMS1.849: [CMS-concurrent-mark: 0.003/0.003 secs] [Times: user=0.00 sys=0.00, real=0.00 secs] 
 (concurrent mode failure): 4800K->4799K(4800K), 0.0113163 secs] 6015K->5977K(6016K), [Metaspace: 3301K->3301K(1056768K)], 0.0113642 secs] [Times: user=0.02 sys=0.00, real=0.01 secs] 
1.862: [Full GC (Allocation Failure) 1.862: [CMS: 4800K->4800K(4800K), 0.0091189 secs] 6015K->5982K(6016K), [Metaspace: 3301K->3301K(1056768K)], 0.0091740 secs] [Times: user=0.00 sys=0.00, real=0.01 secs] 
1.871: [GC (CMS Initial Mark) [1 CMS-initial-mark: 4800K(4800K)] 5982K(6016K), 0.0009592 secs] [Times: user=0.02 sys=0.00, real=0.00 secs] 
1.872: [CMS-concurrent-mark-start]
1.873: [Full GC (Allocation Failure) 1.873: [CMS1.875: [CMS-concurrent-mark: 0.003/0.003 secs] [Times: user=0.00 sys=0.00, real=0.00 secs] 
 (concurrent mode failure): 4800K->4799K(4800K), 0.0116699 secs] 6015K->5986K(6016K), [Metaspace: 3301K->3301K(1056768K)], 0.0117187 secs] [Times: user=0.00 sys=0.00, real=0.01 secs] 
1.885: [Full GC (Allocation Failure) 1.885: [CMS: 4800K->4800K(4800K), 0.0095009 secs] 6015K->5989K(6016K), [Metaspace: 3301K->3301K(1056768K)], 0.0095404 secs] [Times: user=0.02 sys=0.00, real=0.01 secs] 
1.895: [GC (CMS Initial Mark) [1 CMS-initial-mark: 4800K(4800K)] 5990K(6016K), 0.0008435 secs] [Times: user=0.00 sys=0.00, real=0.00 secs] 
1.896: [CMS-concurrent-mark-start]
1.896: [Full GC (Allocation Failure) 1.896: [CMS1.899: [CMS-concurrent-mark: 0.003/0.003 secs] [Times: user=0.00 sys=0.00, real=0.00 secs] 
 (concurrent mode failure): 4800K->4799K(4800K), 0.0121647 secs] 6015K->5992K(6016K), [Metaspace: 3301K->3301K(1056768K)], 0.0122061 secs] [Times: user=0.01 sys=0.00, real=0.01 secs] 
1.909: [Full GC (Allocation Failure) 1.909: [CMS: 4800K->4800K(4800K), 0.0093687 secs] 6016K->5995K(6016K), [Metaspace: 3301K->3301K(1056768K)], 0.0094178 secs] [Times: user=0.00 sys=0.00, real=0.01 secs] 
1.918: [GC (CMS Initial Mark) [1 CMS-initial-mark: 4800K(4800K)] 5995K(6016K), 0.0008394 secs] [Times: user=0.02 sys=0.00, real=0.00 secs] 
1.919: [CMS-concurrent-mark-start]
1.920: [Full GC (Allocation Failure) 1.920: [CMS1.923: [CMS-concurrent-mark: 0.003/0.003 secs] [Times: user=0.00 sys=0.00, real=0.00 secs] 
 (concurrent mode failure): 4800K->4799K(4800K), 0.0118839 secs] 6015K->5997K(6016K), [Metaspace: 3301K->3301K(1056768K)], 0.0119467 secs] [Times: user=0.00 sys=0.00, real=0.01 secs] 
1.932: [Full GC (Allocation Failure) 1.932: [CMS: 4799K->4799K(4800K), 0.0097142 secs] 6015K->5999K(6016K), [Metaspace: 3301K->3301K(1056768K)], 0.0097590 secs] [Times: user=0.02 sys=0.00, real=0.01 secs] 
1.942: [GC (CMS Initial Mark) [1 CMS-initial-mark: 4799K(4800K)] 5999K(6016K), 0.0008758 secs] [Times: user=0.00 sys=0.00, real=0.00 secs] 
1.943: [CMS-concurrent-mark-start]
1.943: [Full GC (Allocation Failure) 1.943: [CMS1.946: [CMS-concurrent-mark: 0.003/0.003 secs] [Times: user=0.00 sys=0.00, real=0.00 secs] 
 (concurrent mode failure): 4800K->4800K(4800K), 0.0123830 secs] 6015K->6001K(6016K), [Metaspace: 3301K->3301K(1056768K)], 0.0124294 secs] [Times: user=0.01 sys=0.00, real=0.01 secs] 
1.956: [Full GC (Allocation Failure) 1.956: [CMS: 4800K->4799K(4800K), 0.0092682 secs] 6015K->6003K(6016K), [Metaspace: 3301K->3301K(1056768K)], 0.0093177 secs] [Times: user=0.00 sys=0.00, real=0.01 secs] 
1.965: [GC (CMS Initial Mark) [1 CMS-initial-mark: 4799K(4800K)] 6003K(6016K), 0.0009237 secs] [Times: user=0.02 sys=0.00, real=0.00 secs] 
1.966: [CMS-concurrent-mark-start]
1.967: [Full GC (Allocation Failure) 1.967: [CMS1.969: [CMS-concurrent-mark: 0.003/0.003 secs] [Times: user=0.00 sys=0.00, real=0.00 secs] 
 (concurrent mode failure): 4800K->4799K(4800K), 0.0120285 secs] 6016K->6004K(6016K), [Metaspace: 3301K->3301K(1056768K)], 0.0120730 secs] [Times: user=0.00 sys=0.00, real=0.01 secs] 
1.979: [Full GC (Allocation Failure) 1.979: [CMS: 4799K->4799K(4800K), 0.0099242 secs] 6015K->6006K(6016K), [Metaspace: 3301K->3301K(1056768K)], 0.0099686 secs] [Times: user=0.01 sys=0.00, real=0.01 secs] 
1.989: [GC (CMS Initial Mark) [1 CMS-initial-mark: 4799K(4800K)] 6006K(6016K), 0.0008836 secs] [Times: user=0.00 sys=0.00, real=0.00 secs] 
1.990: [CMS-concurrent-mark-start]
1.990: [Full GC (Allocation Failure) 1.990: [CMS1.993: [CMS-concurrent-mark: 0.003/0.003 secs] [Times: user=0.00 sys=0.00, real=0.00 secs] 
 (concurrent mode failure): 4799K->4799K(4800K), 0.0121485 secs] 6015K->6007K(6016K), [Metaspace: 3301K->3301K(1056768K)], 0.0121902 secs] [Times: user=0.02 sys=0.00, real=0.01 secs] 
2.003: [Full GC (Allocation Failure) 2.003: [CMS: 4800K->4800K(4800K), 0.0091270 secs] 6015K->6008K(6016K), [Metaspace: 3301K->3301K(1056768K)], 0.0091678 secs] [Times: user=0.00 sys=0.00, real=0.01 secs] 
2.012: [GC (CMS Initial Mark) [1 CMS-initial-mark: 4800K(4800K)] 6008K(6016K), 0.0008500 secs] [Times: user=0.02 sys=0.00, real=0.00 secs] 
2.013: [CMS-concurrent-mark-start]
2.013: [Full GC (Allocation Failure) 2.013: [CMS2.016: [CMS-concurrent-mark: 0.003/0.003 secs] [Times: user=0.00 sys=0.00, real=0.00 secs] 
 (concurrent mode failure): 4800K->4799K(4800K), 0.0119433 secs] 6015K->6009K(6016K), [Metaspace: 3301K->3301K(1056768K)], 0.0119828 secs] [Times: user=0.00 sys=0.00, real=0.01 secs] 
2.025: [Full GC (Allocation Failure) 2.025: [CMS: 4799K->4799K(4800K), 0.0095842 secs] 6015K->6010K(6016K), [Metaspace: 3301K->3301K(1056768K)], 0.0096265 secs] [Times: user=0.01 sys=0.00, real=0.01 secs] 
2.035: [GC (CMS Initial Mark) [1 CMS-initial-mark: 4799K(4800K)] 6010K(6016K), 0.0009023 secs] [Times: user=0.00 sys=0.00, real=0.00 secs] 
2.036: [CMS-concurrent-mark-start]
2.036: [Full GC (Allocation Failure) 2.036: [CMS2.039: [CMS-concurrent-mark: 0.003/0.003 secs] [Times: user=0.00 sys=0.00, real=0.00 secs] 
 (concurrent mode failure): 4799K->4799K(4800K), 0.0127656 secs] 6015K->6010K(6016K), [Metaspace: 3301K->3301K(1056768K)], 0.0128163 secs] [Times: user=0.02 sys=0.00, real=0.01 secs] 
2.049: [Full GC (Allocation Failure) 2.049: [CMS: 4800K->4799K(4800K), 0.0096554 secs] 6016K->6011K(6016K), [Metaspace: 3301K->3301K(1056768K)], 0.0097089 secs] [Times: user=0.00 sys=0.00, real=0.01 secs] 
2.059: [GC (CMS Initial Mark) [1 CMS-initial-mark: 4799K(4800K)] 6011K(6016K), 0.0009495 secs] [Times: user=0.01 sys=0.00, real=0.00 secs] 
2.060: [CMS-concurrent-mark-start]
2.060: [Full GC (Allocation Failure) 2.060: [CMS2.063: [CMS-concurrent-mark: 0.003/0.003 secs] [Times: user=0.00 sys=0.00, real=0.00 secs] 
 (concurrent mode failure): 4799K->4799K(4800K), 0.0129360 secs] 6015K->6011K(6016K), [Metaspace: 3301K->3301K(1056768K)], 0.0129768 secs] [Times: user=0.00 sys=0.00, real=0.01 secs] 
2.073: [Full GC (Allocation Failure) 2.073: [CMS: 4800K->4799K(4800K), 0.0097453 secs] 6016K->6012K(6016K), [Metaspace: 3301K->3301K(1056768K)], 0.0097907 secs] [Times: user=0.02 sys=0.00, real=0.01 secs] 
2.083: [GC (CMS Initial Mark) [1 CMS-initial-mark: 4799K(4800K)] 6012K(6016K), 0.0008428 secs] [Times: user=0.00 sys=0.00, real=0.00 secs] 
2.084: [CMS-concurrent-mark-start]
2.084: [Full GC (Allocation Failure) 2.084: [CMS2.088: [CMS-concurrent-mark: 0.003/0.004 secs] [Times: user=0.00 sys=0.00, real=0.00 secs] 
 (concurrent mode failure): 4799K->4799K(4800K), 0.0133242 secs] 6015K->6012K(6016K), [Metaspace: 3301K->3301K(1056768K)], 0.0133643 secs] [Times: user=0.02 sys=0.00, real=0.01 secs] 
2.098: [Full GC (Allocation Failure) 2.098: [CMS: 4800K->4800K(4800K), 0.0101736 secs] 6015K->6013K(6016K), [Metaspace: 3301K->3301K(1056768K)], 0.0102122 secs] [Times: user=0.01 sys=0.00, real=0.01 secs] 
2.108: [GC (CMS Initial Mark) [1 CMS-initial-mark: 4800K(4800K)] 6013K(6016K), 0.0008512 secs] [Times: user=0.00 sys=0.00, real=0.00 secs] 
2.109: [CMS-concurrent-mark-start]
2.109: [Full GC (Allocation Failure) 2.109: [CMS2.112: [CMS-concurrent-mark: 0.003/0.003 secs] [Times: user=0.00 sys=0.00, real=0.00 secs] 
 (concurrent mode failure): 4800K->4799K(4800K), 0.0132582 secs] 6015K->6013K(6016K), [Metaspace: 3301K->3301K(1056768K)], 0.0133037 secs] [Times: user=0.02 sys=0.00, real=0.01 secs] 
2.123: [Full GC (Allocation Failure) 2.123: [CMS: 4800K->4799K(4800K), 0.0098567 secs] 6015K->6013K(6016K), [Metaspace: 3301K->3301K(1056768K)], 0.0099064 secs] [Times: user=0.00 sys=0.00, real=0.01 secs] 
2.133: [GC (CMS Initial Mark) [1 CMS-initial-mark: 4799K(4800K)] 6013K(6016K), 0.0009334 secs] [Times: user=0.00 sys=0.00, real=0.00 secs] 
2.134: [CMS-concurrent-mark-start]
2.134: [Full GC (Allocation Failure) 2.134: [CMS2.137: [CMS-concurrent-mark: 0.003/0.003 secs] [Times: user=0.00 sys=0.00, real=0.00 secs] 
 (concurrent mode failure): 4799K->4799K(4800K), 0.0128023 secs] 6015K->6014K(6016K), [Metaspace: 3301K->3301K(1056768K)], 0.0128489 secs] [Times: user=0.01 sys=0.00, real=0.01 secs] 
2.147: [Full GC (Allocation Failure) 2.147: [CMS: 4800K->4800K(4800K), 0.0100772 secs] 6016K->6014K(6016K), [Metaspace: 3301K->3301K(1056768K)], 0.0101251 secs] [Times: user=0.02 sys=0.00, real=0.01 secs] 
2.157: [GC (CMS Initial Mark) [1 CMS-initial-mark: 4800K(4800K)] 6014K(6016K), 0.0008528 secs] [Times: user=0.00 sys=0.00, real=0.00 secs] 
2.158: [CMS-concurrent-mark-start]
2.158: [Full GC (Allocation Failure) 2.158: [CMS2.161: [CMS-concurrent-mark: 0.003/0.003 secs] [Times: user=0.00 sys=0.00, real=0.00 secs] 
 (concurrent mode failure): 4800K->4799K(4800K), 0.0132032 secs] 6015K->6014K(6016K), [Metaspace: 3301K->3301K(1056768K)], 0.0132492 secs] [Times: user=0.02 sys=0.00, real=0.01 secs] 
2.172: [Full GC (Allocation Failure) 2.172: [CMS: 4799K->4799K(4800K), 0.0094216 secs] 6015K->6014K(6016K), [Metaspace: 3301K->3301K(1056768K)], 0.0094648 secs] [Times: user=0.00 sys=0.00, real=0.01 secs] 
2.181: [GC (CMS Initial Mark) [1 CMS-initial-mark: 4799K(4800K)] 6014K(6016K), 0.0008957 secs] [Times: user=0.00 sys=0.00, real=0.00 secs] 
2.182: [CMS-concurrent-mark-start]
2.182: [Full GC (Allocation Failure) 2.182: [CMS2.185: [CMS-concurrent-mark: 0.003/0.003 secs] [Times: user=0.01 sys=0.00, real=0.00 secs] 
 (concurrent mode failure): 4799K->4799K(4800K), 0.0127849 secs] 6015K->6014K(6016K), [Metaspace: 3301K->3301K(1056768K)], 0.0128266 secs] [Times: user=0.01 sys=0.00, real=0.01 secs] 
2.195: [Full GC (Allocation Failure) 2.195: [CMS: 4800K->4800K(4800K), 0.0095687 secs] 6016K->6014K(6016K), [Metaspace: 3301K->3301K(1056768K)], 0.0096076 secs] [Times: user=0.02 sys=0.00, real=0.01 secs] 
2.205: [GC (CMS Initial Mark) [1 CMS-initial-mark: 4800K(4800K)] 6015K(6016K), 0.0008450 secs] [Times: user=0.00 sys=0.00, real=0.00 secs] 
2.206: [CMS-concurrent-mark-start]
2.206: [Full GC (Allocation Failure) 2.206: [CMS2.209: [CMS-concurrent-mark: 0.003/0.003 secs] [Times: user=0.00 sys=0.00, real=0.00 secs] 
 (concurrent mode failure): 4800K->4799K(4800K), 0.0123218 secs] 6015K->6015K(6016K), [Metaspace: 3301K->3301K(1056768K)], 0.0123603 secs] [Times: user=0.01 sys=0.00, real=0.01 secs] 
2.218: [Full GC (Allocation Failure) 2.218: [CMS: 4800K->4800K(4800K), 0.0091404 secs] 6015K->6015K(6016K), [Metaspace: 3301K->3301K(1056768K)], 0.0091877 secs] [Times: user=0.00 sys=0.00, real=0.01 secs] 
2.228: [GC (CMS Initial Mark) [1 CMS-initial-mark: 4800K(4800K)] 6015K(6016K), 0.0008491 secs] [Times: user=0.00 sys=0.00, real=0.00 secs] 
2.229: [CMS-concurrent-mark-start]
2.229: [Full GC (Allocation Failure) 2.229: [CMS2.232: [CMS-concurrent-mark: 0.003/0.003 secs] [Times: user=0.02 sys=0.00, real=0.00 secs] 
 (concurrent mode failure): 4800K->4799K(4800K), 0.0120151 secs] 6015K->6015K(6016K), [Metaspace: 3301K->3301K(1056768K)], 0.0120577 secs] [Times: user=0.02 sys=0.00, real=0.01 secs] 
2.241: [Full GC (Allocation Failure) 2.241: [CMS: 4800K->4799K(4800K), 0.0091115 secs] 6015K->6015K(6016K), [Metaspace: 3301K->3301K(1056768K)], 0.0091566 secs] [Times: user=0.02 sys=0.00, real=0.01 secs] 
2.250: [GC (CMS Initial Mark) [1 CMS-initial-mark: 4799K(4800K)] 6015K(6016K), 0.0008587 secs] [Times: user=0.00 sys=0.00, real=0.00 secs] 
2.251: [CMS-concurrent-mark-start]
2.251: [Full GC (Allocation Failure) 2.251: [CMS2.254: [CMS-concurrent-mark: 0.003/0.003 secs] [Times: user=0.00 sys=0.00, real=0.00 secs] 
 (concurrent mode failure): 4800K->4800K(4800K), 0.0121224 secs] 6016K->6015K(6016K), [Metaspace: 3301K->3301K(1056768K)], 0.0121666 secs] [Times: user=0.01 sys=0.00, real=0.01 secs] 
2.263: [Full GC (Allocation Failure) 2.263: [CMS: 4800K->4799K(4800K), 0.0091684 secs] 6015K->6015K(6016K), [Metaspace: 3301K->3301K(1056768K)], 0.0092116 secs] [Times: user=0.00 sys=0.00, real=0.01 secs] 
2.273: [GC (CMS Initial Mark) [1 CMS-initial-mark: 4799K(4800K)] 6015K(6016K), 0.0009355 secs] [Times: user=0.00 sys=0.00, real=0.00 secs] 
2.274: [CMS-concurrent-mark-start]
2.274: [Full GC (Allocation Failure) 2.274: [CMS2.277: [CMS-concurrent-mark: 0.003/0.003 secs] [Times: user=0.00 sys=0.00, real=0.00 secs] 
 (concurrent mode failure): 4800K->4800K(4800K), 0.0122664 secs] 6015K->6015K(6016K), [Metaspace: 3301K->3301K(1056768K)], 0.0123112 secs] [Times: user=0.02 sys=0.00, real=0.01 secs] 
2.286: [Full GC (Allocation Failure) 2.286: [CMS: 4800K->4799K(4800K), 0.0100377 secs] 6015K->6015K(6016K), [Metaspace: 3301K->3301K(1056768K)], 0.0100840 secs] [Times: user=0.02 sys=0.00, real=0.01 secs] 
2.296: [GC (CMS Initial Mark) [1 CMS-initial-mark: 4799K(4800K)] 6015K(6016K), 0.0008932 secs] [Times: user=0.00 sys=0.00, real=0.00 secs] 
2.297: [CMS-concurrent-mark-start]
2.297: [Full GC (Allocation Failure) 2.297: [CMS2.300: [CMS-concurrent-mark: 0.003/0.003 secs] [Times: user=0.00 sys=0.00, real=0.00 secs] 
 (concurrent mode failure): 4800K->4800K(4800K), 0.0136072 secs] 6015K->6015K(6016K), [Metaspace: 3301K->3301K(1056768K)], 0.0136563 secs] [Times: user=0.02 sys=0.00, real=0.01 secs] 
2.311: [Full GC (Allocation Failure) 2.311: [CMS: 4800K->4799K(4800K), 0.0099344 secs] 6015K->6015K(6016K), [Metaspace: 3301K->3301K(1056768K)], 0.0100231 secs] [Times: user=0.00 sys=0.00, real=0.01 secs] 
2.321: [GC (CMS Initial Mark) [1 CMS-initial-mark: 4799K(4800K)] 6015K(6016K), 0.0010618 secs] [Times: user=0.00 sys=0.00, real=0.00 secs] 
2.322: [CMS-concurrent-mark-start]
2.323: [Full GC (Allocation Failure) 2.323: [CMS2.326: [CMS-concurrent-mark: 0.003/0.003 secs] [Times: user=0.02 sys=0.00, real=0.00 secs] 
 (concurrent mode failure): 4800K->4800K(4800K), 0.0125865 secs] 6015K->6015K(6016K), [Metaspace: 3301K->3301K(1056768K)], 0.0126331 secs] [Times: user=0.02 sys=0.00, real=0.01 secs] 
2.335: [Full GC (Allocation Failure) 2.335: [CMS: 4800K->4799K(4800K), 0.0104106 secs] 6015K->6015K(6016K), [Metaspace: 3301K->3301K(1056768K)], 0.0104600 secs] [Times: user=0.01 sys=0.00, real=0.01 secs] 
2.346: [GC (CMS Initial Mark) [1 CMS-initial-mark: 4799K(4800K)] 6015K(6016K), 0.0008559 secs] [Times: user=0.00 sys=0.00, real=0.00 secs] 
2.347: [CMS-concurrent-mark-start]
2.347: [Full GC (Allocation Failure) 2.347: [CMS2.350: [CMS-concurrent-mark: 0.003/0.003 secs] [Times: user=0.00 sys=0.00, real=0.00 secs] 
 (concurrent mode failure): 4799K->4799K(4800K), 0.0130054 secs] 6015K->6015K(6016K), [Metaspace: 3301K->3301K(1056768K)], 0.0130502 secs] [Times: user=0.02 sys=0.00, real=0.01 secs] 
2.360: [Full GC (Allocation Failure) 2.360: [CMS: 4799K->4799K(4800K), 0.0093628 secs] 6015K->6015K(6016K), [Metaspace: 3301K->3301K(1056768K)], 0.0094060 secs] [Times: user=0.00 sys=0.00, real=0.01 secs] 
2.370: [GC (CMS Initial Mark) [1 CMS-initial-mark: 4799K(4800K)] 6015K(6016K), 0.0009175 secs] [Times: user=0.00 sys=0.00, real=0.00 secs] 
2.371: [CMS-concurrent-mark-start]
2.371: [Full GC (Allocation Failure) 2.371: [CMS2.374: [CMS-concurrent-mark: 0.003/0.003 secs] [Times: user=0.01 sys=0.00, real=0.00 secs] 
 (concurrent mode failure): 4800K->4799K(4800K), 0.0126157 secs] 6016K->6015K(6016K), [Metaspace: 3301K->3301K(1056768K)], 0.0126754 secs] [Times: user=0.01 sys=0.00, real=0.01 secs] 
2.384: [Full GC (Allocation Failure) 2.384: [CMS: 4800K->4799K(4800K), 0.0096016 secs] 6015K->6015K(6016K), [Metaspace: 3301K->3301K(1056768K)], 0.0096483 secs] [Times: user=0.02 sys=0.00, real=0.01 secs] 
2.394: [GC (CMS Initial Mark) [1 CMS-initial-mark: 4799K(4800K)] 6015K(6016K), 0.0008982 secs] [Times: user=0.00 sys=0.00, real=0.00 secs] 
2.394: [CMS-concurrent-mark-start]
2.394: [Full GC (Allocation Failure) 2.395: [CMS2.397: [CMS-concurrent-mark: 0.003/0.003 secs] [Times: user=0.00 sys=0.00, real=0.00 secs] 
 (concurrent mode failure): 4799K->4799K(4800K), 0.0122720 secs] 6015K->6015K(6016K), [Metaspace: 3301K->3301K(1056768K)], 0.0123152 secs] [Times: user=0.02 sys=0.00, real=0.01 secs] 
2.407: [Full GC (Allocation Failure) 2.407: [CMS: 4799K->4799K(4800K), 0.0091096 secs] 6015K->6015K(6016K), [Metaspace: 3301K->3301K(1056768K)], 0.0091504 secs] [Times: user=0.00 sys=0.00, real=0.01 secs] 
2.416: [GC (CMS Initial Mark) [1 CMS-initial-mark: 4799K(4800K)] 6015K(6016K), 0.0008379 secs] [Times: user=0.00 sys=0.00, real=0.00 secs] 
2.417: [CMS-concurrent-mark-start]
2.417: [Full GC (Allocation Failure) 2.417: [CMS2.420: [CMS-concurrent-mark: 0.003/0.003 secs] [Times: user=0.02 sys=0.00, real=0.00 secs] 
 (concurrent mode failure): 4799K->4799K(4800K), 0.0121156 secs] 6015K->6015K(6016K), [Metaspace: 3301K->3301K(1056768K)], 0.0121591 secs] [Times: user=0.02 sys=0.00, real=0.01 secs] 
2.429: [Full GC (Allocation Failure) 2.429: [CMS: 4800K->4800K(4800K), 0.0092123 secs] 6016K->6015K(6016K), [Metaspace: 3301K->3301K(1056768K)], 0.0092539 secs] [Times: user=0.02 sys=0.00, real=0.01 secs] 
2.439: [GC (CMS Initial Mark) [1 CMS-initial-mark: 4800K(4800K)] 6015K(6016K), 0.0009529 secs] [Times: user=0.00 sys=0.00, real=0.00 secs] 
2.440: [CMS-concurrent-mark-start]
2.440: [Full GC (Allocation Failure) 2.440: [CMS2.443: [CMS-concurrent-mark: 0.003/0.003 secs] [Times: user=0.00 sys=0.00, real=0.00 secs] 
 (concurrent mode failure): 4800K->4799K(4800K), 0.0124608 secs] 6015K->6015K(6016K), [Metaspace: 3301K->3301K(1056768K)], 0.0125103 secs] [Times: user=0.02 sys=0.00, real=0.01 secs] 
2.452: [Full GC (Allocation Failure) 2.452: [CMS: 4800K->4799K(4800K), 0.0093958 secs] 6015K->6015K(6016K), [Metaspace: 3301K->3301K(1056768K)], 0.0094371 secs] [Times: user=0.00 sys=0.00, real=0.01 secs] 
2.462: [GC (CMS Initial Mark) [1 CMS-initial-mark: 4799K(4800K)] 6015K(6016K), 0.0008914 secs] [Times: user=0.00 sys=0.00, real=0.00 secs] 
2.463: [CMS-concurrent-mark-start]
2.463: [Full GC (Allocation Failure) 2.463: [CMS2.466: [CMS-concurrent-mark: 0.003/0.003 secs] [Times: user=0.02 sys=0.00, real=0.00 secs] 
 (concurrent mode failure): 4799K->4799K(4800K), 0.0124462 secs] 6015K->6015K(6016K), [Metaspace: 3301K->3301K(1056768K)], 0.0124981 secs] [Times: user=0.02 sys=0.00, real=0.01 secs] 
2.476: [Full GC (Allocation Failure) 2.476: [CMS: 4800K->4799K(4800K), 0.0098346 secs] 6015K->6015K(6016K), [Metaspace: 3301K->3301K(1056768K)], 0.0098865 secs] [Times: user=0.02 sys=0.00, real=0.01 secs] 
2.486: [Full GC (Allocation Failure) 2.486: [CMS: 4799K->4799K(4800K), 0.0096567 secs] 6015K->6015K(6016K), [Metaspace: 3301K->3301K(1056768K)], 0.0096984 secs] [Times: user=0.00 sys=0.00, real=0.01 secs] 
2.497: [GC (CMS Initial Mark) [1 CMS-initial-mark: 4799K(4800K)] 6015K(6016K), 0.0008823 secs] [Times: user=0.00 sys=0.00, real=0.00 secs] 
2.498: [CMS-concurrent-mark-start]
2.543: [Full GC (Allocation Failure) 2.543: [CMS2.545: [CMS-concurrent-mark: 0.003/0.048 secs] [Times: user=0.03 sys=0.03, real=0.05 secs] 
 (concurrent mode failure): 4800K->902K(4800K), 0.0056185 secs] 6015K->902K(6016K), [Metaspace: 3301K->3301K(1056768K)], 0.0056745 secs] [Times: user=0.00 sys=0.00, real=0.01 secs] 
Heap
 par new generation   total 1216K, used 45K [0x00000000ffa00000, 0x00000000ffb50000, 0x00000000ffb50000)
  eden space 1088K,   4% used [0x00000000ffa00000, 0x00000000ffa0b620, 0x00000000ffb10000)
  from space 128K,   0% used [0x00000000ffb30000, 0x00000000ffb30000, 0x00000000ffb50000)
  to   space 128K,   0% used [0x00000000ffb10000, 0x00000000ffb10000, 0x00000000ffb30000)
 concurrent mark-sweep generation total 4800K, used 902K [0x00000000ffb50000, 0x0000000100000000, 0x0000000100000000)
 Metaspace       used 3332K, capacity 4564K, committed 4864K, reserved 1056768K
  class space    used 353K, capacity 388K, committed 512K, reserved 1048576K
