Java HotSpot(TM) 64-Bit Server VM (25.211-b12) for windows-amd64 JRE (1.8.0_211-b12), built on Apr  1 2019 20:53:26 by "java_re" with MS VC++ 10.0 (VS2010)
Memory: 4k page, physical 16687976k(2882632k free), swap 33374052k(17417876k free)
CommandLine flags: -XX:InitialHeapSize=209715200 -XX:MaxHeapSize=209715200 -XX:MaxNewSize=104857600 -XX:MaxTenuringThreshold=15 -XX:NewSize=104857600 -XX:OldPLABSize=16 -XX:PretenureSizeThreshold=20971520 -XX:+PrintGC -XX:+PrintGCDetails -XX:+PrintGCTimeStamps -XX:SurvivorRatio=8 -XX:+UseCompressedClassPointers -XX:+UseCompressedOops -XX:+UseConcMarkSweepGC -XX:-UseLargePagesIndividualAllocation -XX:+UseParNewGC 
30.265: [GC (Allocation Failure) 30.265: [ParNew: 76595K->1102K(92160K), 0.0183687 secs] 76595K->42064K(194560K), 0.0185192 secs] [Times: user=0.05 sys=0.02, real=0.02 secs] 
31.289: [GC (Allocation Failure) 31.289: [ParNew: 74385K->1100K(92160K), 0.0125492 secs] 115348K->72784K(194560K), 0.0126003 secs] [Times: user=0.03 sys=0.00, real=0.01 secs] 
31.303: [GC (CMS Initial Mark) [1 CMS-initial-mark: 71684K(102400K)] 84662K(194560K), 0.0003116 secs] [Times: user=0.00 sys=0.00, real=0.00 secs] 
31.303: [CMS-concurrent-mark-start]
31.304: [CMS-concurrent-mark: 0.001/0.001 secs] [Times: user=0.00 sys=0.00, real=0.00 secs] 
31.304: [CMS-concurrent-preclean-start]
31.304: [CMS-concurrent-preclean: 0.000/0.000 secs] [Times: user=0.00 sys=0.00, real=0.00 secs] 
31.304: [CMS-concurrent-abortable-preclean-start]
32.308: [GC (Allocation Failure) 32.308: [ParNew: 75949K->75949K(92160K), 0.0000190 secs]32.308: [CMS32.308: [CMS-concurrent-abortable-preclean: 0.075/1.003 secs] [Times: user=0.06 sys=0.00, real=1.00 secs] 
 (concurrent mode failure): 71684K->21377K(102400K), 0.0068337 secs] 147633K->21377K(194560K), [Metaspace: 3233K->3233K(1056768K)], 0.0069522 secs] [Times: user=0.00 sys=0.00, real=0.01 secs] 
33.325: [GC (Allocation Failure) 33.325: [ParNew: 73223K->0K(92160K), 0.0040249 secs] 94601K->31619K(194560K), 0.0042351 secs] [Times: user=0.01 sys=0.00, real=0.01 secs] 
34.340: [GC (Allocation Failure) 34.340: [ParNew: 73244K->0K(92160K), 0.0029208 secs] 104864K->41861K(194560K), 0.0030128 secs] [Times: user=0.05 sys=0.02, real=0.00 secs] 
35.354: [GC (Allocation Failure) 35.354: [ParNew: 73258K->0K(92160K), 0.0038106 secs] 115119K->52103K(194560K), 0.0039365 secs] [Times: user=0.06 sys=0.00, real=0.00 secs] 
35.359: [GC (CMS Initial Mark) [1 CMS-initial-mark: 52103K(102400K)] 62343K(194560K), 0.0001449 secs] [Times: user=0.00 sys=0.00, real=0.00 secs] 
35.360: [CMS-concurrent-mark-start]
35.362: [CMS-concurrent-mark: 0.002/0.002 secs] [Times: user=0.00 sys=0.00, real=0.00 secs] 
35.362: [CMS-concurrent-preclean-start]
35.362: [CMS-concurrent-preclean: 0.000/0.000 secs] [Times: user=0.00 sys=0.00, real=0.00 secs] 
35.362: [CMS-concurrent-abortable-preclean-start]
36.367: [GC (Allocation Failure) 36.367: [ParNew: 73267K->0K(92160K), 0.0022437 secs] 125370K->62343K(194560K), 0.0023227 secs] [Times: user=0.00 sys=0.00, real=0.00 secs] 
36.569: [CMS-concurrent-abortable-preclean: 0.003/1.207 secs] [Times: user=0.02 sys=0.00, real=1.21 secs] 
36.569: [GC (CMS Final Remark) [YG occupancy: 73272 K (92160 K)]36.569: [Rescan (parallel) , 0.0002510 secs]36.569: [weak refs processing, 0.0000128 secs]36.569: [class unloading, 0.0004102 secs]36.570: [scrub symbol table, 0.0006967 secs]36.570: [scrub string table, 0.0001735 secs][1 CMS-remark: 62343K(102400K)] 135616K(194560K), 0.0016447 secs] [Times: user=0.00 sys=0.00, real=0.00 secs] 
36.571: [CMS-concurrent-sweep-start]
36.571: [CMS-concurrent-sweep: 0.000/0.000 secs] [Times: user=0.00 sys=0.00, real=0.00 secs] 
36.571: [CMS-concurrent-reset-start]
36.571: [CMS-concurrent-reset: 0.000/0.000 secs] [Times: user=0.00 sys=0.00, real=0.00 secs] 
37.375: [GC (Allocation Failure) 37.375: [ParNew: 73272K->0K(92160K), 0.0004628 secs] 94656K->21383K(194560K), 0.0005247 secs] [Times: user=0.00 sys=0.00, real=0.00 secs] 
37.382: [GC (Allocation Failure) 37.382: [ParNew: 73276K->0K(92160K), 0.0078930 secs] 94659K->62343K(194560K), 0.0079565 secs] [Times: user=0.06 sys=0.00, real=0.01 secs] 
37.391: [GC (CMS Initial Mark) [1 CMS-initial-mark: 62343K(102400K)] 72583K(194560K), 0.0001319 secs] [Times: user=0.00 sys=0.00, real=0.00 secs] 
37.391: [CMS-concurrent-mark-start]
37.392: [CMS-concurrent-mark: 0.001/0.001 secs] [Times: user=0.00 sys=0.00, real=0.00 secs] 
37.392: [CMS-concurrent-preclean-start]
37.392: [CMS-concurrent-preclean: 0.000/0.000 secs] [Times: user=0.00 sys=0.00, real=0.00 secs] 
37.392: [CMS-concurrent-abortable-preclean-start]
38.394: [GC (Allocation Failure) 38.394: [ParNew: 73278K->73278K(92160K), 0.0000128 secs]38.394: [CMS38.394: [CMS-concurrent-abortable-preclean: 0.003/1.002 secs] [Times: user=0.00 sys=0.00, real=1.00 secs] 
 (concurrent mode failure): 62343K->31617K(102400K), 0.0070781 secs] 135621K->31617K(194560K), [Metaspace: 3233K->3233K(1056768K)], 0.0071487 secs] [Times: user=0.02 sys=0.00, real=0.01 secs] 
39.408: [GC (Allocation Failure) 39.408: [ParNew: 73280K->0K(92160K), 0.0054556 secs] 104897K->52099K(194560K), 0.0055597 secs] [Times: user=0.06 sys=0.00, real=0.00 secs] 
39.415: [GC (CMS Initial Mark) [1 CMS-initial-mark: 52099K(102400K)] 62339K(194560K), 0.0002078 secs] [Times: user=0.00 sys=0.00, real=0.00 secs] 
39.416: [CMS-concurrent-mark-start]
39.418: [CMS-concurrent-mark: 0.002/0.002 secs] [Times: user=0.00 sys=0.00, real=0.00 secs] 
39.418: [CMS-concurrent-preclean-start]
39.418: [CMS-concurrent-preclean: 0.000/0.000 secs] [Times: user=0.00 sys=0.00, real=0.00 secs] 
39.418: [CMS-concurrent-abortable-preclean-start]
40.424: [GC (Allocation Failure) 40.424: [ParNew: 73280K->0K(92160K), 0.0028685 secs] 125380K->62341K(194560K), 0.0029606 secs] [Times: user=0.00 sys=0.00, real=0.00 secs] 
40.627: [CMS-concurrent-abortable-preclean: 0.004/1.209 secs] [Times: user=0.03 sys=0.00, real=1.21 secs] 
40.627: [GC (CMS Final Remark) [YG occupancy: 42561 K (92160 K)]40.628: [Rescan (parallel) , 0.0003263 secs]40.628: [weak refs processing, 0.0000249 secs]40.628: [class unloading, 0.0004497 secs]40.628: [scrub symbol table, 0.0009629 secs]40.629: [scrub string table, 0.0002924 secs][1 CMS-remark: 62341K(102400K)] 104902K(194560K), 0.0022670 secs] [Times: user=0.01 sys=0.00, real=0.00 secs] 
40.630: [CMS-concurrent-sweep-start]
40.631: [CMS-concurrent-sweep: 0.001/0.001 secs] [Times: user=0.00 sys=0.00, real=0.00 secs] 
40.631: [CMS-concurrent-reset-start]
40.631: [CMS-concurrent-reset: 0.000/0.000 secs] [Times: user=0.00 sys=0.00, real=0.00 secs] 
41.434: [GC (Allocation Failure) 41.434: [ParNew: 73281K->0K(92160K), 0.0028912 secs] 104902K->41863K(194560K), 0.0029945 secs] [Times: user=0.00 sys=0.00, real=0.00 secs] 
42.446: [GC (Allocation Failure) 42.446: [ParNew: 73281K->0K(92160K), 0.0032753 secs] 115145K->52103K(194560K), 0.0033864 secs] [Times: user=0.00 sys=0.00, real=0.00 secs] 
43.459: [GC (Allocation Failure) 43.459: [ParNew: 73282K->0K(92160K), 0.0023152 secs] 125385K->62343K(194560K), 0.0023902 secs] [Times: user=0.00 sys=0.00, real=0.00 secs] 
43.462: [GC (CMS Initial Mark) [1 CMS-initial-mark: 62343K(102400K)] 72583K(194560K), 0.0002308 secs] [Times: user=0.00 sys=0.00, real=0.00 secs] 
43.463: [CMS-concurrent-mark-start]
43.464: [CMS-concurrent-mark: 0.001/0.001 secs] [Times: user=0.00 sys=0.00, real=0.00 secs] 
43.464: [CMS-concurrent-preclean-start]
43.464: [CMS-concurrent-preclean: 0.000/0.000 secs] [Times: user=0.00 sys=0.00, real=0.00 secs] 
43.464: [CMS-concurrent-abortable-preclean-start]
44.467: [GC (Allocation Failure) 44.467: [ParNew: 73282K->0K(92160K), 0.0003064 secs] 135625K->62343K(194560K), 0.0003536 secs] [Times: user=0.00 sys=0.00, real=0.00 secs] 
44.472: [GC (Allocation Failure) 44.472: [ParNew (promotion failed): 73282K->73282K(92160K), 0.0073733 secs]44.479: [CMS44.479: [CMS-concurrent-abortable-preclean: 0.003/1.015 secs] [Times: user=0.00 sys=0.00, real=1.01 secs] 
 (concurrent mode failure): 82823K->41857K(102400K), 0.0083300 secs] 135625K->41857K(194560K), [Metaspace: 3233K->3233K(1056768K)], 0.0158112 secs] [Times: user=0.02 sys=0.00, real=0.02 secs] 
45.492: [GC (Allocation Failure) 45.492: [ParNew: 73282K->0K(92160K), 0.0044737 secs] 115139K->72579K(194560K), 0.0045455 secs] [Times: user=0.06 sys=0.00, real=0.01 secs] 
45.498: [GC (CMS Initial Mark) [1 CMS-initial-mark: 72579K(102400K)] 82819K(194560K), 0.0001219 secs] [Times: user=0.00 sys=0.00, real=0.00 secs] 
45.498: [CMS-concurrent-mark-start]
45.499: [CMS-concurrent-mark: 0.001/0.001 secs] [Times: user=0.00 sys=0.00, real=0.00 secs] 
45.499: [CMS-concurrent-preclean-start]
45.499: [CMS-concurrent-preclean: 0.000/0.000 secs] [Times: user=0.00 sys=0.00, real=0.00 secs] 
45.499: [CMS-concurrent-abortable-preclean-start]
46.499: [CMS-concurrent-abortable-preclean: 0.002/1.000 secs] [Times: user=0.00 sys=0.00, real=1.00 secs] 
46.500: [GC (CMS Final Remark) [YG occupancy: 32322 K (92160 K)]46.500: [Rescan (parallel) , 0.0001776 secs]46.500: [weak refs processing, 0.0000162 secs]46.500: [class unloading, 0.0003549 secs]46.500: [scrub symbol table, 0.0006538 secs]46.501: [scrub string table, 0.0002019 secs][1 CMS-remark: 72579K(102400K)] 104901K(194560K), 0.0015178 secs] [Times: user=0.00 sys=0.00, real=0.00 secs] 
46.501: [CMS-concurrent-sweep-start]
46.502: [CMS-concurrent-sweep: 0.000/0.000 secs] [Times: user=0.00 sys=0.00, real=0.00 secs] 
46.502: [CMS-concurrent-reset-start]
46.502: [CMS-concurrent-reset: 0.000/0.000 secs] [Times: user=0.00 sys=0.00, real=0.00 secs] 
46.506: [GC (Allocation Failure) 46.506: [ParNew: 73282K->0K(92160K), 0.0055660 secs] 104901K->52101K(194560K), 0.0056543 secs] [Times: user=0.06 sys=0.00, real=0.00 secs] 
46.514: [GC (CMS Initial Mark) [1 CMS-initial-mark: 52101K(102400K)] 62341K(194560K), 0.0001661 secs] [Times: user=0.00 sys=0.00, real=0.00 secs] 
46.514: [CMS-concurrent-mark-start]
46.516: [CMS-concurrent-mark: 0.002/0.002 secs] [Times: user=0.00 sys=0.00, real=0.00 secs] 
46.516: [CMS-concurrent-preclean-start]
46.516: [CMS-concurrent-preclean: 0.000/0.000 secs] [Times: user=0.00 sys=0.00, real=0.00 secs] 
46.516: [CMS-concurrent-abortable-preclean-start]
47.519: [GC (Allocation Failure) 47.519: [ParNew: 73282K->0K(92160K), 0.0018711 secs] 125383K->62341K(194560K), 0.0019504 secs] [Times: user=0.00 sys=0.00, real=0.00 secs] 
47.721: [CMS-concurrent-abortable-preclean: 0.003/1.205 secs] [Times: user=0.01 sys=0.00, real=1.20 secs] 
47.722: [GC (CMS Final Remark) [YG occupancy: 42562 K (92160 K)]47.722: [Rescan (parallel) , 0.0002068 secs]47.722: [weak refs processing, 0.0000149 secs]47.722: [class unloading, 0.0002715 secs]47.722: [scrub symbol table, 0.0005810 secs]47.723: [scrub string table, 0.0001776 secs][1 CMS-remark: 62341K(102400K)] 104903K(194560K), 0.0013582 secs] [Times: user=0.00 sys=0.00, real=0.00 secs] 
47.723: [CMS-concurrent-sweep-start]
47.723: [CMS-concurrent-sweep: 0.000/0.000 secs] [Times: user=0.00 sys=0.00, real=0.00 secs] 
47.724: [CMS-concurrent-reset-start]
47.724: [CMS-concurrent-reset: 0.000/0.000 secs] [Times: user=0.00 sys=0.00, real=0.00 secs] 
48.528: [GC (Allocation Failure) 48.528: [ParNew: 73282K->0K(92160K), 0.0026293 secs] 104903K->41861K(194560K), 0.0027177 secs] [Times: user=0.00 sys=0.00, real=0.00 secs] 
49.541: [GC (Allocation Failure) 49.541: [ParNew: 73282K->0K(92160K), 0.0032819 secs] 115144K->52101K(194560K), 0.0033839 secs] [Times: user=0.00 sys=0.00, real=0.00 secs] 
50.553: [GC (Allocation Failure) 50.553: [ParNew: 73282K->0K(92160K), 0.0052487 secs] 125384K->62341K(194560K), 0.0054126 secs] [Times: user=0.00 sys=0.00, real=0.01 secs] 
50.561: [GC (CMS Initial Mark) [1 CMS-initial-mark: 62341K(102400K)] 72581K(194560K), 0.0002777 secs] [Times: user=0.00 sys=0.00, real=0.00 secs] 
50.562: [CMS-concurrent-mark-start]
50.565: [CMS-concurrent-mark: 0.004/0.004 secs] [Times: user=0.00 sys=0.00, real=0.00 secs] 
50.565: [CMS-concurrent-preclean-start]
50.566: [CMS-concurrent-preclean: 0.000/0.000 secs] [Times: user=0.00 sys=0.00, real=0.00 secs] 
50.566: [CMS-concurrent-abortable-preclean-start]
51.571: [GC (Allocation Failure) 51.571: [ParNew: 73282K->0K(92160K), 0.0004336 secs] 135624K->62341K(194560K), 0.0004768 secs] [Times: user=0.00 sys=0.00, real=0.00 secs] 
51.575: [GC (Allocation Failure) 51.575: [ParNew (promotion failed): 73282K->73282K(92160K), 0.0029693 secs]51.578: [CMS51.578: [CMS-concurrent-abortable-preclean: 0.003/1.013 secs] [Times: user=0.02 sys=0.00, real=1.01 secs] 
 (concurrent mode failure): 82821K->41857K(102400K), 0.0080012 secs] 135624K->41857K(194560K), [Metaspace: 3233K->3233K(1056768K)], 0.0110651 secs] [Times: user=0.02 sys=0.00, real=0.01 secs] 
52.593: [GC (Allocation Failure) 52.593: [ParNew: 73282K->0K(92160K), 0.0073692 secs] 115139K->72579K(194560K), 0.0074607 secs] [Times: user=0.05 sys=0.00, real=0.01 secs] 
52.602: [GC (CMS Initial Mark) [1 CMS-initial-mark: 72579K(102400K)] 82819K(194560K), 0.0001216 secs] [Times: user=0.00 sys=0.00, real=0.00 secs] 
52.603: [CMS-concurrent-mark-start]
52.604: [CMS-concurrent-mark: 0.002/0.002 secs] [Times: user=0.00 sys=0.00, real=0.00 secs] 
52.604: [CMS-concurrent-preclean-start]
52.605: [CMS-concurrent-preclean: 0.000/0.000 secs] [Times: user=0.00 sys=0.00, real=0.00 secs] 
52.605: [CMS-concurrent-abortable-preclean-start]
53.605: [CMS-concurrent-abortable-preclean: 0.003/1.000 secs] [Times: user=0.00 sys=0.00, real=1.00 secs] 
53.605: [GC (CMS Final Remark) [YG occupancy: 42562 K (92160 K)]53.605: [Rescan (parallel) , 0.0001704 secs]53.605: [weak refs processing, 0.0000103 secs]53.605: [class unloading, 0.0002404 secs]53.606: [scrub symbol table, 0.0004855 secs]53.606: [scrub string table, 0.0001347 secs][1 CMS-remark: 72579K(102400K)] 115141K(194560K), 0.0011159 secs] [Times: user=0.00 sys=0.00, real=0.00 secs] 
53.606: [CMS-concurrent-sweep-start]
53.607: [CMS-concurrent-sweep: 0.000/0.000 secs] [Times: user=0.00 sys=0.00, real=0.00 secs] 
53.607: [CMS-concurrent-reset-start]
53.607: [CMS-concurrent-reset: 0.000/0.000 secs] [Times: user=0.00 sys=0.00, real=0.00 secs] 
53.609: [GC (Allocation Failure) 53.609: [ParNew: 73282K->0K(92160K), 0.0037845 secs] 104901K->52101K(194560K), 0.0038504 secs] [Times: user=0.00 sys=0.00, real=0.00 secs] 
53.614: [GC (CMS Initial Mark) [1 CMS-initial-mark: 52101K(102400K)] 62341K(194560K), 0.0001045 secs] [Times: user=0.00 sys=0.00, real=0.00 secs] 
53.614: [CMS-concurrent-mark-start]
53.615: [CMS-concurrent-mark: 0.001/0.001 secs] [Times: user=0.00 sys=0.00, real=0.00 secs] 
53.615: [CMS-concurrent-preclean-start]
53.615: [CMS-concurrent-preclean: 0.000/0.000 secs] [Times: user=0.00 sys=0.00, real=0.00 secs] 
53.615: [CMS-concurrent-abortable-preclean-start]
54.622: [GC (Allocation Failure) 54.622: [ParNew: 73282K->0K(92160K), 0.0035680 secs] 125384K->62341K(194560K), 0.0036921 secs] [Times: user=0.06 sys=0.00, real=0.00 secs] 
54.826: [CMS-concurrent-abortable-preclean: 0.004/1.210 secs] [Times: user=0.06 sys=0.00, real=1.21 secs] 
54.826: [GC (CMS Final Remark) [YG occupancy: 42562 K (92160 K)]54.826: [Rescan (parallel) , 0.0002933 secs]54.826: [weak refs processing, 0.0000694 secs]54.827: [class unloading, 0.0005508 secs]54.827: [scrub symbol table, 0.0010842 secs]54.828: [scrub string table, 0.0003822 secs][1 CMS-remark: 62341K(102400K)] 104904K(194560K), 0.0026881 secs] [Times: user=0.00 sys=0.00, real=0.00 secs] 
54.829: [CMS-concurrent-sweep-start]
54.830: [CMS-concurrent-sweep: 0.001/0.001 secs] [Times: user=0.00 sys=0.00, real=0.00 secs] 
54.830: [CMS-concurrent-reset-start]
54.830: [CMS-concurrent-reset: 0.000/0.000 secs] [Times: user=0.00 sys=0.00, real=0.00 secs] 
55.636: [GC (Allocation Failure) 55.636: [ParNew: 73282K->0K(92160K), 0.0030001 secs] 104904K->41861K(194560K), 0.0030791 secs] [Times: user=0.05 sys=0.00, real=0.00 secs] 
56.645: [GC (Allocation Failure) 56.645: [ParNew: 73282K->0K(92160K), 0.0015924 secs] 115144K->52101K(194560K), 0.0016577 secs] [Times: user=0.00 sys=0.00, real=0.00 secs] 
57.651: [GC (Allocation Failure) 57.651: [ParNew: 73282K->0K(92160K), 0.0015747 secs] 125384K->62343K(194560K), 0.0016384 secs] [Times: user=0.00 sys=0.00, real=0.00 secs] 
57.653: [GC (CMS Initial Mark) [1 CMS-initial-mark: 62343K(102400K)] 72583K(194560K), 0.0000818 secs] [Times: user=0.00 sys=0.00, real=0.00 secs] 
57.653: [CMS-concurrent-mark-start]
57.654: [CMS-concurrent-mark: 0.001/0.001 secs] [Times: user=0.00 sys=0.00, real=0.00 secs] 
57.654: [CMS-concurrent-preclean-start]
57.654: [CMS-concurrent-preclean: 0.000/0.000 secs] [Times: user=0.00 sys=0.00, real=0.00 secs] 
57.654: [CMS-concurrent-abortable-preclean-start]
58.656: [GC (Allocation Failure) 58.656: [ParNew: 73282K->0K(92160K), 0.0003928 secs] 135626K->62343K(194560K), 0.0004382 secs] [Times: user=0.00 sys=0.00, real=0.00 secs] 
58.660: [GC (Allocation Failure) 58.660: [ParNew (promotion failed): 73282K->73282K(92160K), 0.0030172 secs]58.663: [CMS58.663: [CMS-concurrent-abortable-preclean: 0.003/1.009 secs] [Times: user=0.05 sys=0.00, real=1.01 secs] 
 (concurrent mode failure): 82823K->41857K(102400K), 0.0080718 secs] 135626K->41857K(194560K), [Metaspace: 3233K->3233K(1056768K)], 0.0111590 secs] [Times: user=0.05 sys=0.00, real=0.01 secs] 
59.675: [GC (Allocation Failure) 59.675: [ParNew: 73282K->0K(92160K), 0.0046227 secs] 115139K->72579K(194560K), 0.0046845 secs] [Times: user=0.03 sys=0.00, real=0.00 secs] 
59.680: [GC (CMS Initial Mark) [1 CMS-initial-mark: 72579K(102400K)] 82819K(194560K), 0.0001110 secs] [Times: user=0.00 sys=0.00, real=0.00 secs] 
59.681: [CMS-concurrent-mark-start]
59.682: [CMS-concurrent-mark: 0.001/0.001 secs] [Times: user=0.00 sys=0.00, real=0.00 secs] 
59.682: [CMS-concurrent-preclean-start]
59.682: [CMS-concurrent-preclean: 0.000/0.000 secs] [Times: user=0.00 sys=0.00, real=0.00 secs] 
59.682: [CMS-concurrent-abortable-preclean-start]
60.682: [CMS-concurrent-abortable-preclean: 0.001/1.001 secs] [Times: user=0.00 sys=0.00, real=1.00 secs] 
60.682: [GC (CMS Final Remark) [YG occupancy: 42562 K (92160 K)]60.683: [Rescan (parallel) , 0.0000952 secs]60.683: [weak refs processing, 0.0000072 secs]60.683: [class unloading, 0.0002115 secs]60.683: [scrub symbol table, 0.0004199 secs]60.683: [scrub string table, 0.0001005 secs][1 CMS-remark: 72579K(102400K)] 115141K(194560K), 0.0008852 secs] [Times: user=0.00 sys=0.00, real=0.00 secs] 
60.683: [CMS-concurrent-sweep-start]
60.684: [CMS-concurrent-sweep: 0.000/0.000 secs] [Times: user=0.00 sys=0.00, real=0.00 secs] 
60.684: [CMS-concurrent-reset-start]
60.684: [CMS-concurrent-reset: 0.000/0.000 secs] [Times: user=0.00 sys=0.00, real=0.00 secs] 
60.686: [GC (Allocation Failure) 60.686: [ParNew: 73282K->0K(92160K), 0.0031077 secs] 104901K->52101K(194560K), 0.0031522 secs] [Times: user=0.00 sys=0.00, real=0.00 secs] 
60.690: [GC (CMS Initial Mark) [1 CMS-initial-mark: 52101K(102400K)] 62341K(194560K), 0.0001418 secs] [Times: user=0.00 sys=0.00, real=0.00 secs] 
60.690: [CMS-concurrent-mark-start]
60.691: [CMS-concurrent-mark: 0.001/0.001 secs] [Times: user=0.03 sys=0.00, real=0.00 secs] 
60.691: [CMS-concurrent-preclean-start]
60.691: [CMS-concurrent-preclean: 0.000/0.000 secs] [Times: user=0.00 sys=0.00, real=0.00 secs] 
60.691: [CMS-concurrent-abortable-preclean-start]
61.696: [GC (Allocation Failure) 61.696: [ParNew: 73282K->0K(92160K), 0.0018428 secs] 125384K->62341K(194560K), 0.0018957 secs] [Times: user=0.00 sys=0.00, real=0.00 secs] 
61.898: [CMS-concurrent-abortable-preclean: 0.003/1.207 secs] [Times: user=0.00 sys=0.00, real=1.21 secs] 
61.898: [GC (CMS Final Remark) [YG occupancy: 42562 K (92160 K)]61.898: [Rescan (parallel) , 0.0001536 secs]61.898: [weak refs processing, 0.0000087 secs]61.898: [class unloading, 0.0002025 secs]61.898: [scrub symbol table, 0.0004177 secs]61.899: [scrub string table, 0.0001098 secs][1 CMS-remark: 62341K(102400K)] 104904K(194560K), 0.0009595 secs] [Times: user=0.00 sys=0.00, real=0.00 secs] 
61.899: [CMS-concurrent-sweep-start]
61.899: [CMS-concurrent-sweep: 0.000/0.000 secs] [Times: user=0.00 sys=0.00, real=0.00 secs] 
61.899: [CMS-concurrent-reset-start]
61.899: [CMS-concurrent-reset: 0.000/0.000 secs] [Times: user=0.00 sys=0.00, real=0.00 secs] 
62.703: [GC (Allocation Failure) 62.703: [ParNew: 73282K->0K(92160K), 0.0017840 secs] 104904K->41861K(194560K), 0.0018437 secs] [Times: user=0.05 sys=0.00, real=0.00 secs] 
63.710: [GC (Allocation Failure) 63.710: [ParNew: 73282K->0K(92160K), 0.0032476 secs] 115144K->52101K(194560K), 0.0033263 secs] [Times: user=0.00 sys=0.00, real=0.00 secs] 
64.723: [GC (Allocation Failure) 64.723: [ParNew: 73282K->0K(92160K), 0.0023681 secs] 125384K->62341K(194560K), 0.0024415 secs] [Times: user=0.00 sys=0.00, real=0.00 secs] 
64.727: [GC (CMS Initial Mark) [1 CMS-initial-mark: 62341K(102400K)] 72581K(194560K), 0.0001823 secs] [Times: user=0.00 sys=0.00, real=0.00 secs] 
64.727: [CMS-concurrent-mark-start]
64.728: [CMS-concurrent-mark: 0.001/0.001 secs] [Times: user=0.00 sys=0.00, real=0.00 secs] 
64.728: [CMS-concurrent-preclean-start]
64.728: [CMS-concurrent-preclean: 0.000/0.000 secs] [Times: user=0.00 sys=0.00, real=0.00 secs] 
64.728: [CMS-concurrent-abortable-preclean-start]
65.732: [GC (Allocation Failure) 65.732: [ParNew: 73282K->0K(92160K), 0.0003875 secs] 135624K->62341K(194560K), 0.0004426 secs] [Times: user=0.00 sys=0.00, real=0.00 secs] 
65.737: [GC (Allocation Failure) 65.737: [ParNew (promotion failed): 73282K->73282K(92160K), 0.0029407 secs]65.740: [CMS65.740: [CMS-concurrent-abortable-preclean: 0.003/1.011 secs] [Times: user=0.02 sys=0.00, real=1.01 secs] 
 (concurrent mode failure): 82821K->41857K(102400K), 0.0081515 secs] 135624K->41857K(194560K), [Metaspace: 3233K->3233K(1056768K)], 0.0111618 secs] [Times: user=0.02 sys=0.00, real=0.01 secs] 
66.757: [GC (Allocation Failure) 66.757: [ParNew: 73282K->0K(92160K), 0.0096649 secs] 115139K->72579K(194560K), 0.0097492 secs] [Times: user=0.06 sys=0.00, real=0.01 secs] 
66.769: [GC (CMS Initial Mark) [1 CMS-initial-mark: 72579K(102400K)] 82819K(194560K), 0.0001599 secs] [Times: user=0.00 sys=0.00, real=0.00 secs] 
66.769: [CMS-concurrent-mark-start]
66.770: [CMS-concurrent-mark: 0.001/0.001 secs] [Times: user=0.00 sys=0.00, real=0.00 secs] 
66.770: [CMS-concurrent-preclean-start]
66.771: [CMS-concurrent-preclean: 0.000/0.000 secs] [Times: user=0.00 sys=0.00, real=0.00 secs] 
66.771: [CMS-concurrent-abortable-preclean-start]
67.779: [GC (Allocation Failure) 67.779: [ParNew: 73282K->73282K(92160K), 0.0000320 secs]67.779: [CMS67.779: [CMS-concurrent-abortable-preclean: 0.003/1.008 secs] [Times: user=0.02 sys=0.00, real=1.01 secs] 
 (concurrent mode failure): 72579K->21377K(102400K), 0.0092319 secs] 145862K->21377K(194560K), [Metaspace: 3233K->3233K(1056768K)], 0.0093787 secs] [Times: user=0.00 sys=0.00, real=0.01 secs] 
68.795: [GC (Allocation Failure) 68.795: [ParNew: 73282K->0K(92160K), 0.0025867 secs] 94659K->31619K(194560K), 0.0026713 secs] [Times: user=0.00 sys=0.00, real=0.00 secs] 
69.807: [GC (Allocation Failure) 69.807: [ParNew: 73282K->0K(92160K), 0.0032896 secs] 104901K->41861K(194560K), 0.0034000 secs] [Times: user=0.00 sys=0.00, real=0.00 secs] 
70.820: [GC (Allocation Failure) 70.820: [ParNew: 73282K->0K(92160K), 0.0016021 secs] 115144K->52103K(194560K), 0.0016624 secs] [Times: user=0.00 sys=0.00, real=0.00 secs] 
71.825: [GC (Allocation Failure) 71.825: [ParNew: 73282K->0K(92160K), 0.0020487 secs] 125386K->62343K(194560K), 0.0021187 secs] [Times: user=0.00 sys=0.00, real=0.00 secs] 
72.833: [GC (Allocation Failure) 72.833: [ParNew: 73282K->0K(92160K), 0.0003636 secs] 135626K->62343K(194560K), 0.0004109 secs] [Times: user=0.00 sys=0.00, real=0.00 secs] 
72.839: [GC (Allocation Failure) 72.839: [ParNew (promotion failed): 73282K->73282K(92160K), 0.0047076 secs]72.843: [CMS: 93063K->41857K(102400K), 0.0087785 secs] 135626K->41857K(194560K), [Metaspace: 3233K->3233K(1056768K)], 0.0135632 secs] [Times: user=0.02 sys=0.02, real=0.01 secs] 
72.853: [GC (CMS Initial Mark) [1 CMS-initial-mark: 41857K(102400K)] 52097K(194560K), 0.0001067 secs] [Times: user=0.00 sys=0.00, real=0.00 secs] 
72.853: [CMS-concurrent-mark-start]
72.854: [CMS-concurrent-mark: 0.001/0.001 secs] [Times: user=0.00 sys=0.00, real=0.00 secs] 
72.854: [CMS-concurrent-preclean-start]
72.854: [CMS-concurrent-preclean: 0.000/0.000 secs] [Times: user=0.00 sys=0.00, real=0.00 secs] 
72.854: [CMS-concurrent-abortable-preclean-start]
73.856: [GC (Allocation Failure) 73.856: [ParNew: 73282K->0K(92160K), 0.0048351 secs] 115139K->72579K(194560K), 0.0048995 secs] [Times: user=0.05 sys=0.00, real=0.01 secs] 
74.869: [GC (Allocation Failure) 74.869: [ParNew: 73282K->73282K(92160K), 0.0000280 secs]74.869: [CMS74.869: [CMS-concurrent-abortable-preclean: 0.006/2.015 secs] [Times: user=0.05 sys=0.00, real=2.01 secs] 
 (concurrent mode failure): 72579K->21377K(102400K), 0.0095641 secs] 145862K->21377K(194560K), [Metaspace: 3233K->3233K(1056768K)], 0.0097056 secs] [Times: user=0.01 sys=0.00, real=0.01 secs] 
75.889: [GC (Allocation Failure) 75.889: [ParNew: 73282K->0K(92160K), 0.0021165 secs] 94659K->31619K(194560K), 0.0021818 secs] [Times: user=0.00 sys=0.00, real=0.00 secs] 
76.902: [GC (Allocation Failure) 76.902: [ParNew: 73282K->0K(92160K), 0.0045430 secs] 104901K->41859K(194560K), 0.0046625 secs] [Times: user=0.00 sys=0.00, real=0.01 secs] 
77.914: [GC (Allocation Failure) 77.914: [ParNew: 73282K->0K(92160K), 0.0026343 secs] 115141K->52099K(194560K), 0.0026975 secs] [Times: user=0.00 sys=0.00, real=0.00 secs] 
78.921: [GC (Allocation Failure) 78.921: [ParNew: 73282K->0K(92160K), 0.0021305 secs] 125381K->62339K(194560K), 0.0021933 secs] [Times: user=0.00 sys=0.00, real=0.00 secs] 
79.928: [GC (Allocation Failure) 79.928: [ParNew: 73282K->0K(92160K), 0.0003829 secs] 135622K->62339K(194560K), 0.0004211 secs] [Times: user=0.00 sys=0.00, real=0.00 secs] 
79.932: [GC (Allocation Failure) 79.932: [ParNew (promotion failed): 73282K->73282K(92160K), 0.0045999 secs]79.937: [CMS: 93059K->41857K(102400K), 0.0096219 secs] 135622K->41857K(194560K), [Metaspace: 3233K->3233K(1056768K)], 0.0143174 secs] [Times: user=0.02 sys=0.00, real=0.02 secs] 
79.948: [GC (CMS Initial Mark) [1 CMS-initial-mark: 41857K(102400K)] 52097K(194560K), 0.0001434 secs] [Times: user=0.00 sys=0.00, real=0.00 secs] 
79.948: [CMS-concurrent-mark-start]
79.949: [CMS-concurrent-mark: 0.001/0.001 secs] [Times: user=0.00 sys=0.00, real=0.00 secs] 
79.949: [CMS-concurrent-preclean-start]
79.949: [CMS-concurrent-preclean: 0.000/0.000 secs] [Times: user=0.00 sys=0.00, real=0.00 secs] 
79.949: [CMS-concurrent-abortable-preclean-start]
81.115: [GC (Allocation Failure) 81.115: [ParNew81.126: [CMS-concurrent-abortable-preclean: 0.002/1.177 secs] [Times: user=0.00 sys=0.00, real=1.18 secs] 
: 73282K->0K(92160K), 0.0107830 secs] 115139K->72579K(194560K), 0.0108421 secs] [Times: user=0.00 sys=0.00, real=0.01 secs] 
81.128: [GC (CMS Final Remark) [YG occupancy: 10240 K (92160 K)]81.128: [Rescan (parallel) , 0.0001064 secs]81.128: [weak refs processing, 0.0000081 secs]81.128: [class unloading, 0.0002485 secs]81.129: [scrub symbol table, 0.0006037 secs]81.129: [scrub string table, 0.0001188 secs][1 CMS-remark: 72579K(102400K)] 82819K(194560K), 0.0011644 secs] [Times: user=0.00 sys=0.00, real=0.00 secs] 
81.129: [CMS-concurrent-sweep-start]
81.130: [CMS-concurrent-sweep: 0.001/0.001 secs] [Times: user=0.00 sys=0.00, real=0.00 secs] 
81.130: [CMS-concurrent-reset-start]
81.130: [CMS-concurrent-reset: 0.000/0.000 secs] [Times: user=0.00 sys=0.00, real=0.00 secs] 
82.133: [GC (Allocation Failure) 82.133: [ParNew: 73282K->73282K(92160K), 0.0000137 secs]82.133: [CMS: 72579K->21377K(102400K), 0.0052699 secs] 145862K->21377K(194560K), [Metaspace: 3233K->3233K(1056768K)], 0.0053514 secs] [Times: user=0.00 sys=0.00, real=0.01 secs] 
83.143: [GC (Allocation Failure) 83.143: [ParNew: 73282K->0K(92160K), 0.0016966 secs] 94659K->31619K(194560K), 0.0017616 secs] [Times: user=0.00 sys=0.00, real=0.00 secs] 
84.152: [GC (Allocation Failure) 84.152: [ParNew: 73282K->0K(92160K), 0.0036016 secs] 104901K->41861K(194560K), 0.0037176 secs] [Times: user=0.03 sys=0.00, real=0.00 secs] 
85.168: [GC (Allocation Failure) 85.168: [ParNew: 73282K->0K(92160K), 0.0049725 secs] 115144K->52103K(194560K), 0.0051119 secs] [Times: user=0.00 sys=0.00, real=0.01 secs] 
86.186: [GC (Allocation Failure) 86.186: [ParNew: 73282K->0K(92160K), 0.0016674 secs] 125386K->62343K(194560K), 0.0017171 secs] [Times: user=0.00 sys=0.00, real=0.00 secs] 
87.191: [GC (Allocation Failure) 87.191: [ParNew: 73282K->0K(92160K), 0.0003197 secs] 135626K->62343K(194560K), 0.0003689 secs] [Times: user=0.00 sys=0.00, real=0.00 secs] 
87.196: [GC (Allocation Failure) 87.196: [ParNew (promotion failed): 73282K->73282K(92160K), 0.0053203 secs]87.201: [CMS: 93063K->41857K(102400K), 0.0088864 secs] 135626K->41857K(194560K), [Metaspace: 3233K->3233K(1056768K)], 0.0143087 secs] [Times: user=0.00 sys=0.00, real=0.02 secs] 
87.211: [GC (CMS Initial Mark) [1 CMS-initial-mark: 41857K(102400K)] 52097K(194560K), 0.0001008 secs] [Times: user=0.00 sys=0.00, real=0.00 secs] 
87.211: [CMS-concurrent-mark-start]
87.212: [CMS-concurrent-mark: 0.001/0.001 secs] [Times: user=0.02 sys=0.00, real=0.00 secs] 
87.212: [CMS-concurrent-preclean-start]
87.212: [CMS-concurrent-preclean: 0.000/0.000 secs] [Times: user=0.00 sys=0.00, real=0.00 secs] 
87.212: [CMS-concurrent-abortable-preclean-start]
88.215: [GC (Allocation Failure) 88.215: [ParNew: 73282K->0K(92160K), 0.0047471 secs] 115139K->72579K(194560K), 0.0048217 secs] [Times: user=0.00 sys=0.00, real=0.01 secs] 
89.228: [GC (Allocation Failure) 89.228: [ParNew: 73282K->73282K(92160K), 0.0000423 secs]89.228: [CMS89.228: [CMS-concurrent-abortable-preclean: 0.004/2.016 secs] [Times: user=0.02 sys=0.00, real=2.02 secs] 
 (concurrent mode failure): 72579K->21377K(102400K), 0.0102119 secs] 145862K->21377K(194560K), [Metaspace: 3233K->3233K(1056768K)], 0.0103927 secs] [Times: user=0.02 sys=0.00, real=0.01 secs] 
90.251: [GC (Allocation Failure) 90.251: [ParNew: 73282K->0K(92160K), 0.0038348 secs] 94659K->31619K(194560K), 0.0039593 secs] [Times: user=0.05 sys=0.00, real=0.00 secs] 
91.262: [GC (Allocation Failure) 91.262: [ParNew: 73282K->0K(92160K), 0.0016313 secs] 104901K->41859K(194560K), 0.0016938 secs] [Times: user=0.00 sys=0.00, real=0.00 secs] 
92.268: [GC (Allocation Failure) 92.268: [ParNew: 73282K->0K(92160K), 0.0020950 secs] 115141K->52101K(194560K), 0.0021700 secs] [Times: user=0.00 sys=0.00, real=0.00 secs] 
93.273: [GC (Allocation Failure) 93.273: [ParNew: 73282K->0K(92160K), 0.0018036 secs] 125384K->62341K(194560K), 0.0018757 secs] [Times: user=0.00 sys=0.00, real=0.00 secs] 
94.279: [GC (Allocation Failure) 94.280: [ParNew: 73282K->0K(92160K), 0.0144788 secs] 135624K->62341K(194560K), 0.0145419 secs] [Times: user=0.05 sys=0.00, real=0.01 secs] 
94.298: [GC (Allocation Failure) 94.298: [ParNew (promotion failed): 73282K->73282K(92160K), 0.0047038 secs]94.303: [CMS: 93063K->41857K(102400K), 0.0079322 secs] 135624K->41857K(194560K), [Metaspace: 3233K->3233K(1056768K)], 0.0127212 secs] [Times: user=0.02 sys=0.00, real=0.01 secs] 
94.312: [GC (CMS Initial Mark) [1 CMS-initial-mark: 41857K(102400K)] 52097K(194560K), 0.0001521 secs] [Times: user=0.00 sys=0.00, real=0.00 secs] 
94.312: [CMS-concurrent-mark-start]
94.313: [CMS-concurrent-mark: 0.001/0.001 secs] [Times: user=0.00 sys=0.00, real=0.00 secs] 
94.313: [CMS-concurrent-preclean-start]
94.313: [CMS-concurrent-preclean: 0.000/0.000 secs] [Times: user=0.00 sys=0.00, real=0.00 secs] 
94.313: [CMS-concurrent-abortable-preclean-start]
95.317: [GC (Allocation Failure) 95.317: [ParNew: 73282K->0K(92160K), 0.0080749 secs] 115139K->72579K(194560K), 0.0081707 secs] [Times: user=0.05 sys=0.00, real=0.01 secs] 
96.332: [GC (Allocation Failure) 96.332: [ParNew: 73282K->73282K(92160K), 0.0000199 secs]96.332: [CMS96.332: [CMS-concurrent-abortable-preclean: 0.006/2.019 secs] [Times: user=0.05 sys=0.00, real=2.02 secs] 
 (concurrent mode failure): 72579K->21377K(102400K), 0.0079362 secs] 145862K->21377K(194560K), [Metaspace: 3233K->3233K(1056768K)], 0.0080438 secs] [Times: user=0.01 sys=0.00, real=0.01 secs] 
97.352: [GC (Allocation Failure) 97.352: [ParNew: 73282K->0K(92160K), 0.0039493 secs] 94659K->31619K(194560K), 0.0040762 secs] [Times: user=0.00 sys=0.00, real=0.00 secs] 
98.366: [GC (Allocation Failure) 98.366: [ParNew: 73282K->0K(92160K), 0.0016360 secs] 104901K->41859K(194560K), 0.0017038 secs] [Times: user=0.00 sys=0.00, real=0.00 secs] 
99.372: [GC (Allocation Failure) 99.372: [ParNew: 73282K->0K(92160K), 0.0029708 secs] 115141K->52101K(194560K), 0.0030785 secs] [Times: user=0.00 sys=0.00, real=0.00 secs] 
100.383: [GC (Allocation Failure) 100.383: [ParNew: 73282K->0K(92160K), 0.0017153 secs] 125384K->62341K(194560K), 0.0017824 secs] [Times: user=0.00 sys=0.00, real=0.00 secs] 
101.389: [GC (Allocation Failure) 101.389: [ParNew: 73282K->0K(92160K), 0.0005045 secs] 135624K->62341K(194560K), 0.0005720 secs] [Times: user=0.00 sys=0.00, real=0.00 secs] 
101.396: [GC (Allocation Failure) 101.397: [ParNew (promotion failed): 73282K->73282K(92160K), 0.0061989 secs]101.403: [CMS: 93061K->41857K(102400K), 0.0115789 secs] 135624K->41857K(194560K), [Metaspace: 3233K->3233K(1056768K)], 0.0178975 secs] [Times: user=0.02 sys=0.00, real=0.02 secs] 
101.415: [GC (CMS Initial Mark) [1 CMS-initial-mark: 41857K(102400K)] 52097K(194560K), 0.0002121 secs] [Times: user=0.00 sys=0.00, real=0.00 secs] 
101.416: [CMS-concurrent-mark-start]
101.417: [CMS-concurrent-mark: 0.001/0.001 secs] [Times: user=0.00 sys=0.00, real=0.00 secs] 
101.417: [CMS-concurrent-preclean-start]
101.417: [CMS-concurrent-preclean: 0.000/0.000 secs] [Times: user=0.00 sys=0.00, real=0.00 secs] 
101.417: [CMS-concurrent-abortable-preclean-start]
102.419: [GC (Allocation Failure) 102.419: [ParNew: 73282K->0K(92160K), 0.0049558 secs] 115139K->72579K(194560K), 0.0050061 secs] [Times: user=0.03 sys=0.00, real=0.01 secs] 
103.429: [GC (Allocation Failure) 103.429: [ParNew: 73282K->73282K(92160K), 0.0000143 secs]103.429: [CMS103.429: [CMS-concurrent-abortable-preclean: 0.004/2.012 secs] [Times: user=0.03 sys=0.00, real=2.01 secs] 
 (concurrent mode failure): 72579K->21377K(102400K), 0.0053218 secs] 145862K->21377K(194560K), [Metaspace: 3233K->3233K(1056768K)], 0.0054077 secs] [Times: user=0.00 sys=0.00, real=0.01 secs] 
104.445: [GC (Allocation Failure) 104.445: [ParNew: 73282K->0K(92160K), 0.0021914 secs] 94659K->31619K(194560K), 0.0022919 secs] [Times: user=0.00 sys=0.00, real=0.00 secs] 
105.458: [GC (Allocation Failure) 105.458: [ParNew: 73282K->0K(92160K), 0.0053221 secs] 104901K->41859K(194560K), 0.0054960 secs] [Times: user=0.06 sys=0.00, real=0.01 secs] 
106.478: [GC (Allocation Failure) 106.478: [ParNew: 73282K->0K(92160K), 0.0022036 secs] 115141K->52099K(194560K), 0.0022838 secs] [Times: user=0.00 sys=0.00, real=0.00 secs] 
107.487: [GC (Allocation Failure) 107.488: [ParNew: 73282K->0K(92160K), 0.0030682 secs] 125381K->62339K(194560K), 0.0031658 secs] [Times: user=0.00 sys=0.00, real=0.00 secs] 
108.500: [GC (Allocation Failure) 108.500: [ParNew: 73282K->0K(92160K), 0.0005119 secs] 135622K->62339K(194560K), 0.0005788 secs] [Times: user=0.00 sys=0.00, real=0.00 secs] 
108.508: [GC (Allocation Failure) 108.508: [ParNew (promotion failed): 73282K->73282K(92160K), 0.0067058 secs]108.515: [CMS: 93061K->41857K(102400K), 0.0113341 secs] 135622K->41857K(194560K), [Metaspace: 3233K->3233K(1056768K)], 0.0181407 secs] [Times: user=0.02 sys=0.00, real=0.02 secs] 
108.527: [GC (CMS Initial Mark) [1 CMS-initial-mark: 41857K(102400K)] 52097K(194560K), 0.0001033 secs] [Times: user=0.00 sys=0.00, real=0.00 secs] 
108.527: [CMS-concurrent-mark-start]
108.528: [CMS-concurrent-mark: 0.001/0.001 secs] [Times: user=0.00 sys=0.00, real=0.00 secs] 
108.528: [CMS-concurrent-preclean-start]
108.528: [CMS-concurrent-preclean: 0.000/0.000 secs] [Times: user=0.00 sys=0.00, real=0.00 secs] 
108.528: [CMS-concurrent-abortable-preclean-start]
109.529: [GC (Allocation Failure) 109.529: [ParNew: 73282K->0K(92160K), 0.0044183 secs] 115139K->72579K(194560K), 0.0044693 secs] [Times: user=0.00 sys=0.00, real=0.00 secs] 
110.543: [GC (Allocation Failure) 110.543: [ParNew: 73282K->73282K(92160K), 0.0000333 secs]110.543: [CMS110.543: [CMS-concurrent-abortable-preclean: 0.005/2.015 secs] [Times: user=0.03 sys=0.00, real=2.02 secs] 
 (concurrent mode failure): 72579K->21377K(102400K), 0.0116554 secs] 145862K->21377K(194560K), [Metaspace: 3233K->3233K(1056768K)], 0.0118392 secs] [Times: user=0.01 sys=0.00, real=0.01 secs] 
111.566: [GC (Allocation Failure) 111.566: [ParNew: 73282K->0K(92160K), 0.0034321 secs] 94659K->31619K(194560K), 0.0035524 secs] [Times: user=0.00 sys=0.00, real=0.00 secs] 
112.576: [GC (Allocation Failure) 112.576: [ParNew: 73282K->0K(92160K), 0.0020913 secs] 104901K->41861K(194560K), 0.0021410 secs] [Times: user=0.03 sys=0.00, real=0.00 secs] 
113.583: [GC (Allocation Failure) 113.583: [ParNew: 73282K->0K(92160K), 0.0023034 secs] 115144K->52103K(194560K), 0.0023855 secs] [Times: user=0.00 sys=0.00, real=0.00 secs] 
114.592: [GC (Allocation Failure) 114.592: [ParNew: 73282K->0K(92160K), 0.0031945 secs] 125386K->62343K(194560K), 0.0033070 secs] [Times: user=0.00 sys=0.00, real=0.00 secs] 
115.606: [GC (Allocation Failure) 115.606: [ParNew: 73282K->0K(92160K), 0.0006015 secs] 135626K->62343K(194560K), 0.0006852 secs] [Times: user=0.00 sys=0.00, real=0.00 secs] 
115.615: [GC (Allocation Failure) 115.615: [ParNew (promotion failed): 73282K->73282K(92160K), 0.0080796 secs]115.624: [CMS: 93063K->41857K(102400K), 0.0136079 secs] 135626K->41857K(194560K), [Metaspace: 3233K->3233K(1056768K)], 0.0218151 secs] [Times: user=0.08 sys=0.00, real=0.02 secs] 
115.638: [GC (CMS Initial Mark) [1 CMS-initial-mark: 41857K(102400K)] 52097K(194560K), 0.0001922 secs] [Times: user=0.00 sys=0.00, real=0.00 secs] 
115.638: [CMS-concurrent-mark-start]
115.639: [CMS-concurrent-mark: 0.001/0.001 secs] [Times: user=0.00 sys=0.00, real=0.00 secs] 
115.639: [CMS-concurrent-preclean-start]
115.639: [CMS-concurrent-preclean: 0.000/0.000 secs] [Times: user=0.00 sys=0.00, real=0.00 secs] 
115.639: [CMS-concurrent-abortable-preclean-start]
116.641: [GC (Allocation Failure) 116.641: [ParNew: 73282K->0K(92160K), 0.0047959 secs] 115139K->72579K(194560K), 0.0048500 secs] [Times: user=0.00 sys=0.00, real=0.01 secs] 
117.653: [GC (Allocation Failure) 117.653: [ParNew: 73282K->73282K(92160K), 0.0000221 secs]117.653: [CMS117.653: [CMS-concurrent-abortable-preclean: 0.006/2.014 secs] [Times: user=0.00 sys=0.00, real=2.01 secs] 
 (concurrent mode failure): 72579K->21377K(102400K), 0.0076003 secs] 145862K->21377K(194560K), [Metaspace: 3233K->3233K(1056768K)], 0.0077191 secs] [Times: user=0.00 sys=0.00, real=0.01 secs] 
118.671: [GC (Allocation Failure) 118.672: [ParNew: 73282K->0K(92160K), 0.0044224 secs] 94659K->31619K(194560K), 0.0045555 secs] [Times: user=0.05 sys=0.00, real=0.00 secs] 
119.688: [GC (Allocation Failure) 119.688: [ParNew: 73282K->0K(92160K), 0.0032480 secs] 104901K->41861K(194560K), 0.0033400 secs] [Times: user=0.06 sys=0.00, real=0.00 secs] 
120.700: [GC (Allocation Failure) 120.701: [ParNew: 73282K->0K(92160K), 0.0131253 secs] 115144K->52103K(194560K), 0.0132385 secs] [Times: user=0.03 sys=0.00, real=0.01 secs] 
121.719: [GC (Allocation Failure) 121.719: [ParNew: 73282K->0K(92160K), 0.0016801 secs] 125386K->62343K(194560K), 0.0017429 secs] [Times: user=0.00 sys=0.00, real=0.00 secs] 
122.726: [GC (Allocation Failure) 122.726: [ParNew: 73282K->0K(92160K), 0.0003126 secs] 135626K->62343K(194560K), 0.0003667 secs] [Times: user=0.00 sys=0.00, real=0.00 secs] 
122.731: [GC (Allocation Failure) 122.731: [ParNew (promotion failed): 73282K->73282K(92160K), 0.0046724 secs]122.736: [CMS: 93063K->41857K(102400K), 0.0081427 secs] 135626K->41857K(194560K), [Metaspace: 3233K->3233K(1056768K)], 0.0129091 secs] [Times: user=0.06 sys=0.00, real=0.01 secs] 
122.745: [GC (CMS Initial Mark) [1 CMS-initial-mark: 41857K(102400K)] 52097K(194560K), 0.0001042 secs] [Times: user=0.00 sys=0.00, real=0.00 secs] 
122.745: [CMS-concurrent-mark-start]
122.746: [CMS-concurrent-mark: 0.001/0.001 secs] [Times: user=0.00 sys=0.00, real=0.00 secs] 
122.746: [CMS-concurrent-preclean-start]
122.746: [CMS-concurrent-preclean: 0.000/0.000 secs] [Times: user=0.00 sys=0.00, real=0.00 secs] 
122.746: [CMS-concurrent-abortable-preclean-start]
123.771: [GC (Allocation Failure) 123.771: [ParNew: 73282K->0K(92160K), 0.0044693 secs] 115139K->72579K(194560K), 0.0045365 secs] [Times: user=0.00 sys=0.00, real=0.00 secs] 
124.779: [GC (Allocation Failure) 124.779: [ParNew: 73282K->73282K(92160K), 0.0000159 secs]124.779: [CMS124.779: [CMS-concurrent-abortable-preclean: 0.006/2.034 secs] [Times: user=0.00 sys=0.00, real=2.03 secs] 
 (concurrent mode failure): 72579K->21377K(102400K), 0.0051004 secs] 145862K->21377K(194560K), [Metaspace: 3233K->3233K(1056768K)], 0.0051806 secs] [Times: user=0.00 sys=0.00, real=0.01 secs] 
125.792: [GC (Allocation Failure) 125.792: [ParNew: 73282K->0K(92160K), 0.0031882 secs] 94659K->31619K(194560K), 0.0033114 secs] [Times: user=0.00 sys=0.00, real=0.00 secs] 
126.802: [GC (Allocation Failure) 126.802: [ParNew: 73282K->0K(92160K), 0.0021286 secs] 104901K->41861K(194560K), 0.0022042 secs] [Times: user=0.06 sys=0.00, real=0.00 secs] 
127.814: [GC (Allocation Failure) 127.814: [ParNew: 73282K->0K(92160K), 0.0047244 secs] 115144K->52101K(194560K), 0.0048612 secs] [Times: user=0.06 sys=0.00, real=0.00 secs] 
128.830: [GC (Allocation Failure) 128.830: [ParNew: 73282K->0K(92160K), 0.0042529 secs] 125384K->62343K(194560K), 0.0043990 secs] [Times: user=0.06 sys=0.00, real=0.00 secs] 
129.840: [GC (Allocation Failure) 129.840: [ParNew: 73282K->0K(92160K), 0.0006917 secs] 135626K->62343K(194560K), 0.0007754 secs] [Times: user=0.00 sys=0.00, real=0.00 secs] 
129.852: [GC (Allocation Failure) 129.852: [ParNew (promotion failed): 73282K->73282K(92160K), 0.0086124 secs]129.861: [CMS: 93063K->41857K(102400K), 0.0157316 secs] 135626K->41857K(194560K), [Metaspace: 3233K->3233K(1056768K)], 0.0244995 secs] [Times: user=0.03 sys=0.00, real=0.02 secs] 
129.878: [GC (CMS Initial Mark) [1 CMS-initial-mark: 41857K(102400K)] 52097K(194560K), 0.0002193 secs] [Times: user=0.00 sys=0.00, real=0.00 secs] 
129.879: [CMS-concurrent-mark-start]
129.881: [CMS-concurrent-mark: 0.002/0.002 secs] [Times: user=0.00 sys=0.00, real=0.00 secs] 
129.881: [CMS-concurrent-preclean-start]
129.882: [CMS-concurrent-preclean: 0.000/0.000 secs] [Times: user=0.00 sys=0.00, real=0.00 secs] 
129.882: [CMS-concurrent-abortable-preclean-start]
130.894: [GC (Allocation Failure) 130.894: [ParNew: 73282K->0K(92160K), 0.0115546 secs] 115139K->72579K(194560K), 0.0116513 secs] [Times: user=0.00 sys=0.00, real=0.01 secs] 
131.910: [GC (Allocation Failure) 131.910: [ParNew: 73282K->73282K(92160K), 0.0000134 secs]131.910: [CMS131.910: [CMS-concurrent-abortable-preclean: 0.006/2.028 secs] [Times: user=0.03 sys=0.00, real=2.03 secs] 
 (concurrent mode failure): 72579K->21377K(102400K), 0.0049414 secs] 145862K->21377K(194560K), [Metaspace: 3233K->3233K(1056768K)], 0.0050136 secs] [Times: user=0.00 sys=0.00, real=0.00 secs] 
132.923: [GC (Allocation Failure) 132.923: [ParNew: 73282K->0K(92160K), 0.0034243 secs] 94659K->31619K(194560K), 0.0035531 secs] [Times: user=0.00 sys=0.00, real=0.00 secs] 
133.936: [GC (Allocation Failure) 133.936: [ParNew: 73282K->0K(92160K), 0.0016503 secs] 104901K->41861K(194560K), 0.0017084 secs] [Times: user=0.00 sys=0.00, real=0.00 secs] 
134.943: [GC (Allocation Failure) 134.943: [ParNew: 73282K->0K(92160K), 0.0030293 secs] 115144K->52101K(194560K), 0.0031319 secs] [Times: user=0.00 sys=0.00, real=0.00 secs] 
135.956: [GC (Allocation Failure) 135.956: [ParNew: 73282K->0K(92160K), 0.0051346 secs] 125384K->62343K(194560K), 0.0052711 secs] [Times: user=0.06 sys=0.00, real=0.01 secs] 
136.975: [GC (Allocation Failure) 136.975: [ParNew: 73282K->0K(92160K), 0.0005365 secs] 135626K->62343K(194560K), 0.0005940 secs] [Times: user=0.00 sys=0.00, real=0.00 secs] 
136.984: [GC (Allocation Failure) 136.984: [ParNew (promotion failed): 73282K->73282K(92160K), 0.0074977 secs]136.992: [CMS: 93063K->41857K(102400K), 0.0095803 secs] 135626K->41857K(194560K), [Metaspace: 3233K->3233K(1056768K)], 0.0171993 secs] [Times: user=0.06 sys=0.00, real=0.02 secs] 
137.002: [GC (CMS Initial Mark) [1 CMS-initial-mark: 41857K(102400K)] 52097K(194560K), 0.0000983 secs] [Times: user=0.00 sys=0.00, real=0.00 secs] 
137.002: [CMS-concurrent-mark-start]
137.003: [CMS-concurrent-mark: 0.001/0.001 secs] [Times: user=0.00 sys=0.00, real=0.00 secs] 
137.003: [CMS-concurrent-preclean-start]
137.003: [CMS-concurrent-preclean: 0.000/0.000 secs] [Times: user=0.00 sys=0.00, real=0.00 secs] 
137.004: [CMS-concurrent-abortable-preclean-start]
138.011: [GC (Allocation Failure) 138.011: [ParNew: 73282K->0K(92160K), 0.0080236 secs] 115139K->72579K(194560K), 0.0081250 secs] [Times: user=0.00 sys=0.00, real=0.01 secs] 
139.024: [GC (Allocation Failure) 139.024: [ParNew: 73282K->73282K(92160K), 0.0000128 secs]139.024: [CMS139.024: [CMS-concurrent-abortable-preclean: 0.005/2.021 secs] [Times: user=0.03 sys=0.00, real=2.02 secs] 
 (concurrent mode failure): 72579K->21377K(102400K), 0.0049125 secs] 145862K->21377K(194560K), [Metaspace: 3233K->3233K(1056768K)], 0.0049912 secs] [Times: user=0.00 sys=0.00, real=0.00 secs] 
140.035: [GC (Allocation Failure) 140.035: [ParNew: 73282K->0K(92160K), 0.0032498 secs] 94659K->31619K(194560K), 0.0033528 secs] [Times: user=0.00 sys=0.00, real=0.00 secs] 
141.047: [GC (Allocation Failure) 141.047: [ParNew: 73282K->0K(92160K), 0.0020449 secs] 104901K->41861K(194560K), 0.0021149 secs] [Times: user=0.00 sys=0.00, real=0.00 secs] 
142.057: [GC (Allocation Failure) 142.057: [ParNew: 73282K->0K(92160K), 0.0041048 secs] 115144K->52101K(194560K), 0.0042460 secs] [Times: user=0.06 sys=0.00, real=0.00 secs] 
143.076: [GC (Allocation Failure) 143.076: [ParNew: 73282K->0K(92160K), 0.0050257 secs] 125384K->62343K(194560K), 0.0051921 secs] [Times: user=0.00 sys=0.00, real=0.01 secs] 
144.099: [GC (Allocation Failure) 144.099: [ParNew: 73282K->0K(92160K), 0.0013725 secs] 135626K->62343K(194560K), 0.0014901 secs] [Times: user=0.00 sys=0.00, real=0.00 secs] 
144.112: [GC (Allocation Failure) 144.112: [ParNew (promotion failed): 73282K->73282K(92160K), 0.0078591 secs]144.120: [CMS: 93063K->41857K(102400K), 0.0132699 secs] 135626K->41857K(194560K), [Metaspace: 3233K->3233K(1056768K)], 0.0212447 secs] [Times: user=0.06 sys=0.00, real=0.02 secs] 
144.134: [GC (CMS Initial Mark) [1 CMS-initial-mark: 41857K(102400K)] 52097K(194560K), 0.0001782 secs] [Times: user=0.00 sys=0.00, real=0.00 secs] 
144.134: [CMS-concurrent-mark-start]
144.136: [CMS-concurrent-mark: 0.001/0.001 secs] [Times: user=0.02 sys=0.00, real=0.00 secs] 
144.136: [CMS-concurrent-preclean-start]
144.136: [CMS-concurrent-preclean: 0.000/0.000 secs] [Times: user=0.00 sys=0.00, real=0.00 secs] 
144.136: [CMS-concurrent-abortable-preclean-start]
145.139: [GC (Allocation Failure) 145.139: [ParNew: 73282K->0K(92160K), 0.0059068 secs] 115139K->72579K(194560K), 0.0059899 secs] [Times: user=0.00 sys=0.00, real=0.01 secs] 
146.150: [GC (Allocation Failure) 146.150: [ParNew: 73282K->73282K(92160K), 0.0000137 secs]146.150: [CMS146.150: [CMS-concurrent-abortable-preclean: 0.006/2.014 secs] [Times: user=0.00 sys=0.00, real=2.01 secs] 
 (concurrent mode failure): 72579K->21377K(102400K), 0.0054677 secs] 145862K->21377K(194560K), [Metaspace: 3233K->3233K(1056768K)], 0.0055498 secs] [Times: user=0.00 sys=0.00, real=0.01 secs] 
147.163: [GC (Allocation Failure) 147.163: [ParNew: 73282K->0K(92160K), 0.0022757 secs] 94659K->31619K(194560K), 0.0023541 secs] [Times: user=0.00 sys=0.00, real=0.00 secs] 
148.170: [GC (Allocation Failure) 148.170: [ParNew: 73282K->0K(92160K), 0.0021519 secs] 104901K->41859K(194560K), 0.0022294 secs] [Times: user=0.00 sys=0.00, real=0.00 secs] 
149.183: [GC (Allocation Failure) 149.183: [ParNew: 73282K->0K(92160K), 0.0050257 secs] 115141K->52101K(194560K), 0.0051974 secs] [Times: user=0.00 sys=0.00, real=0.00 secs] 
150.206: [GC (Allocation Failure) 150.206: [ParNew: 73282K->0K(92160K), 0.0028719 secs] 125384K->62341K(194560K), 0.0029628 secs] [Times: user=0.00 sys=0.00, real=0.00 secs] 
151.217: [GC (Allocation Failure) 151.217: [ParNew: 73282K->0K(92160K), 0.0003054 secs] 135624K->62341K(194560K), 0.0003676 secs] [Times: user=0.00 sys=0.00, real=0.00 secs] 
151.222: [GC (Allocation Failure) 151.222: [ParNew (promotion failed): 73282K->73282K(92160K), 0.0052049 secs]151.227: [CMS: 93063K->41857K(102400K), 0.0078554 secs] 135624K->41857K(194560K), [Metaspace: 3233K->3233K(1056768K)], 0.0131498 secs] [Times: user=0.02 sys=0.00, real=0.01 secs] 
151.236: [GC (CMS Initial Mark) [1 CMS-initial-mark: 41857K(102400K)] 52097K(194560K), 0.0000927 secs] [Times: user=0.00 sys=0.00, real=0.00 secs] 
151.236: [CMS-concurrent-mark-start]
151.237: [CMS-concurrent-mark: 0.001/0.001 secs] [Times: user=0.00 sys=0.00, real=0.00 secs] 
151.237: [CMS-concurrent-preclean-start]
151.237: [CMS-concurrent-preclean: 0.000/0.000 secs] [Times: user=0.00 sys=0.00, real=0.00 secs] 
151.237: [CMS-concurrent-abortable-preclean-start]
152.239: [GC (Allocation Failure) 152.239: [ParNew: 73282K->0K(92160K), 0.0046609 secs] 115139K->72579K(194560K), 0.0047262 secs] [Times: user=0.00 sys=0.00, real=0.00 secs] 
153.250: [GC (Allocation Failure) 153.250: [ParNew: 73282K->73282K(92160K), 0.0000190 secs]153.250: [CMS153.250: [CMS-concurrent-abortable-preclean: 0.006/2.013 secs] [Times: user=0.00 sys=0.00, real=2.01 secs] 
 (concurrent mode failure): 72579K->21377K(102400K), 0.0065482 secs] 145862K->21377K(194560K), [Metaspace: 3233K->3233K(1056768K)], 0.0066380 secs] [Times: user=0.00 sys=0.00, real=0.01 secs] 
154.267: [GC (Allocation Failure) 154.268: [ParNew: 73282K->0K(92160K), 0.0050711 secs] 94659K->31619K(194560K), 0.0052406 secs] [Times: user=0.00 sys=0.00, real=0.01 secs] 
155.287: [GC (Allocation Failure) 155.287: [ParNew: 73282K->0K(92160K), 0.0034159 secs] 104901K->41861K(194560K), 0.0035375 secs] [Times: user=0.06 sys=0.00, real=0.00 secs] 
156.300: [GC (Allocation Failure) 156.300: [ParNew: 73282K->0K(92160K), 0.0034249 secs] 115144K->52101K(194560K), 0.0035437 secs] [Times: user=0.06 sys=0.00, real=0.00 secs] 
157.313: [GC (Allocation Failure) 157.313: [ParNew: 73282K->0K(92160K), 0.0020680 secs] 125384K->62341K(194560K), 0.0021401 secs] [Times: user=0.00 sys=0.00, real=0.00 secs] 
158.321: [GC (Allocation Failure) 158.321: [ParNew: 73282K->0K(92160K), 0.0009405 secs] 135624K->62341K(194560K), 0.0010211 secs] [Times: user=0.00 sys=0.00, real=0.00 secs] 
158.331: [GC (Allocation Failure) 158.331: [ParNew (promotion failed): 73282K->73282K(92160K), 0.0089819 secs]158.340: [CMS: 93061K->41857K(102400K), 0.0138966 secs] 135624K->41857K(194560K), [Metaspace: 3233K->3233K(1056768K)], 0.0230103 secs] [Times: user=0.01 sys=0.00, real=0.02 secs] 
158.355: [GC (CMS Initial Mark) [1 CMS-initial-mark: 41857K(102400K)] 52097K(194560K), 0.0001132 secs] [Times: user=0.00 sys=0.00, real=0.00 secs] 
158.355: [CMS-concurrent-mark-start]
158.356: [CMS-concurrent-mark: 0.001/0.001 secs] [Times: user=0.00 sys=0.00, real=0.00 secs] 
158.356: [CMS-concurrent-preclean-start]
158.356: [CMS-concurrent-preclean: 0.000/0.000 secs] [Times: user=0.00 sys=0.00, real=0.00 secs] 
158.356: [CMS-concurrent-abortable-preclean-start]
159.365: [GC (Allocation Failure) 159.366: [ParNew: 73282K->0K(92160K), 0.0091517 secs] 115139K->72579K(194560K), 0.0092500 secs] [Times: user=0.00 sys=0.00, real=0.01 secs] 
160.379: [GC (Allocation Failure) 160.379: [ParNew: 73282K->73282K(92160K), 0.0000159 secs]160.379: [CMS160.380: [CMS-concurrent-abortable-preclean: 0.005/2.023 secs] [Times: user=0.03 sys=0.00, real=2.02 secs] 
 (concurrent mode failure): 72579K->21359K(102400K), 0.0056587 secs] 145862K->21359K(194560K), [Metaspace: 3233K->3233K(1056768K)], 0.0057342 secs] [Times: user=0.00 sys=0.00, real=0.01 secs] 
161.393: [GC (Allocation Failure) 161.393: [ParNew: 73282K->0K(92160K), 0.0033021 secs] 94641K->31601K(194560K), 0.0034000 secs] [Times: user=0.00 sys=0.00, real=0.00 secs] 
162.409: [GC (Allocation Failure) 162.410: [ParNew: 73282K->0K(92160K), 0.0040289 secs] 104883K->41843K(194560K), 0.0041701 secs] [Times: user=0.00 sys=0.00, real=0.00 secs] 
163.427: [GC (Allocation Failure) 163.427: [ParNew: 73282K->0K(92160K), 0.0039602 secs] 115125K->52083K(194560K), 0.0041561 secs] [Times: user=0.01 sys=0.00, real=0.00 secs] 
164.445: [GC (Allocation Failure) 164.445: [ParNew: 73282K->0K(92160K), 0.0027475 secs] 125365K->62323K(194560K), 0.0028411 secs] [Times: user=0.06 sys=0.00, real=0.00 secs] 
165.456: [GC (Allocation Failure) 165.456: [ParNew: 73282K->0K(92160K), 0.0012332 secs] 135605K->62323K(194560K), 0.0013784 secs] [Times: user=0.00 sys=0.00, real=0.00 secs] 
165.476: [GC (Allocation Failure) 165.476: [ParNew (promotion failed): 73282K->73282K(92160K), 0.0136910 secs]165.490: [CMS: 93045K->41839K(102400K), 0.0139889 secs] 135605K->41839K(194560K), [Metaspace: 3233K->3233K(1056768K)], 0.0278812 secs] [Times: user=0.01 sys=0.00, real=0.03 secs] 
165.505: [GC (CMS Initial Mark) [1 CMS-initial-mark: 41839K(102400K)] 52079K(194560K), 0.0001235 secs] [Times: user=0.00 sys=0.00, real=0.00 secs] 
165.505: [CMS-concurrent-mark-start]
165.507: [CMS-concurrent-mark: 0.002/0.002 secs] [Times: user=0.02 sys=0.00, real=0.00 secs] 
165.507: [CMS-concurrent-preclean-start]
165.507: [CMS-concurrent-preclean: 0.000/0.000 secs] [Times: user=0.00 sys=0.00, real=0.00 secs] 
165.507: [CMS-concurrent-abortable-preclean-start]
166.511: [GC (Allocation Failure) 166.511: [ParNew: 73282K->0K(92160K), 0.0065936 secs] 115121K->72561K(194560K), 0.0066803 secs] [Times: user=0.00 sys=0.00, real=0.01 secs] 
167.523: [GC (Allocation Failure) 167.523: [ParNew: 73282K->73282K(92160K), 0.0000137 secs]167.523: [CMS167.523: [CMS-concurrent-abortable-preclean: 0.007/2.016 secs] [Times: user=0.00 sys=0.00, real=2.02 secs] 
 (concurrent mode failure): 72561K->21359K(102400K), 0.0055181 secs] 145843K->21359K(194560K), [Metaspace: 3233K->3233K(1056768K)], 0.0055899 secs] [Times: user=0.00 sys=0.00, real=0.00 secs] 
168.539: [GC (Allocation Failure) 168.540: [ParNew: 73282K->0K(92160K), 0.0043294 secs] 94641K->31601K(194560K), 0.0044656 secs] [Times: user=0.00 sys=0.00, real=0.00 secs] 
169.560: [GC (Allocation Failure) 169.560: [ParNew: 73282K->0K(92160K), 0.0040050 secs] 104883K->41841K(194560K), 0.0041496 secs] [Times: user=0.06 sys=0.00, real=0.00 secs] 
170.576: [GC (Allocation Failure) 170.576: [ParNew: 73282K->0K(92160K), 0.0022981 secs] 115123K->52083K(194560K), 0.0023784 secs] [Times: user=0.06 sys=0.00, real=0.00 secs] 
171.585: [GC (Allocation Failure) 171.585: [ParNew: 73282K->0K(92160K), 0.0035388 secs] 125365K->62323K(194560K), 0.0036529 secs] [Times: user=0.00 sys=0.00, real=0.00 secs] 
172.600: [GC (Allocation Failure) 172.600: [ParNew: 73282K->0K(92160K), 0.0007897 secs] 135605K->62323K(194560K), 0.0008908 secs] [Times: user=0.00 sys=0.00, real=0.00 secs] 
172.613: [GC (Allocation Failure) 172.613: [ParNew (promotion failed): 73282K->73282K(92160K), 0.0095517 secs]172.622: [CMS: 93043K->41839K(102400K), 0.0143497 secs] 135605K->41839K(194560K), [Metaspace: 3233K->3233K(1056768K)], 0.0240432 secs] [Times: user=0.08 sys=0.00, real=0.02 secs] 
172.638: [GC (CMS Initial Mark) [1 CMS-initial-mark: 41839K(102400K)] 52079K(194560K), 0.0000998 secs] [Times: user=0.00 sys=0.00, real=0.00 secs] 
172.638: [CMS-concurrent-mark-start]
172.639: [CMS-concurrent-mark: 0.001/0.001 secs] [Times: user=0.00 sys=0.00, real=0.00 secs] 
172.639: [CMS-concurrent-preclean-start]
172.639: [CMS-concurrent-preclean: 0.000/0.000 secs] [Times: user=0.00 sys=0.00, real=0.00 secs] 
172.639: [CMS-concurrent-abortable-preclean-start]
173.645: [GC (Allocation Failure) 173.645: [ParNew: 73282K->0K(92160K), 0.0071584 secs] 115121K->72561K(194560K), 0.0072523 secs] [Times: user=0.06 sys=0.00, real=0.01 secs] 
174.658: [GC (Allocation Failure) 174.658: [ParNew: 73282K->73282K(92160K), 0.0000152 secs]174.658: [CMS174.658: [CMS-concurrent-abortable-preclean: 0.005/2.019 secs] [Times: user=0.06 sys=0.00, real=2.02 secs] 
 (concurrent mode failure): 72561K->21359K(102400K), 0.0055442 secs] 145843K->21359K(194560K), [Metaspace: 3233K->3233K(1056768K)], 0.0056338 secs] [Times: user=0.00 sys=0.00, real=0.00 secs] 
175.670: [GC (Allocation Failure) 175.670: [ParNew: 73282K->0K(92160K), 0.0028250 secs] 94641K->31601K(194560K), 0.0029111 secs] [Times: user=0.00 sys=0.00, real=0.00 secs] 
176.680: [GC (Allocation Failure) 176.680: [ParNew: 73282K->0K(92160K), 0.0019628 secs] 104883K->41841K(194560K), 0.0020400 secs] [Times: user=0.00 sys=0.00, real=0.00 secs] 
177.687: [GC (Allocation Failure) 177.687: [ParNew: 73282K->0K(92160K), 0.0016518 secs] 115123K->52081K(194560K), 0.0017311 secs] [Times: user=0.00 sys=0.00, real=0.00 secs] 
178.695: [GC (Allocation Failure) 178.695: [ParNew: 73282K->0K(92160K), 0.0031559 secs] 125363K->62321K(194560K), 0.0032604 secs] [Times: user=0.00 sys=0.00, real=0.00 secs] 
179.708: [GC (Allocation Failure) 179.708: [ParNew: 73282K->0K(92160K), 0.0007013 secs] 135603K->62321K(194560K), 0.0008018 secs] [Times: user=0.00 sys=0.00, real=0.00 secs] 
179.718: [GC (Allocation Failure) 179.718: [ParNew (promotion failed): 73282K->73282K(92160K), 0.0064175 secs]179.725: [CMS: 93041K->41839K(102400K), 0.0113425 secs] 135603K->41839K(194560K), [Metaspace: 3233K->3233K(1056768K)], 0.0178602 secs] [Times: user=0.03 sys=0.00, real=0.02 secs] 
179.737: [GC (CMS Initial Mark) [1 CMS-initial-mark: 41839K(102400K)] 52079K(194560K), 0.0001477 secs] [Times: user=0.00 sys=0.00, real=0.00 secs] 
179.737: [CMS-concurrent-mark-start]
179.739: [CMS-concurrent-mark: 0.001/0.001 secs] [Times: user=0.00 sys=0.00, real=0.00 secs] 
179.739: [CMS-concurrent-preclean-start]
179.739: [CMS-concurrent-preclean: 0.000/0.000 secs] [Times: user=0.00 sys=0.00, real=0.00 secs] 
179.739: [CMS-concurrent-abortable-preclean-start]
180.745: [GC (Allocation Failure) 180.745: [ParNew: 73282K->0K(92160K), 0.0079888 secs] 115121K->72561K(194560K), 0.0080924 secs] [Times: user=0.06 sys=0.00, real=0.01 secs] 
181.759: [GC (Allocation Failure) 181.759: [ParNew: 73282K->73282K(92160K), 0.0000124 secs]181.759: [CMS181.759: [CMS-concurrent-abortable-preclean: 0.005/2.020 secs] [Times: user=0.06 sys=0.00, real=2.02 secs] 
 (concurrent mode failure): 72561K->21359K(102400K), 0.0057389 secs] 145843K->21359K(194560K), [Metaspace: 3233K->3233K(1056768K)], 0.0058104 secs] [Times: user=0.02 sys=0.00, real=0.01 secs] 
182.768: [GC (Allocation Failure) 182.768: [ParNew: 73282K->0K(92160K), 0.0123275 secs] 94641K->31601K(194560K), 0.0124006 secs] [Times: user=0.01 sys=0.00, real=0.01 secs] 
183.785: [GC (Allocation Failure) 183.785: [ParNew: 73282K->0K(92160K), 0.0018310 secs] 104883K->41843K(194560K), 0.0018929 secs] [Times: user=0.00 sys=0.00, real=0.00 secs] 
184.793: [GC (Allocation Failure) 184.793: [ParNew: 73282K->0K(92160K), 0.0033447 secs] 115125K->52083K(194560K), 0.0034682 secs] [Times: user=0.00 sys=0.00, real=0.00 secs] 
185.808: [GC (Allocation Failure) 185.808: [ParNew: 73282K->0K(92160K), 0.0031005 secs] 125365K->62323K(194560K), 0.0032088 secs] [Times: user=0.00 sys=0.00, real=0.00 secs] 
186.822: [GC (Allocation Failure) 186.822: [ParNew: 73282K->0K(92160K), 0.0007813 secs] 135605K->62323K(194560K), 0.0008727 secs] [Times: user=0.00 sys=0.00, real=0.00 secs] 
186.834: [GC (Allocation Failure) 186.834: [ParNew (promotion failed): 73282K->73282K(92160K), 0.0092061 secs]186.844: [CMS: 93043K->41839K(102400K), 0.0143703 secs] 135605K->41839K(194560K), [Metaspace: 3233K->3233K(1056768K)], 0.0237185 secs] [Times: user=0.02 sys=0.00, real=0.02 secs] 
186.859: [GC (CMS Initial Mark) [1 CMS-initial-mark: 41839K(102400K)] 52079K(194560K), 0.0002336 secs] [Times: user=0.00 sys=0.00, real=0.00 secs] 
186.859: [CMS-concurrent-mark-start]
186.860: [CMS-concurrent-mark: 0.001/0.001 secs] [Times: user=0.00 sys=0.00, real=0.00 secs] 
186.860: [CMS-concurrent-preclean-start]
186.861: [CMS-concurrent-preclean: 0.000/0.000 secs] [Times: user=0.00 sys=0.00, real=0.00 secs] 
186.861: [CMS-concurrent-abortable-preclean-start]
187.868: [GC (Allocation Failure) 187.868: [ParNew: 73282K->0K(92160K), 0.0077403 secs] 115121K->72561K(194560K), 0.0078373 secs] [Times: user=0.00 sys=0.00, real=0.01 secs] 
188.881: [GC (Allocation Failure) 188.881: [ParNew: 73282K->73282K(92160K), 0.0000128 secs]188.881: [CMS188.881: [CMS-concurrent-abortable-preclean: 0.006/2.020 secs] [Times: user=0.03 sys=0.00, real=2.02 secs] 
 (concurrent mode failure): 72561K->21359K(102400K), 0.0053084 secs] 145843K->21359K(194560K), [Metaspace: 3233K->3233K(1056768K)], 0.0053884 secs] [Times: user=0.00 sys=0.00, real=0.01 secs] 
189.893: [GC (Allocation Failure) 189.894: [ParNew: 73282K->0K(92160K), 0.0030234 secs] 94641K->31601K(194560K), 0.0031428 secs] [Times: user=0.00 sys=0.00, real=0.00 secs] 
190.910: [GC (Allocation Failure) 190.910: [ParNew: 73282K->0K(92160K), 0.0048261 secs] 104883K->41843K(194560K), 0.0049981 secs] [Times: user=0.00 sys=0.00, real=0.01 secs] 
191.930: [GC (Allocation Failure) 191.930: [ParNew: 73282K->0K(92160K), 0.0025339 secs] 115125K->52083K(194560K), 0.0026278 secs] [Times: user=0.02 sys=0.00, real=0.00 secs] 
192.941: [GC (Allocation Failure) 192.941: [ParNew: 73282K->0K(92160K), 0.0034629 secs] 125365K->62325K(194560K), 0.0035789 secs] [Times: user=0.00 sys=0.00, real=0.00 secs] 
193.957: [GC (Allocation Failure) 193.957: [ParNew: 73282K->0K(92160K), 0.0004976 secs] 135607K->62325K(194560K), 0.0005676 secs] [Times: user=0.00 sys=0.00, real=0.00 secs] 
193.965: [GC (Allocation Failure) 193.965: [ParNew (promotion failed): 73282K->73282K(92160K), 0.0064334 secs]193.972: [CMS: 93045K->41839K(102400K), 0.0113288 secs] 135607K->41839K(194560K), [Metaspace: 3233K->3233K(1056768K)], 0.0178757 secs] [Times: user=0.02 sys=0.00, real=0.02 secs] 
193.984: [GC (CMS Initial Mark) [1 CMS-initial-mark: 41839K(102400K)] 52079K(194560K), 0.0001552 secs] [Times: user=0.00 sys=0.00, real=0.00 secs] 
193.984: [CMS-concurrent-mark-start]
193.986: [CMS-concurrent-mark: 0.002/0.002 secs] [Times: user=0.00 sys=0.00, real=0.00 secs] 
193.986: [CMS-concurrent-preclean-start]
193.986: [CMS-concurrent-preclean: 0.000/0.000 secs] [Times: user=0.00 sys=0.00, real=0.00 secs] 
193.986: [CMS-concurrent-abortable-preclean-start]
194.990: [GC (Allocation Failure) 194.990: [ParNew: 73282K->0K(92160K), 0.0064468 secs] 115121K->72561K(194560K), 0.0065342 secs] [Times: user=0.06 sys=0.00, real=0.01 secs] 
196.003: [GC (Allocation Failure) 196.003: [ParNew: 73282K->73282K(92160K), 0.0000128 secs]196.003: [CMS196.003: [CMS-concurrent-abortable-preclean: 0.005/2.017 secs] [Times: user=0.06 sys=0.00, real=2.02 secs] 
 (concurrent mode failure): 72561K->21359K(102400K), 0.0054982 secs] 145843K->21359K(194560K), [Metaspace: 3233K->3233K(1056768K)], 0.0055856 secs] [Times: user=0.02 sys=0.00, real=0.01 secs] 
197.016: [GC (Allocation Failure) 197.016: [ParNew: 73282K->0K(92160K), 0.0036181 secs] 94641K->31601K(194560K), 0.0037325 secs] [Times: user=0.05 sys=0.00, real=0.00 secs] 
198.027: [GC (Allocation Failure) 198.027: [ParNew: 73282K->0K(92160K), 0.0018048 secs] 104883K->41843K(194560K), 0.0018692 secs] [Times: user=0.00 sys=0.00, real=0.00 secs] 
199.033: [GC (Allocation Failure) 199.034: [ParNew: 73282K->0K(92160K), 0.0025647 secs] 115125K->52083K(194560K), 0.0026502 secs] [Times: user=0.00 sys=0.00, real=0.00 secs] 
200.043: [GC (Allocation Failure) 200.043: [ParNew: 73282K->0K(92160K), 0.0028250 secs] 125365K->62325K(194560K), 0.0029189 secs] [Times: user=0.06 sys=0.00, real=0.00 secs] 
201.054: [GC (Allocation Failure) 201.054: [ParNew: 73282K->0K(92160K), 0.0007953 secs] 135607K->62325K(194560K), 0.0009007 secs] [Times: user=0.00 sys=0.00, real=0.00 secs] 
201.067: [GC (Allocation Failure) 201.067: [ParNew (promotion failed): 73282K->73282K(92160K), 0.0084535 secs]201.076: [CMS: 93045K->41839K(102400K), 0.0099849 secs] 135607K->41839K(194560K), [Metaspace: 3233K->3233K(1056768K)], 0.0185631 secs] [Times: user=0.06 sys=0.00, real=0.02 secs] 
201.087: [GC (CMS Initial Mark) [1 CMS-initial-mark: 41839K(102400K)] 52079K(194560K), 0.0002690 secs] [Times: user=0.00 sys=0.00, real=0.00 secs] 
201.087: [CMS-concurrent-mark-start]
201.089: [CMS-concurrent-mark: 0.001/0.001 secs] [Times: user=0.00 sys=0.00, real=0.00 secs] 
201.089: [CMS-concurrent-preclean-start]
201.089: [CMS-concurrent-preclean: 0.000/0.000 secs] [Times: user=0.00 sys=0.00, real=0.00 secs] 
201.089: [CMS-concurrent-abortable-preclean-start]
202.095: [GC (Allocation Failure) 202.095: [ParNew: 73282K->0K(92160K), 0.0069351 secs] 115121K->72561K(194560K), 0.0070256 secs] [Times: user=0.00 sys=0.00, real=0.01 secs] 
203.112: [GC (Allocation Failure) 203.112: [ParNew: 73282K->73282K(92160K), 0.0000311 secs]203.112: [CMS203.112: [CMS-concurrent-abortable-preclean: 0.007/2.023 secs] [Times: user=0.01 sys=0.00, real=2.02 secs] 
 (concurrent mode failure): 72561K->21359K(102400K), 0.0072675 secs] 145843K->21359K(194560K), [Metaspace: 3233K->3233K(1056768K)], 0.0074943 secs] [Times: user=0.02 sys=0.00, real=0.01 secs] 
204.124: [GC (Allocation Failure) 204.124: [ParNew: 73282K->0K(92160K), 0.0015504 secs] 94641K->31601K(194560K), 0.0016070 secs] [Times: user=0.00 sys=0.00, real=0.00 secs] 
205.132: [GC (Allocation Failure) 205.132: [ParNew: 73282K->0K(92160K), 0.0028452 secs] 104883K->41843K(194560K), 0.0029497 secs] [Times: user=0.00 sys=0.00, real=0.00 secs] 
206.144: [GC (Allocation Failure) 206.144: [ParNew: 73282K->0K(92160K), 0.0033307 secs] 115125K->52083K(194560K), 0.0034470 secs] [Times: user=0.06 sys=0.00, real=0.00 secs] 
207.161: [GC (Allocation Failure) 207.161: [ParNew: 73282K->0K(92160K), 0.0032843 secs] 125365K->62323K(194560K), 0.0033559 secs] [Times: user=0.00 sys=0.00, real=0.00 secs] 
208.170: [GC (Allocation Failure) 208.170: [ParNew: 73282K->0K(92160K), 0.0007726 secs] 135605K->62323K(194560K), 0.0008777 secs] [Times: user=0.00 sys=0.00, real=0.00 secs] 
208.182: [GC (Allocation Failure) 208.183: [ParNew (promotion failed): 73282K->73282K(92160K), 0.0057028 secs]208.188: [CMS: 93043K->41839K(102400K), 0.0088015 secs] 135605K->41839K(194560K), [Metaspace: 3233K->3233K(1056768K)], 0.0146234 secs] [Times: user=0.06 sys=0.00, real=0.01 secs] 
208.198: [GC (CMS Initial Mark) [1 CMS-initial-mark: 41839K(102400K)] 52079K(194560K), 0.0001319 secs] [Times: user=0.00 sys=0.00, real=0.00 secs] 
208.198: [CMS-concurrent-mark-start]
208.199: [CMS-concurrent-mark: 0.001/0.001 secs] [Times: user=0.00 sys=0.00, real=0.00 secs] 
208.199: [CMS-concurrent-preclean-start]
208.199: [CMS-concurrent-preclean: 0.000/0.000 secs] [Times: user=0.00 sys=0.00, real=0.00 secs] 
208.199: [CMS-concurrent-abortable-preclean-start]
209.213: [GC (Allocation Failure) 209.213: [ParNew: 73282K->0K(92160K), 0.0132251 secs] 115121K->72561K(194560K), 0.0133977 secs] [Times: user=0.06 sys=0.00, real=0.01 secs] 
210.241: [GC (Allocation Failure) 210.241: [ParNew: 73282K->73282K(92160K), 0.0000317 secs]210.241: [CMS210.241: [CMS-concurrent-abortable-preclean: 0.006/2.042 secs] [Times: user=0.08 sys=0.00, real=2.04 secs] 
 (concurrent mode failure): 72561K->21359K(102400K), 0.0111015 secs] 145843K->21359K(194560K), [Metaspace: 3233K->3233K(1056768K)], 0.0112728 secs] [Times: user=0.02 sys=0.00, real=0.01 secs] 
211.258: [GC (Allocation Failure) 211.258: [ParNew: 73282K->0K(92160K), 0.0015598 secs] 94641K->31601K(194560K), 0.0016244 secs] [Times: user=0.00 sys=0.00, real=0.00 secs] 
212.263: [GC (Allocation Failure) 212.263: [ParNew: 73282K->0K(92160K), 0.0017666 secs] 104883K->41843K(194560K), 0.0018285 secs] [Times: user=0.00 sys=0.00, real=0.00 secs] 
213.272: [GC (Allocation Failure) 213.272: [ParNew: 73282K->0K(92160K), 0.0041891 secs] 115125K->52083K(194560K), 0.0043315 secs] [Times: user=0.06 sys=0.00, real=0.00 secs] 
214.289: [GC (Allocation Failure) 214.289: [ParNew: 73282K->0K(92160K), 0.0016643 secs] 125365K->62323K(194560K), 0.0017289 secs] [Times: user=0.00 sys=0.00, real=0.00 secs] 
215.361: [GC (Allocation Failure) 215.361: [ParNew: 73282K->0K(92160K), 0.0004892 secs] 135605K->62323K(194560K), 0.0005577 secs] [Times: user=0.00 sys=0.00, real=0.00 secs] 
215.370: [GC (Allocation Failure) 215.370: [ParNew (promotion failed): 73282K->73282K(92160K), 0.0072293 secs]215.377: [CMS: 93043K->41839K(102400K), 0.0122342 secs] 135605K->41839K(194560K), [Metaspace: 3233K->3233K(1056768K)], 0.0195922 secs] [Times: user=0.02 sys=0.00, real=0.02 secs] 
215.391: [GC (CMS Initial Mark) [1 CMS-initial-mark: 41839K(102400K)] 52079K(194560K), 0.0001704 secs] [Times: user=0.00 sys=0.00, real=0.00 secs] 
215.391: [CMS-concurrent-mark-start]
215.393: [CMS-concurrent-mark: 0.002/0.002 secs] [Times: user=0.00 sys=0.00, real=0.00 secs] 
215.393: [CMS-concurrent-preclean-start]
215.393: [CMS-concurrent-preclean: 0.000/0.000 secs] [Times: user=0.00 sys=0.00, real=0.00 secs] 
215.393: [CMS-concurrent-abortable-preclean-start]
216.394: [GC (Allocation Failure) 216.394: [ParNew: 73282K->0K(92160K), 0.0041863 secs] 115121K->72561K(194560K), 0.0042448 secs] [Times: user=0.00 sys=0.00, real=0.01 secs] 
217.405: [GC (Allocation Failure) 217.406: [ParNew: 73282K->73282K(92160K), 0.0000255 secs]217.406: [CMS217.406: [CMS-concurrent-abortable-preclean: 0.006/2.013 secs] [Times: user=0.01 sys=0.00, real=2.01 secs] 
 (concurrent mode failure): 72561K->21359K(102400K), 0.0082588 secs] 145843K->21359K(194560K), [Metaspace: 3233K->3233K(1056768K)], 0.0084227 secs] [Times: user=0.02 sys=0.00, real=0.01 secs] 
218.421: [GC (Allocation Failure) 218.422: [ParNew: 73282K->0K(92160K), 0.0029201 secs] 94641K->31601K(194560K), 0.0030141 secs] [Times: user=0.06 sys=0.00, real=0.00 secs] 
219.432: [GC (Allocation Failure) 219.432: [ParNew: 73282K->0K(92160K), 0.0021731 secs] 104883K->41841K(194560K), 0.0022403 secs] [Times: user=0.00 sys=0.00, real=0.00 secs] 
220.439: [GC (Allocation Failure) 220.439: [ParNew: 73282K->0K(92160K), 0.0025398 secs] 115123K->52081K(194560K), 0.0026256 secs] [Times: user=0.00 sys=0.00, real=0.00 secs] 
221.449: [GC (Allocation Failure) 221.449: [ParNew: 73282K->0K(92160K), 0.0017062 secs] 125363K->62323K(194560K), 0.0017753 secs] [Times: user=0.00 sys=0.00, real=0.00 secs] 
222.455: [GC (Allocation Failure) 222.455: [ParNew: 73282K->0K(92160K), 0.0007844 secs] 135605K->62323K(194560K), 0.0008718 secs] [Times: user=0.00 sys=0.00, real=0.00 secs] 
222.466: [GC (Allocation Failure) 222.466: [ParNew (promotion failed): 73282K->73282K(92160K), 0.0081938 secs]222.474: [CMS: 93043K->41839K(102400K), 0.0138891 secs] 135605K->41839K(194560K), [Metaspace: 3233K->3233K(1056768K)], 0.0222306 secs] [Times: user=0.01 sys=0.00, real=0.02 secs] 
222.489: [GC (CMS Initial Mark) [1 CMS-initial-mark: 41839K(102400K)] 52079K(194560K), 0.0002068 secs] [Times: user=0.00 sys=0.00, real=0.00 secs] 
222.490: [CMS-concurrent-mark-start]
222.492: [CMS-concurrent-mark: 0.002/0.002 secs] [Times: user=0.00 sys=0.00, real=0.00 secs] 
222.492: [CMS-concurrent-preclean-start]
222.492: [CMS-concurrent-preclean: 0.000/0.000 secs] [Times: user=0.00 sys=0.00, real=0.00 secs] 
222.492: [CMS-concurrent-abortable-preclean-start]
223.505: [GC (Allocation Failure) 223.505: [ParNew: 73282K->0K(92160K), 0.0114091 secs] 115121K->72561K(194560K), 0.0115415 secs] [Times: user=0.06 sys=0.00, real=0.01 secs] 
224.528: [GC (Allocation Failure) 224.528: [ParNew: 73282K->73282K(92160K), 0.0000423 secs]224.528: [CMS224.528: [CMS-concurrent-abortable-preclean: 0.006/2.036 secs] [Times: user=0.09 sys=0.00, real=2.04 secs] 
 (concurrent mode failure): 72561K->21359K(102400K), 0.0114551 secs] 145843K->21359K(194560K), [Metaspace: 3233K->3233K(1056768K)], 0.0116317 secs] [Times: user=0.02 sys=0.00, real=0.01 secs] 
225.549: [GC (Allocation Failure) 225.549: [ParNew: 73282K->0K(92160K), 0.0030523 secs] 94641K->31601K(194560K), 0.0031602 secs] [Times: user=0.06 sys=0.00, real=0.00 secs] 
226.559: [GC (Allocation Failure) 226.559: [ParNew: 73282K->0K(92160K), 0.0015430 secs] 104883K->41843K(194560K), 0.0015940 secs] [Times: user=0.00 sys=0.00, real=0.00 secs] 
227.570: [GC (Allocation Failure) 227.570: [ParNew: 73282K->0K(92160K), 0.0048326 secs] 115125K->52083K(194560K), 0.0050064 secs] [Times: user=0.00 sys=0.00, real=0.01 secs] 
228.591: [GC (Allocation Failure) 228.591: [ParNew: 73282K->0K(92160K), 0.0026561 secs] 125365K->62323K(194560K), 0.0027482 secs] [Times: user=0.05 sys=0.00, real=0.00 secs] 
229.602: [GC (Allocation Failure) 229.602: [ParNew: 73282K->0K(92160K), 0.0010208 secs] 135605K->62323K(194560K), 0.0011700 secs] [Times: user=0.00 sys=0.00, real=0.00 secs] 
229.621: [GC (Allocation Failure) 229.621: [ParNew (promotion failed): 73282K->73282K(92160K), 0.0129194 secs]229.634: [CMS: 93045K->41839K(102400K), 0.0129144 secs] 135605K->41839K(194560K), [Metaspace: 3233K->3233K(1056768K)], 0.0259948 secs] [Times: user=0.08 sys=0.00, real=0.03 secs] 
229.648: [GC (CMS Initial Mark) [1 CMS-initial-mark: 41839K(102400K)] 52079K(194560K), 0.0002973 secs] [Times: user=0.00 sys=0.00, real=0.00 secs] 
229.649: [CMS-concurrent-mark-start]
229.651: [CMS-concurrent-mark: 0.002/0.002 secs] [Times: user=0.00 sys=0.00, real=0.00 secs] 
229.651: [CMS-concurrent-preclean-start]
229.651: [CMS-concurrent-preclean: 0.000/0.000 secs] [Times: user=0.00 sys=0.00, real=0.00 secs] 
229.651: [CMS-concurrent-abortable-preclean-start]
230.655: [GC (Allocation Failure) 230.655: [ParNew: 73282K->0K(92160K), 0.0070125 secs] 115121K->72561K(194560K), 0.0071083 secs] [Times: user=0.00 sys=0.00, real=0.01 secs] 
231.673: [GC (Allocation Failure) 231.673: [ParNew: 73282K->73282K(92160K), 0.0000619 secs]231.673: [CMS231.673: [CMS-concurrent-abortable-preclean: 0.006/2.023 secs] [Times: user=0.03 sys=0.00, real=2.02 secs] 
 (concurrent mode failure): 72561K->21359K(102400K), 0.0068819 secs] 145843K->21359K(194560K), [Metaspace: 3233K->3233K(1056768K)], 0.0070421 secs] [Times: user=0.00 sys=0.00, real=0.01 secs] 
232.694: [GC (Allocation Failure) 232.694: [ParNew: 73282K->0K(92160K), 0.0051595 secs] 94641K->31601K(194560K), 0.0053274 secs] [Times: user=0.06 sys=0.00, real=0.01 secs] 
233.712: [GC (Allocation Failure) 233.712: [ParNew: 73282K->0K(92160K), 0.0016338 secs] 104883K->41843K(194560K), 0.0016950 secs] [Times: user=0.00 sys=0.00, real=0.00 secs] 
234.717: [GC (Allocation Failure) 234.717: [ParNew: 73282K->0K(92160K), 0.0018530 secs] 115125K->52083K(194560K), 0.0019258 secs] [Times: user=0.00 sys=0.00, real=0.00 secs] 
235.724: [GC (Allocation Failure) 235.724: [ParNew: 73282K->0K(92160K), 0.0030147 secs] 125365K->62325K(194560K), 0.0031145 secs] [Times: user=0.00 sys=0.00, real=0.00 secs] 
236.736: [GC (Allocation Failure) 236.736: [ParNew: 73282K->0K(92160K), 0.0005399 secs] 135607K->62325K(194560K), 0.0006171 secs] [Times: user=0.00 sys=0.00, real=0.00 secs] 
236.746: [GC (Allocation Failure) 236.746: [ParNew (promotion failed): 73282K->73282K(92160K), 0.0078787 secs]236.754: [CMS: 93045K->41839K(102400K), 0.0147173 secs] 135607K->41839K(194560K), [Metaspace: 3233K->3233K(1056768K)], 0.0227397 secs] [Times: user=0.08 sys=0.00, real=0.02 secs] 
236.770: [GC (CMS Initial Mark) [1 CMS-initial-mark: 41839K(102400K)] 52079K(194560K), 0.0001938 secs] [Times: user=0.00 sys=0.00, real=0.00 secs] 
236.770: [CMS-concurrent-mark-start]
236.772: [CMS-concurrent-mark: 0.002/0.002 secs] [Times: user=0.00 sys=0.00, real=0.00 secs] 
236.772: [CMS-concurrent-preclean-start]
236.772: [CMS-concurrent-preclean: 0.000/0.000 secs] [Times: user=0.00 sys=0.00, real=0.00 secs] 
236.772: [CMS-concurrent-abortable-preclean-start]
237.781: [GC (Allocation Failure) 237.781: [ParNew: 73282K->0K(92160K), 0.0109718 secs] 115121K->72561K(194560K), 0.0111083 secs] [Times: user=0.00 sys=0.00, real=0.01 secs] 
238.808: [GC (Allocation Failure) 238.808: [ParNew: 73282K->73282K(92160K), 0.0000448 secs]238.808: [CMS238.808: [CMS-concurrent-abortable-preclean: 0.006/2.036 secs] [Times: user=0.02 sys=0.00, real=2.04 secs] 
 (concurrent mode failure): 72561K->21359K(102400K), 0.0128711 secs] 145843K->21359K(194560K), [Metaspace: 3233K->3233K(1056768K)], 0.0130836 secs] [Times: user=0.01 sys=0.00, real=0.01 secs] 
239.830: [GC (Allocation Failure) 239.830: [ParNew: 73282K->0K(92160K), 0.0029089 secs] 94641K->31601K(194560K), 0.0029945 secs] [Times: user=0.00 sys=0.00, real=0.00 secs] 
240.841: [GC (Allocation Failure) 240.841: [ParNew: 73282K->0K(92160K), 0.0028110 secs] 104883K->41841K(194560K), 0.0029208 secs] [Times: user=0.00 sys=0.00, real=0.00 secs] 
241.851: [GC (Allocation Failure) 241.852: [ParNew: 73282K->0K(92160K), 0.0019921 secs] 115123K->52081K(194560K), 0.0020633 secs] [Times: user=0.06 sys=0.00, real=0.00 secs] 
242.860: [GC (Allocation Failure) 242.861: [ParNew: 73282K->0K(92160K), 0.0044603 secs] 125363K->62321K(194560K), 0.0046062 secs] [Times: user=0.00 sys=0.00, real=0.00 secs] 
243.879: [GC (Allocation Failure) 243.879: [ParNew: 73282K->0K(92160K), 0.0013738 secs] 135603K->62321K(194560K), 0.0014948 secs] [Times: user=0.06 sys=0.00, real=0.00 secs] 
243.895: [GC (Allocation Failure) 243.896: [ParNew (promotion failed): 73282K->73282K(92160K), 0.0116137 secs]243.907: [CMS: 93043K->41839K(102400K), 0.0144688 secs] 135603K->41839K(194560K), [Metaspace: 3233K->3233K(1056768K)], 0.0262573 secs] [Times: user=0.08 sys=0.00, real=0.03 secs] 
243.923: [GC (CMS Initial Mark) [1 CMS-initial-mark: 41839K(102400K)] 52079K(194560K), 0.0001760 secs] [Times: user=0.00 sys=0.00, real=0.00 secs] 
243.923: [CMS-concurrent-mark-start]
243.925: [CMS-concurrent-mark: 0.002/0.002 secs] [Times: user=0.00 sys=0.00, real=0.00 secs] 
243.925: [CMS-concurrent-preclean-start]
243.925: [CMS-concurrent-preclean: 0.000/0.000 secs] [Times: user=0.00 sys=0.00, real=0.00 secs] 
243.925: [CMS-concurrent-abortable-preclean-start]
244.926: [GC (Allocation Failure) 244.926: [ParNew: 73282K->0K(92160K), 0.0043797 secs] 115121K->72561K(194560K), 0.0044485 secs] [Times: user=0.00 sys=0.00, real=0.00 secs] 
245.945: [GC (Allocation Failure) 245.945: [ParNew: 73282K->73282K(92160K), 0.0000510 secs]245.945: [CMS245.945: [CMS-concurrent-abortable-preclean: 0.004/2.020 secs] [Times: user=0.03 sys=0.00, real=2.02 secs] 
 (concurrent mode failure): 72561K->21359K(102400K), 0.0116370 secs] 145843K->21359K(194560K), [Metaspace: 3233K->3233K(1056768K)], 0.0118591 secs] [Times: user=0.02 sys=0.00, real=0.01 secs] 
246.961: [GC (Allocation Failure) 246.961: [ParNew: 73282K->0K(92160K), 0.0016409 secs] 94641K->31601K(194560K), 0.0017038 secs] [Times: user=0.00 sys=0.00, real=0.00 secs] 
247.969: [GC (Allocation Failure) 247.969: [ParNew: 73282K->0K(92160K), 0.0025547 secs] 104883K->41843K(194560K), 0.0026281 secs] [Times: user=0.00 sys=0.00, real=0.00 secs] 
248.979: [GC (Allocation Failure) 248.979: [ParNew: 73282K->0K(92160K), 0.0038392 secs] 115125K->52083K(194560K), 0.0039583 secs] [Times: user=0.05 sys=0.00, real=0.00 secs] 
249.993: [GC (Allocation Failure) 249.993: [ParNew: 73282K->0K(92160K), 0.0019862 secs] 125365K->62323K(194560K), 0.0020633 secs] [Times: user=0.00 sys=0.00, real=0.00 secs] 
251.001: [GC (Allocation Failure) 251.001: [ParNew: 73282K->0K(92160K), 0.0012677 secs] 135605K->62323K(194560K), 0.0014058 secs] [Times: user=0.00 sys=0.00, real=0.00 secs] 
251.020: [GC (Allocation Failure) 251.020: [ParNew (promotion failed): 73282K->73282K(92160K), 0.0105077 secs]251.030: [CMS: 93043K->41839K(102400K), 0.0156025 secs] 135605K->41839K(194560K), [Metaspace: 3233K->3233K(1056768K)], 0.0262937 secs] [Times: user=0.08 sys=0.00, real=0.03 secs] 
251.048: [GC (CMS Initial Mark) [1 CMS-initial-mark: 41839K(102400K)] 52079K(194560K), 0.0002000 secs] [Times: user=0.00 sys=0.00, real=0.00 secs] 
251.048: [CMS-concurrent-mark-start]
251.050: [CMS-concurrent-mark: 0.002/0.002 secs] [Times: user=0.00 sys=0.00, real=0.00 secs] 
251.050: [CMS-concurrent-preclean-start]
251.050: [CMS-concurrent-preclean: 0.000/0.000 secs] [Times: user=0.00 sys=0.00, real=0.00 secs] 
251.050: [CMS-concurrent-abortable-preclean-start]
252.054: [GC (Allocation Failure) 252.054: [ParNew: 73282K->0K(92160K), 0.0074871 secs] 115121K->72561K(194560K), 0.0075820 secs] [Times: user=0.06 sys=0.00, real=0.01 secs] 
253.069: [GC (Allocation Failure) 253.069: [ParNew: 73282K->73282K(92160K), 0.0000230 secs]253.069: [CMS253.069: [CMS-concurrent-abortable-preclean: 0.006/2.019 secs] [Times: user=0.08 sys=0.00, real=2.02 secs] 
 (concurrent mode failure): 72561K->21359K(102400K), 0.0082261 secs] 145843K->21359K(194560K), [Metaspace: 3233K->3233K(1056768K)], 0.0083623 secs] [Times: user=0.00 sys=0.00, real=0.01 secs] 
254.083: [GC (Allocation Failure) 254.083: [ParNew: 73282K->0K(92160K), 0.0015654 secs] 94641K->31601K(194560K), 0.0016356 secs] [Times: user=0.00 sys=0.00, real=0.00 secs] 
255.092: [GC (Allocation Failure) 255.092: [ParNew: 73282K->0K(92160K), 0.0038958 secs] 104883K->41843K(194560K), 0.0040267 secs] [Times: user=0.00 sys=0.00, real=0.00 secs] 
256.110: [GC (Allocation Failure) 256.110: [ParNew: 73282K->0K(92160K), 0.0040983 secs] 115125K->52085K(194560K), 0.0042165 secs] [Times: user=0.06 sys=0.00, real=0.00 secs] 
257.123: [GC (Allocation Failure) 257.123: [ParNew: 73282K->0K(92160K), 0.0018596 secs] 125367K->62325K(194560K), 0.0019361 secs] [Times: user=0.05 sys=0.00, real=0.00 secs] 
258.130: [GC (Allocation Failure) 258.130: [ParNew: 73282K->0K(92160K), 0.0011617 secs] 135607K->62325K(194560K), 0.0012885 secs] [Times: user=0.00 sys=0.00, real=0.00 secs] 
258.141: [GC (Allocation Failure) 258.141: [ParNew (promotion failed): 73282K->73282K(92160K), 0.0071851 secs]258.148: [CMS: 93045K->41839K(102400K), 0.0129330 secs] 135607K->41839K(194560K), [Metaspace: 3233K->3233K(1056768K)], 0.0202466 secs] [Times: user=0.02 sys=0.00, real=0.02 secs] 
258.163: [GC (CMS Initial Mark) [1 CMS-initial-mark: 41839K(102400K)] 52079K(194560K), 0.0001742 secs] [Times: user=0.00 sys=0.00, real=0.00 secs] 
258.163: [CMS-concurrent-mark-start]
258.164: [CMS-concurrent-mark: 0.001/0.001 secs] [Times: user=0.00 sys=0.00, real=0.00 secs] 
258.164: [CMS-concurrent-preclean-start]
258.164: [CMS-concurrent-preclean: 0.000/0.000 secs] [Times: user=0.00 sys=0.00, real=0.00 secs] 
258.164: [CMS-concurrent-abortable-preclean-start]
259.170: [GC (Allocation Failure) 259.170: [ParNew: 73282K->0K(92160K), 0.0072958 secs] 115121K->72561K(194560K), 0.0073808 secs] [Times: user=0.00 sys=0.00, real=0.01 secs] 
260.188: [GC (Allocation Failure) 260.189: [ParNew: 73282K->73282K(92160K), 0.0000317 secs]260.189: [CMS260.189: [CMS-concurrent-abortable-preclean: 0.004/2.024 secs] [Times: user=0.03 sys=0.00, real=2.02 secs] 
 (concurrent mode failure): 72561K->21359K(102400K), 0.0112336 secs] 145843K->21359K(194560K), [Metaspace: 3233K->3233K(1056768K)], 0.0114094 secs] [Times: user=0.02 sys=0.00, real=0.01 secs] 
261.209: [GC (Allocation Failure) 261.209: [ParNew: 73282K->0K(92160K), 0.0028415 secs] 94641K->31601K(194560K), 0.0030063 secs] [Times: user=0.02 sys=0.00, real=0.00 secs] 
262.220: [GC (Allocation Failure) 262.220: [ParNew: 73282K->0K(92160K), 0.0026365 secs] 104883K->41843K(194560K), 0.0027276 secs] [Times: user=0.00 sys=0.00, real=0.00 secs] 
263.231: [GC (Allocation Failure) 263.231: [ParNew: 73282K->0K(92160K), 0.0020353 secs] 115125K->52085K(194560K), 0.0021096 secs] [Times: user=0.00 sys=0.00, real=0.00 secs] 
264.240: [GC (Allocation Failure) 264.240: [ParNew: 73282K->0K(92160K), 0.0061569 secs] 125367K->62325K(194560K), 0.0063463 secs] [Times: user=0.00 sys=0.00, real=0.01 secs] 
265.260: [GC (Allocation Failure) 265.260: [ParNew: 73282K->0K(92160K), 0.0003505 secs] 135607K->62325K(194560K), 0.0003906 secs] [Times: user=0.00 sys=0.00, real=0.00 secs] 
265.264: [GC (Allocation Failure) 265.264: [ParNew (promotion failed): 73282K->73282K(92160K), 0.0046693 secs]265.269: [CMS: 93045K->41839K(102400K), 0.0086183 secs] 135607K->41839K(194560K), [Metaspace: 3233K->3233K(1056768K)], 0.0133669 secs] [Times: user=0.06 sys=0.00, real=0.01 secs] 
265.278: [GC (CMS Initial Mark) [1 CMS-initial-mark: 41839K(102400K)] 52079K(194560K), 0.0001309 secs] [Times: user=0.00 sys=0.00, real=0.00 secs] 
265.279: [CMS-concurrent-mark-start]
265.280: [CMS-concurrent-mark: 0.001/0.001 secs] [Times: user=0.00 sys=0.00, real=0.00 secs] 
265.280: [CMS-concurrent-preclean-start]
265.280: [CMS-concurrent-preclean: 0.000/0.000 secs] [Times: user=0.00 sys=0.00, real=0.00 secs] 
265.280: [CMS-concurrent-abortable-preclean-start]
266.286: [GC (Allocation Failure) 266.286: [ParNew: 73282K->0K(92160K), 0.0083645 secs] 115121K->72561K(194560K), 0.0084622 secs] [Times: user=0.00 sys=0.00, real=0.01 secs] 
267.310: [GC (Allocation Failure) 267.310: [ParNew: 73282K->73282K(92160K), 0.0000473 secs]267.310: [CMS267.310: [CMS-concurrent-abortable-preclean: 0.005/2.030 secs] [Times: user=0.03 sys=0.00, real=2.03 secs] 
 (concurrent mode failure): 72561K->21359K(102400K), 0.0088525 secs] 145843K->21359K(194560K), [Metaspace: 3233K->3233K(1056768K)], 0.0090519 secs] [Times: user=0.02 sys=0.00, real=0.01 secs] 
268.323: [GC (Allocation Failure) 268.323: [ParNew: 73282K->0K(92160K), 0.0015601 secs] 94641K->31601K(194560K), 0.0016207 secs] [Times: user=0.00 sys=0.02, real=0.00 secs] 
269.329: [GC (Allocation Failure) 269.329: [ParNew: 73282K->0K(92160K), 0.0016167 secs] 104883K->41843K(194560K), 0.0016866 secs] [Times: user=0.00 sys=0.00, real=0.00 secs] 
270.335: [GC (Allocation Failure) 270.335: [ParNew: 73282K->0K(92160K), 0.0022686 secs] 115125K->52083K(194560K), 0.0023451 secs] [Times: user=0.00 sys=0.00, real=0.00 secs] 
271.345: [GC (Allocation Failure) 271.345: [ParNew: 73282K->0K(92160K), 0.0040812 secs] 125365K->62323K(194560K), 0.0042280 secs] [Times: user=0.00 sys=0.00, real=0.00 secs] 
272.363: [GC (Allocation Failure) 272.363: [ParNew: 73282K->0K(92160K), 0.0003231 secs] 135605K->62323K(194560K), 0.0003872 secs] [Times: user=0.00 sys=0.00, real=0.00 secs] 
272.368: [GC (Allocation Failure) 272.368: [ParNew (promotion failed): 73282K->73282K(92160K), 0.0047604 secs]272.373: [CMS: 93043K->41839K(102400K), 0.0073301 secs] 135605K->41839K(194560K), [Metaspace: 3233K->3233K(1056768K)], 0.0121714 secs] [Times: user=0.00 sys=0.00, real=0.01 secs] 
272.381: [GC (CMS Initial Mark) [1 CMS-initial-mark: 41839K(102400K)] 52079K(194560K), 0.0001418 secs] [Times: user=0.00 sys=0.00, real=0.00 secs] 
272.381: [CMS-concurrent-mark-start]
272.382: [CMS-concurrent-mark: 0.001/0.001 secs] [Times: user=0.00 sys=0.00, real=0.00 secs] 
272.382: [CMS-concurrent-preclean-start]
272.382: [CMS-concurrent-preclean: 0.000/0.000 secs] [Times: user=0.00 sys=0.00, real=0.00 secs] 
272.382: [CMS-concurrent-abortable-preclean-start]
273.388: [GC (Allocation Failure) 273.388: [ParNew: 73282K->0K(92160K), 0.0066293 secs] 115121K->72561K(194560K), 0.0067164 secs] [Times: user=0.00 sys=0.00, real=0.01 secs] 
274.400: [GC (Allocation Failure) 274.400: [ParNew: 73282K->73282K(92160K), 0.0000143 secs]274.400: [CMS274.400: [CMS-concurrent-abortable-preclean: 0.004/2.018 secs] [Times: user=0.02 sys=0.00, real=2.02 secs] 
 (concurrent mode failure): 72561K->21359K(102400K), 0.0058306 secs] 145843K->21359K(194560K), [Metaspace: 3233K->3233K(1056768K)], 0.0059299 secs] [Times: user=0.00 sys=0.00, real=0.01 secs] 
275.412: [GC (Allocation Failure) 275.412: [ParNew: 73282K->0K(92160K), 0.0025342 secs] 94641K->31601K(194560K), 0.0026194 secs] [Times: user=0.00 sys=0.00, real=0.00 secs] 
276.423: [GC (Allocation Failure) 276.423: [ParNew: 73282K->0K(92160K), 0.0026253 secs] 104883K->41841K(194560K), 0.0027198 secs] [Times: user=0.00 sys=0.00, real=0.00 secs] 
277.437: [GC (Allocation Failure) 277.437: [ParNew: 73282K->0K(92160K), 0.0046534 secs] 115123K->52083K(194560K), 0.0048034 secs] [Times: user=0.00 sys=0.00, real=0.00 secs] 
278.457: [GC (Allocation Failure) 278.457: [ParNew: 73282K->0K(92160K), 0.0016742 secs] 125365K->62323K(194560K), 0.0017330 secs] [Times: user=0.00 sys=0.00, real=0.00 secs] 
279.463: [GC (Allocation Failure) 279.463: [ParNew: 73282K->0K(92160K), 0.0011794 secs] 135605K->62323K(194560K), 0.0012945 secs] [Times: user=0.06 sys=0.00, real=0.00 secs] 
279.478: [GC (Allocation Failure) 279.478: [ParNew (promotion failed): 73282K->73282K(92160K), 0.0127237 secs]279.491: [CMS: 93043K->41839K(102400K), 0.0092484 secs] 135605K->41839K(194560K), [Metaspace: 3233K->3233K(1056768K)], 0.0221258 secs] [Times: user=0.08 sys=0.00, real=0.02 secs] 
279.501: [GC (CMS Initial Mark) [1 CMS-initial-mark: 41839K(102400K)] 52079K(194560K), 0.0001319 secs] [Times: user=0.00 sys=0.00, real=0.00 secs] 
279.501: [CMS-concurrent-mark-start]
279.502: [CMS-concurrent-mark: 0.001/0.001 secs] [Times: user=0.00 sys=0.00, real=0.00 secs] 
279.502: [CMS-concurrent-preclean-start]
279.502: [CMS-concurrent-preclean: 0.000/0.000 secs] [Times: user=0.00 sys=0.00, real=0.00 secs] 
279.502: [CMS-concurrent-abortable-preclean-start]
280.540: [GC (Allocation Failure) 280.540: [ParNew: 73282K->0K(92160K), 0.0045471 secs] 115121K->72561K(194560K), 0.0045959 secs] [Times: user=0.05 sys=0.00, real=0.01 secs] 
281.553: [GC (Allocation Failure) 281.553: [ParNew: 73282K->73282K(92160K), 0.0000168 secs]281.553: [CMS281.553: [CMS-concurrent-abortable-preclean: 0.007/2.051 secs] [Times: user=0.05 sys=0.00, real=2.05 secs] 
 (concurrent mode failure): 72561K->21359K(102400K), 0.0061071 secs] 145843K->21359K(194560K), [Metaspace: 3233K->3233K(1056768K)], 0.0062092 secs] [Times: user=0.01 sys=0.00, real=0.01 secs] 
282.566: [GC (Allocation Failure) 282.566: [ParNew: 73282K->0K(92160K), 0.0031043 secs] 94641K->31601K(194560K), 0.0032081 secs] [Times: user=0.06 sys=0.00, real=0.00 secs] 
283.579: [GC (Allocation Failure) 283.580: [ParNew: 73282K->0K(92160K), 0.0039897 secs] 104883K->41841K(194560K), 0.0041322 secs] [Times: user=0.06 sys=0.00, real=0.00 secs] 
284.595: [GC (Allocation Failure) 284.595: [ParNew: 73282K->0K(92160K), 0.0021081 secs] 115123K->52083K(194560K), 0.0021787 secs] [Times: user=0.06 sys=0.00, real=0.00 secs] 
285.601: [GC (Allocation Failure) 285.601: [ParNew: 73282K->0K(92160K), 0.0078426 secs] 125365K->62323K(194560K), 0.0079269 secs] [Times: user=0.00 sys=0.00, real=0.01 secs] 
286.615: [GC (Allocation Failure) 286.615: [ParNew: 73282K->0K(92160K), 0.0009200 secs] 135605K->62323K(194560K), 0.0010313 secs] [Times: user=0.00 sys=0.00, real=0.00 secs] 
286.630: [GC (Allocation Failure) 286.630: [ParNew (promotion failed): 73282K->73282K(92160K), 0.0081847 secs]286.639: [CMS: 93043K->41839K(102400K), 0.0113935 secs] 135605K->41839K(194560K), [Metaspace: 3233K->3233K(1056768K)], 0.0197272 secs] [Times: user=0.01 sys=0.00, real=0.02 secs] 
286.651: [GC (CMS Initial Mark) [1 CMS-initial-mark: 41839K(102400K)] 52079K(194560K), 0.0001599 secs] [Times: user=0.00 sys=0.00, real=0.00 secs] 
286.651: [CMS-concurrent-mark-start]
286.653: [CMS-concurrent-mark: 0.002/0.002 secs] [Times: user=0.00 sys=0.00, real=0.00 secs] 
286.653: [CMS-concurrent-preclean-start]
286.653: [CMS-concurrent-preclean: 0.000/0.000 secs] [Times: user=0.00 sys=0.00, real=0.00 secs] 
286.653: [CMS-concurrent-abortable-preclean-start]
287.654: [GC (Allocation Failure) 287.654: [ParNew: 73282K->0K(92160K), 0.0043822 secs] 115121K->72561K(194560K), 0.0044889 secs] [Times: user=0.00 sys=0.00, real=0.01 secs] 
288.664: [GC (Allocation Failure) 288.664: [ParNew: 73282K->73282K(92160K), 0.0000264 secs]288.664: [CMS288.664: [CMS-concurrent-abortable-preclean: 0.004/2.011 secs] [Times: user=0.02 sys=0.00, real=2.01 secs] 
 (concurrent mode failure): 72561K->21359K(102400K), 0.0063955 secs] 145843K->21359K(194560K), [Metaspace: 3233K->3233K(1056768K)], 0.0065199 secs] [Times: user=0.01 sys=0.00, real=0.01 secs] 
289.677: [GC (Allocation Failure) 289.677: [ParNew: 73282K->0K(92160K), 0.0021358 secs] 94641K->31601K(194560K), 0.0022148 secs] [Times: user=0.00 sys=0.00, real=0.00 secs] 
290.686: [GC (Allocation Failure) 290.686: [ParNew: 73282K->0K(92160K), 0.0183830 secs] 104883K->31601K(194560K), 0.0184586 secs] [Times: user=0.02 sys=0.00, real=0.02 secs] 
291.712: [GC (Allocation Failure) 291.712: [ParNew: 73282K->0K(92160K), 0.0004983 secs] 104883K->31601K(194560K), 0.0005580 secs] [Times: user=0.00 sys=0.00, real=0.00 secs] 
292.720: [GC (Allocation Failure) 292.720: [ParNew: 73295K->0K(92160K), 0.0006457 secs] 104896K->31601K(194560K), 0.0007303 secs] [Times: user=0.00 sys=0.00, real=0.00 secs] 
293.731: [GC (Allocation Failure) 293.731: [ParNew: 73290K->0K(92160K), 0.0009047 secs] 104891K->31601K(194560K), 0.0010282 secs] [Times: user=0.00 sys=0.00, real=0.00 secs] 
293.747: [GC (Allocation Failure) 293.747: [ParNew: 73287K->0K(92160K), 0.0007228 secs] 104889K->31601K(194560K), 0.0008030 secs] [Times: user=0.00 sys=0.00, real=0.00 secs] 
294.755: [GC (Allocation Failure) 294.755: [ParNew: 73286K->0K(92160K), 0.0002973 secs] 104887K->31601K(194560K), 0.0003490 secs] [Times: user=0.00 sys=0.00, real=0.00 secs] 
295.772: [GC (Allocation Failure) 295.772: [ParNew: 73284K->0K(92160K), 0.0010637 secs] 104885K->31601K(194560K), 0.0011971 secs] [Times: user=0.00 sys=0.00, real=0.00 secs] 
296.787: [GC (Allocation Failure) 296.787: [ParNew: 73284K->0K(92160K), 0.0055109 secs] 104885K->31601K(194560K), 0.0055812 secs] [Times: user=0.00 sys=0.00, real=0.01 secs] 
297.803: [GC (Allocation Failure) 297.803: [ParNew: 73283K->0K(92160K), 0.0010089 secs] 104884K->31601K(194560K), 0.0011349 secs] [Times: user=0.00 sys=0.00, real=0.00 secs] 
298.820: [GC (Allocation Failure) 298.820: [ParNew: 73283K->0K(92160K), 0.0030984 secs] 104884K->31601K(194560K), 0.0032212 secs] [Times: user=0.00 sys=0.00, real=0.00 secs] 
299.844: [GC (Allocation Failure) 299.844: [ParNew: 73283K->0K(92160K), 0.0005256 secs] 104884K->31601K(194560K), 0.0005962 secs] [Times: user=0.00 sys=0.00, real=0.00 secs] 
300.855: [GC (Allocation Failure) 300.855: [ParNew: 73282K->0K(92160K), 0.0057370 secs] 104884K->31601K(194560K), 0.0058030 secs] [Times: user=0.00 sys=0.00, real=0.01 secs] 
300.870: [GC (Allocation Failure) 300.870: [ParNew: 73282K->0K(92160K), 0.0004880 secs] 104883K->31601K(194560K), 0.0005524 secs] [Times: user=0.00 sys=0.00, real=0.00 secs] 
301.877: [GC (Allocation Failure) 301.877: [ParNew: 73282K->0K(92160K), 0.0002967 secs] 104883K->31601K(194560K), 0.0003396 secs] [Times: user=0.00 sys=0.00, real=0.00 secs] 
302.885: [GC (Allocation Failure) 302.885: [ParNew: 73282K->0K(92160K), 0.0006267 secs] 104883K->31601K(194560K), 0.0006861 secs] [Times: user=0.00 sys=0.00, real=0.00 secs] 
303.893: [GC (Allocation Failure) 303.893: [ParNew: 73282K->0K(92160K), 0.0004448 secs] 104883K->31601K(194560K), 0.0004945 secs] [Times: user=0.02 sys=0.00, real=0.00 secs] 
304.905: [GC (Allocation Failure) 304.905: [ParNew: 73282K->0K(92160K), 0.0011368 secs] 104883K->31601K(194560K), 0.0012823 secs] [Times: user=0.00 sys=0.00, real=0.00 secs] 
305.922: [GC (Allocation Failure) 305.922: [ParNew: 73282K->0K(92160K), 0.0002889 secs] 104883K->31601K(194560K), 0.0003421 secs] [Times: user=0.00 sys=0.00, real=0.00 secs] 
306.930: [GC (Allocation Failure) 306.930: [ParNew: 73282K->0K(92160K), 0.0003903 secs] 104883K->31601K(194560K), 0.0004401 secs] [Times: user=0.00 sys=0.00, real=0.00 secs] 
307.937: [GC (Allocation Failure) 307.937: [ParNew: 73282K->0K(92160K), 0.0006603 secs] 104883K->31601K(194560K), 0.0007579 secs] [Times: user=0.00 sys=0.00, real=0.00 secs] 
307.950: [GC (Allocation Failure) 307.950: [ParNew: 73282K->0K(92160K), 0.0006967 secs] 104883K->31601K(194560K), 0.0007872 secs] [Times: user=0.00 sys=0.00, real=0.00 secs] 
308.960: [GC (Allocation Failure) 308.960: [ParNew: 73282K->0K(92160K), 0.0004124 secs] 104883K->31601K(194560K), 0.0004647 secs] [Times: user=0.00 sys=0.00, real=0.00 secs] 
309.968: [GC (Allocation Failure) 309.968: [ParNew: 73282K->0K(92160K), 0.0003095 secs] 104883K->31601K(194560K), 0.0003794 secs] [Times: user=0.00 sys=0.00, real=0.00 secs] 
310.975: [GC (Allocation Failure) 310.975: [ParNew: 73282K->0K(92160K), 0.0003723 secs] 104883K->31601K(194560K), 0.0004202 secs] [Times: user=0.00 sys=0.00, real=0.00 secs] 
312.036: [GC (Allocation Failure) 312.036: [ParNew: 73282K->0K(92160K), 0.0004513 secs] 104883K->31601K(194560K), 0.0005334 secs] [Times: user=0.00 sys=0.00, real=0.00 secs] 
313.044: [GC (Allocation Failure) 313.044: [ParNew: 73282K->0K(92160K), 0.0006724 secs] 104883K->31601K(194560K), 0.0007533 secs] [Times: user=0.00 sys=0.00, real=0.00 secs] 
314.054: [GC (Allocation Failure) 314.054: [ParNew: 73282K->0K(92160K), 0.0003891 secs] 104883K->31601K(194560K), 0.0004472 secs] [Times: user=0.00 sys=0.00, real=0.00 secs] 
315.126: [GC (Allocation Failure) 315.126: [ParNew: 73282K->0K(92160K), 0.0003011 secs] 104883K->31601K(194560K), 0.0003542 secs] [Times: user=0.00 sys=0.00, real=0.00 secs] 
315.137: [GC (Allocation Failure) 315.137: [ParNew: 73282K->0K(92160K), 0.0095498 secs] 104883K->31601K(194560K), 0.0096285 secs] [Times: user=0.03 sys=0.00, real=0.01 secs] 
316.158: [GC (Allocation Failure) 316.158: [ParNew: 73282K->0K(92160K), 0.0003909 secs] 104883K->31601K(194560K), 0.0004451 secs] [Times: user=0.00 sys=0.00, real=0.00 secs] 
317.165: [GC (Allocation Failure) 317.165: [ParNew: 73282K->0K(92160K), 0.0004342 secs] 104883K->31601K(194560K), 0.0004839 secs] [Times: user=0.00 sys=0.00, real=0.00 secs] 
318.180: [GC (Allocation Failure) 318.180: [ParNew: 73282K->0K(92160K), 0.0010889 secs] 104883K->31601K(194560K), 0.0012494 secs] [Times: user=0.00 sys=0.00, real=0.00 secs] 
319.196: [GC (Allocation Failure) 319.196: [ParNew: 73282K->0K(92160K), 0.0006385 secs] 104883K->31601K(194560K), 0.0007160 secs] [Times: user=0.03 sys=0.00, real=0.00 secs] 
320.206: [GC (Allocation Failure) 320.206: [ParNew: 73282K->0K(92160K), 0.0009673 secs] 104883K->31601K(194560K), 0.0010802 secs] [Times: user=0.00 sys=0.00, real=0.00 secs] 
321.220: [GC (Allocation Failure) 321.220: [ParNew: 73282K->0K(92160K), 0.0004161 secs] 104883K->31601K(194560K), 0.0004768 secs] [Times: user=0.00 sys=0.00, real=0.00 secs] 
322.228: [GC (Allocation Failure) 322.228: [ParNew: 73282K->0K(92160K), 0.0003160 secs] 104883K->31601K(194560K), 0.0003661 secs] [Times: user=0.00 sys=0.00, real=0.00 secs] 
322.235: [GC (Allocation Failure) 322.235: [ParNew: 73282K->0K(92160K), 0.0003247 secs] 104883K->31601K(194560K), 0.0003720 secs] [Times: user=0.00 sys=0.00, real=0.00 secs] 
323.243: [GC (Allocation Failure) 323.243: [ParNew: 73282K->0K(92160K), 0.0003941 secs] 104883K->31601K(194560K), 0.0004460 secs] [Times: user=0.00 sys=0.00, real=0.00 secs] 
324.261: [GC (Allocation Failure) 324.261: [ParNew: 73282K->0K(92160K), 0.0002914 secs] 104883K->31601K(194560K), 0.0003350 secs] [Times: user=0.00 sys=0.00, real=0.00 secs] 
325.269: [GC (Allocation Failure) 325.269: [ParNew: 73282K->0K(92160K), 0.0003350 secs] 104883K->31601K(194560K), 0.0003962 secs] [Times: user=0.00 sys=0.00, real=0.00 secs] 
326.277: [GC (Allocation Failure) 326.277: [ParNew: 73282K->0K(92160K), 0.0002952 secs] 104883K->31601K(194560K), 0.0003468 secs] [Times: user=0.00 sys=0.00, real=0.00 secs] 
327.289: [GC (Allocation Failure) 327.289: [ParNew: 73282K->0K(92160K), 0.0011032 secs] 104883K->31601K(194560K), 0.0012378 secs] [Times: user=0.00 sys=0.00, real=0.00 secs] 
328.309: [GC (Allocation Failure) 328.309: [ParNew: 73282K->0K(92160K), 0.0005972 secs] 104883K->31601K(194560K), 0.0006845 secs] [Times: user=0.00 sys=0.00, real=0.00 secs] 
329.320: [GC (Allocation Failure) 329.320: [ParNew: 73282K->0K(92160K), 0.0003791 secs] 104883K->31601K(194560K), 0.0004385 secs] [Times: user=0.00 sys=0.00, real=0.00 secs] 
329.329: [GC (Allocation Failure) 329.329: [ParNew: 73282K->0K(92160K), 0.0004298 secs] 104883K->31601K(194560K), 0.0004945 secs] [Times: user=0.00 sys=0.00, real=0.00 secs] 
330.343: [GC (Allocation Failure) 330.343: [ParNew: 73282K->0K(92160K), 0.0004681 secs] 104883K->31601K(194560K), 0.0005337 secs] [Times: user=0.00 sys=0.00, real=0.00 secs] 
331.351: [GC (Allocation Failure) 331.351: [ParNew: 73282K->0K(92160K), 0.0004628 secs] 104883K->31601K(194560K), 0.0005113 secs] [Times: user=0.00 sys=0.00, real=0.00 secs] 
332.360: [GC (Allocation Failure) 332.360: [ParNew: 73282K->0K(92160K), 0.0003941 secs] 104883K->31601K(194560K), 0.0004625 secs] [Times: user=0.00 sys=0.00, real=0.00 secs] 
333.369: [GC (Allocation Failure) 333.369: [ParNew: 73282K->0K(92160K), 0.0006345 secs] 104883K->31601K(194560K), 0.0007194 secs] [Times: user=0.00 sys=0.00, real=0.00 secs] 
334.384: [GC (Allocation Failure) 334.384: [ParNew: 73282K->0K(92160K), 0.0014512 secs] 104883K->31601K(194560K), 0.0015996 secs] [Times: user=0.00 sys=0.00, real=0.00 secs] 
335.403: [GC (Allocation Failure) 335.404: [ParNew: 73282K->0K(92160K), 0.0003906 secs] 104883K->31601K(194560K), 0.0004444 secs] [Times: user=0.00 sys=0.00, real=0.00 secs] 
336.413: [GC (Allocation Failure) 336.413: [ParNew: 73282K->0K(92160K), 0.0007486 secs] 104883K->31601K(194560K), 0.0008550 secs] [Times: user=0.00 sys=0.00, real=0.00 secs] 
336.428: [GC (Allocation Failure) 336.428: [ParNew: 73282K->0K(92160K), 0.0007601 secs] 104883K->31601K(194560K), 0.0008634 secs] [Times: user=0.00 sys=0.00, real=0.00 secs] 
337.444: [GC (Allocation Failure) 337.444: [ParNew: 73282K->0K(92160K), 0.0009589 secs] 104883K->31601K(194560K), 0.0010789 secs] [Times: user=0.00 sys=0.00, real=0.00 secs] 
338.455: [GC (Allocation Failure) 338.455: [ParNew: 73282K->0K(92160K), 0.0003916 secs] 104883K->31601K(194560K), 0.0004401 secs] [Times: user=0.00 sys=0.00, real=0.00 secs] 
339.464: [GC (Allocation Failure) 339.464: [ParNew: 73282K->0K(92160K), 0.0003347 secs] 104883K->31601K(194560K), 0.0003816 secs] [Times: user=0.00 sys=0.00, real=0.00 secs] 
340.471: [GC (Allocation Failure) 340.471: [ParNew: 73282K->0K(92160K), 0.0004678 secs] 104883K->31601K(194560K), 0.0005262 secs] [Times: user=0.00 sys=0.00, real=0.00 secs] 
341.479: [GC (Allocation Failure) 341.479: [ParNew: 73282K->0K(92160K), 0.0004668 secs] 104883K->31601K(194560K), 0.0005303 secs] [Times: user=0.00 sys=0.00, real=0.00 secs] 
342.489: [GC (Allocation Failure) 342.489: [ParNew: 73282K->0K(92160K), 0.0003452 secs] 104883K->31601K(194560K), 0.0003969 secs] [Times: user=0.00 sys=0.00, real=0.00 secs] 
343.496: [GC (Allocation Failure) 343.497: [ParNew: 73282K->0K(92160K), 0.0128724 secs] 104883K->31601K(194560K), 0.0129470 secs] [Times: user=0.05 sys=0.00, real=0.01 secs] 
343.518: [GC (Allocation Failure) 343.518: [ParNew: 73282K->0K(92160K), 0.0004958 secs] 104883K->31601K(194560K), 0.0005511 secs] [Times: user=0.00 sys=0.00, real=0.00 secs] 
344.535: [GC (Allocation Failure) 344.535: [ParNew: 73282K->0K(92160K), 0.0109954 secs] 104883K->31601K(194560K), 0.0110651 secs] [Times: user=0.00 sys=0.00, real=0.01 secs] 
345.553: [GC (Allocation Failure) 345.553: [ParNew: 73282K->0K(92160K), 0.0004283 secs] 104883K->31601K(194560K), 0.0004942 secs] [Times: user=0.00 sys=0.00, real=0.00 secs] 
346.561: [GC (Allocation Failure) 346.561: [ParNew: 73282K->0K(92160K), 0.0004273 secs] 104883K->31601K(194560K), 0.0004852 secs] [Times: user=0.00 sys=0.00, real=0.00 secs] 
347.573: [GC (Allocation Failure) 347.573: [ParNew: 73282K->0K(92160K), 0.0010516 secs] 104883K->31601K(194560K), 0.0011800 secs] [Times: user=0.00 sys=0.00, real=0.00 secs] 
348.592: [GC (Allocation Failure) 348.592: [ParNew: 73282K->0K(92160K), 0.0006006 secs] 104883K->31601K(194560K), 0.0006740 secs] [Times: user=0.00 sys=0.00, real=0.00 secs] 
349.603: [GC (Allocation Failure) 349.603: [ParNew: 73282K->0K(92160K), 0.0008590 secs] 104883K->31601K(194560K), 0.0010183 secs] [Times: user=0.00 sys=0.00, real=0.00 secs] 
350.619: [GC (Allocation Failure) 350.619: [ParNew: 73282K->0K(92160K), 0.0005869 secs] 104883K->31601K(194560K), 0.0006681 secs] [Times: user=0.00 sys=0.00, real=0.00 secs] 
350.630: [GC (Allocation Failure) 350.630: [ParNew: 73282K->0K(92160K), 0.0009281 secs] 104883K->31601K(194560K), 0.0010176 secs] [Times: user=0.06 sys=0.00, real=0.00 secs] 
351.643: [GC (Allocation Failure) 351.643: [ParNew: 73282K->0K(92160K), 0.0007262 secs] 104883K->31601K(194560K), 0.0008205 secs] [Times: user=0.00 sys=0.00, real=0.00 secs] 
352.660: [GC (Allocation Failure) 352.660: [ParNew: 73282K->0K(92160K), 0.0017451 secs] 104883K->31601K(194560K), 0.0018901 secs] [Times: user=0.00 sys=0.00, real=0.00 secs] 
353.675: [GC (Allocation Failure) 353.675: [ParNew: 73282K->0K(92160K), 0.0005524 secs] 104883K->31601K(194560K), 0.0006046 secs] [Times: user=0.00 sys=0.00, real=0.00 secs] 
354.683: [GC (Allocation Failure) 354.683: [ParNew: 73282K->0K(92160K), 0.0004227 secs] 104883K->31601K(194560K), 0.0004718 secs] [Times: user=0.00 sys=0.00, real=0.00 secs] 
355.693: [GC (Allocation Failure) 355.694: [ParNew: 73282K->0K(92160K), 0.0010553 secs] 104883K->31601K(194560K), 0.0011716 secs] [Times: user=0.00 sys=0.00, real=0.00 secs] 
356.711: [GC (Allocation Failure) 356.711: [ParNew: 73282K->0K(92160K), 0.0010708 secs] 104883K->31601K(194560K), 0.0012136 secs] [Times: user=0.00 sys=0.00, real=0.00 secs] 
357.730: [GC (Allocation Failure) 357.730: [ParNew: 73282K->0K(92160K), 0.0009772 secs] 104883K->31601K(194560K), 0.0011013 secs] [Times: user=0.00 sys=0.00, real=0.00 secs] 
357.747: [GC (Allocation Failure) 357.747: [ParNew: 73282K->0K(92160K), 0.0009271 secs] 104883K->31601K(194560K), 0.0010500 secs] [Times: user=0.00 sys=0.00, real=0.00 secs] 
358.762: [GC (Allocation Failure) 358.762: [ParNew: 73282K->0K(92160K), 0.0008472 secs] 104883K->31601K(194560K), 0.0009570 secs] [Times: user=0.00 sys=0.00, real=0.00 secs] 
359.772: [GC (Allocation Failure) 359.772: [ParNew: 73282K->0K(92160K), 0.0003580 secs] 104883K->31601K(194560K), 0.0004137 secs] [Times: user=0.00 sys=0.00, real=0.00 secs] 
360.782: [GC (Allocation Failure) 360.782: [ParNew: 73282K->0K(92160K), 0.0006223 secs] 104883K->31601K(194560K), 0.0007013 secs] [Times: user=0.00 sys=0.00, real=0.00 secs] 
361.795: [GC (Allocation Failure) 361.795: [ParNew: 73282K->0K(92160K), 0.0008808 secs] 104883K->31601K(194560K), 0.0009750 secs] [Times: user=0.00 sys=0.00, real=0.00 secs] 
362.809: [GC (Allocation Failure) 362.809: [ParNew: 73282K->0K(92160K), 0.0006615 secs] 104883K->31601K(194560K), 0.0007611 secs] [Times: user=0.00 sys=0.00, real=0.00 secs] 
363.823: [GC (Allocation Failure) 363.823: [ParNew: 73282K->0K(92160K), 0.0005427 secs] 104883K->31601K(194560K), 0.0006062 secs] [Times: user=0.00 sys=0.00, real=0.00 secs] 
364.832: [GC (Allocation Failure) 364.832: [ParNew: 73282K->0K(92160K), 0.0010587 secs] 104883K->31601K(194560K), 0.0011704 secs] [Times: user=0.00 sys=0.00, real=0.00 secs] 
364.846: [GC (Allocation Failure) 364.847: [ParNew: 73282K->0K(92160K), 0.0005670 secs] 104883K->31601K(194560K), 0.0006457 secs] [Times: user=0.00 sys=0.00, real=0.00 secs] 
365.856: [GC (Allocation Failure) 365.856: [ParNew: 73282K->0K(92160K), 0.0005399 secs] 104883K->31601K(194560K), 0.0006080 secs] [Times: user=0.02 sys=0.00, real=0.00 secs] 
366.864: [GC (Allocation Failure) 366.864: [ParNew: 73282K->0K(92160K), 0.0003334 secs] 104883K->31601K(194560K), 0.0003801 secs] [Times: user=0.00 sys=0.00, real=0.00 secs] 
367.872: [GC (Allocation Failure) 367.872: [ParNew: 73282K->0K(92160K), 0.0011753 secs] 104883K->31601K(194560K), 0.0012304 secs] [Times: user=0.00 sys=0.00, real=0.00 secs] 
368.947: [GC (Allocation Failure) 368.948: [ParNew: 73282K->0K(92160K), 0.0169909 secs] 104883K->31601K(194560K), 0.0170662 secs] [Times: user=0.03 sys=0.00, real=0.02 secs] 
369.977: [GC (Allocation Failure) 369.977: [ParNew: 73282K->0K(92160K), 0.0008662 secs] 104883K->31601K(194560K), 0.0009390 secs] [Times: user=0.00 sys=0.00, real=0.00 secs] 
370.988: [GC (Allocation Failure) 370.988: [ParNew: 73282K->0K(92160K), 0.0002955 secs] 104883K->31601K(194560K), 0.0003471 secs] [Times: user=0.00 sys=0.00, real=0.00 secs] 
371.996: [GC (Allocation Failure) 371.996: [ParNew: 73282K->0K(92160K), 0.0008945 secs] 104883K->31601K(194560K), 0.0009900 secs] [Times: user=0.00 sys=0.00, real=0.00 secs] 
372.010: [GC (Allocation Failure) 372.010: [ParNew: 73282K->0K(92160K), 0.0008435 secs] 104883K->31601K(194560K), 0.0009415 secs] [Times: user=0.00 sys=0.00, real=0.00 secs] 
373.024: [GC (Allocation Failure) 373.024: [ParNew: 73282K->0K(92160K), 0.0006659 secs] 104883K->31601K(194560K), 0.0007539 secs] [Times: user=0.00 sys=0.00, real=0.00 secs] 
374.036: [GC (Allocation Failure) 374.036: [ParNew: 73282K->0K(92160K), 0.0008071 secs] 104883K->31601K(194560K), 0.0008898 secs] [Times: user=0.00 sys=0.00, real=0.00 secs] 
375.046: [GC (Allocation Failure) 375.046: [ParNew: 73282K->0K(92160K), 0.0026430 secs] 104883K->31601K(194560K), 0.0027276 secs] [Times: user=0.00 sys=0.00, real=0.00 secs] 
376.108: [GC (Allocation Failure) 376.108: [ParNew: 73282K->0K(92160K), 0.0034339 secs] 104883K->31601K(194560K), 0.0034974 secs] [Times: user=0.00 sys=0.00, real=0.00 secs] 
377.120: [GC (Allocation Failure) 377.120: [ParNew: 73282K->0K(92160K), 0.0005427 secs] 104883K->31601K(194560K), 0.0006130 secs] [Times: user=0.00 sys=0.00, real=0.00 secs] 
378.130: [GC (Allocation Failure) 378.130: [ParNew: 73282K->0K(92160K), 0.0009175 secs] 104883K->31601K(194560K), 0.0010391 secs] [Times: user=0.00 sys=0.00, real=0.00 secs] 
379.147: [GC (Allocation Failure) 379.147: [ParNew: 73282K->0K(92160K), 0.0007284 secs] 104883K->31601K(194560K), 0.0008397 secs] [Times: user=0.00 sys=0.00, real=0.00 secs] 
379.161: [GC (Allocation Failure) 379.161: [ParNew: 73282K->0K(92160K), 0.0007222 secs] 104883K->31601K(194560K), 0.0008180 secs] [Times: user=0.00 sys=0.00, real=0.00 secs] 
380.176: [GC (Allocation Failure) 380.176: [ParNew: 73282K->0K(92160K), 0.0009010 secs] 104883K->31601K(194560K), 0.0010282 secs] [Times: user=0.00 sys=0.00, real=0.00 secs] 
381.188: [GC (Allocation Failure) 381.188: [ParNew: 73282K->0K(92160K), 0.0003424 secs] 104883K->31601K(194560K), 0.0003891 secs] [Times: user=0.00 sys=0.00, real=0.00 secs] 
382.195: [GC (Allocation Failure) 382.195: [ParNew: 73282K->0K(92160K), 0.0003850 secs] 104883K->31601K(194560K), 0.0004410 secs] [Times: user=0.00 sys=0.00, real=0.00 secs] 
383.203: [GC (Allocation Failure) 383.203: [ParNew: 73282K->0K(92160K), 0.0004171 secs] 104883K->31601K(194560K), 0.0004740 secs] [Times: user=0.00 sys=0.00, real=0.00 secs] 
384.211: [GC (Allocation Failure) 384.211: [ParNew: 73282K->0K(92160K), 0.0005726 secs] 104883K->31601K(194560K), 0.0006525 secs] [Times: user=0.00 sys=0.00, real=0.00 secs] 
385.222: [GC (Allocation Failure) 385.222: [ParNew: 73282K->0K(92160K), 0.0013103 secs] 104883K->31601K(194560K), 0.0014764 secs] [Times: user=0.00 sys=0.00, real=0.00 secs] 
386.241: [GC (Allocation Failure) 386.241: [ParNew: 73282K->0K(92160K), 0.0003359 secs] 104883K->31601K(194560K), 0.0003841 secs] [Times: user=0.00 sys=0.00, real=0.00 secs] 
386.249: [GC (Allocation Failure) 386.249: [ParNew: 73282K->0K(92160K), 0.0002852 secs] 104883K->31601K(194560K), 0.0003278 secs] [Times: user=0.00 sys=0.00, real=0.00 secs] 
387.260: [GC (Allocation Failure) 387.260: [ParNew: 73282K->0K(92160K), 0.0006429 secs] 104883K->31601K(194560K), 0.0007328 secs] [Times: user=0.00 sys=0.00, real=0.00 secs] 
388.275: [GC (Allocation Failure) 388.275: [ParNew: 73282K->0K(92160K), 0.0008133 secs] 104883K->31601K(194560K), 0.0009352 secs] [Times: user=0.00 sys=0.00, real=0.00 secs] 
389.285: [GC (Allocation Failure) 389.285: [ParNew: 73282K->0K(92160K), 0.0004003 secs] 104883K->31601K(194560K), 0.0004441 secs] [Times: user=0.00 sys=0.00, real=0.00 secs] 
390.294: [GC (Allocation Failure) 390.294: [ParNew: 73282K->0K(92160K), 0.0007380 secs] 104883K->31601K(194560K), 0.0008587 secs] [Times: user=0.00 sys=0.00, real=0.00 secs] 
391.307: [GC (Allocation Failure) 391.307: [ParNew: 73282K->0K(92160K), 0.0006189 secs] 104883K->31601K(194560K), 0.0006889 secs] [Times: user=0.00 sys=0.00, real=0.00 secs] 
392.319: [GC (Allocation Failure) 392.319: [ParNew: 73282K->0K(92160K), 0.0006279 secs] 104883K->31601K(194560K), 0.0007088 secs] [Times: user=0.00 sys=0.00, real=0.00 secs] 
393.331: [GC (Allocation Failure) 393.331: [ParNew: 73282K->0K(92160K), 0.0007436 secs] 104883K->31601K(194560K), 0.0008435 secs] [Times: user=0.00 sys=0.00, real=0.00 secs] 
393.343: [GC (Allocation Failure) 393.343: [ParNew: 73282K->0K(92160K), 0.0008233 secs] 104883K->31601K(194560K), 0.0008901 secs] [Times: user=0.00 sys=0.00, real=0.00 secs] 
394.361: [GC (Allocation Failure) 394.361: [ParNew: 73282K->0K(92160K), 0.0008817 secs] 104883K->31601K(194560K), 0.0010176 secs] [Times: user=0.00 sys=0.00, real=0.00 secs] 
395.370: [GC (Allocation Failure) 395.370: [ParNew: 73282K->0K(92160K), 0.0004494 secs] 104883K->31601K(194560K), 0.0004973 secs] [Times: user=0.06 sys=0.00, real=0.00 secs] 
396.379: [GC (Allocation Failure) 396.379: [ParNew: 73282K->0K(92160K), 0.0004345 secs] 104883K->31601K(194560K), 0.0004923 secs] [Times: user=0.00 sys=0.00, real=0.00 secs] 
397.391: [GC (Allocation Failure) 397.391: [ParNew: 73282K->0K(92160K), 0.0007421 secs] 104883K->31601K(194560K), 0.0008457 secs] [Times: user=0.00 sys=0.00, real=0.00 secs] 
398.405: [GC (Allocation Failure) 398.405: [ParNew: 73282K->0K(92160K), 0.0006099 secs] 104883K->31601K(194560K), 0.0006870 secs] [Times: user=0.00 sys=0.00, real=0.00 secs] 
399.415: [GC (Allocation Failure) 399.415: [ParNew: 73282K->0K(92160K), 0.0006538 secs] 104883K->31601K(194560K), 0.0007390 secs] [Times: user=0.00 sys=0.00, real=0.00 secs] 
400.427: [GC (Allocation Failure) 400.427: [ParNew: 73282K->0K(92160K), 0.0008506 secs] 104883K->31601K(194560K), 0.0009750 secs] [Times: user=0.00 sys=0.00, real=0.00 secs] 
400.444: [GC (Allocation Failure) 400.444: [ParNew: 73282K->0K(92160K), 0.0010441 secs] 104883K->31601K(194560K), 0.0011719 secs] [Times: user=0.00 sys=0.00, real=0.00 secs] 
401.453: [GC (Allocation Failure) 401.453: [ParNew: 73282K->0K(92160K), 0.0004525 secs] 104883K->31601K(194560K), 0.0005098 secs] [Times: user=0.00 sys=0.00, real=0.00 secs] 
402.460: [GC (Allocation Failure) 402.460: [ParNew: 73282K->0K(92160K), 0.0003235 secs] 104883K->31601K(194560K), 0.0003707 secs] [Times: user=0.00 sys=0.00, real=0.00 secs] 
403.471: [GC (Allocation Failure) 403.471: [ParNew: 73282K->0K(92160K), 0.0261040 secs] 104883K->31601K(194560K), 0.0262337 secs] [Times: user=0.03 sys=0.00, real=0.03 secs] 
404.511: [GC (Allocation Failure) 404.511: [ParNew: 73282K->0K(92160K), 0.0013750 secs] 104883K->31601K(194560K), 0.0015265 secs] [Times: user=0.06 sys=0.00, real=0.00 secs] 
405.530: [GC (Allocation Failure) 405.530: [ParNew: 73282K->0K(92160K), 0.0010316 secs] 104883K->31601K(194560K), 0.0011962 secs] [Times: user=0.00 sys=0.00, real=0.00 secs] 
406.549: [GC (Allocation Failure) 406.549: [ParNew: 73282K->0K(92160K), 0.0003931 secs] 104883K->31601K(194560K), 0.0004454 secs] [Times: user=0.00 sys=0.00, real=0.00 secs] 
407.557: [GC (Allocation Failure) 407.557: [ParNew: 73282K->0K(92160K), 0.0006506 secs] 104883K->31601K(194560K), 0.0007278 secs] [Times: user=0.00 sys=0.00, real=0.00 secs] 
407.570: [GC (Allocation Failure) 407.570: [ParNew: 73282K->0K(92160K), 0.0006836 secs] 104883K->31601K(194560K), 0.0007691 secs] [Times: user=0.02 sys=0.00, real=0.00 secs] 
408.588: [GC (Allocation Failure) 408.588: [ParNew: 73282K->0K(92160K), 0.0007374 secs] 104883K->31601K(194560K), 0.0008317 secs] [Times: user=0.00 sys=0.00, real=0.00 secs] 
409.597: [GC (Allocation Failure) 409.597: [ParNew: 73282K->0K(92160K), 0.0003950 secs] 104883K->31601K(194560K), 0.0004668 secs] [Times: user=0.00 sys=0.00, real=0.00 secs] 
410.605: [GC (Allocation Failure) 410.605: [ParNew: 73282K->0K(92160K), 0.0004889 secs] 104883K->31601K(194560K), 0.0005353 secs] [Times: user=0.00 sys=0.00, real=0.00 secs] 
411.615: [GC (Allocation Failure) 411.615: [ParNew: 73282K->0K(92160K), 0.0005735 secs] 104883K->31601K(194560K), 0.0006590 secs] [Times: user=0.00 sys=0.00, real=0.00 secs] 
412.627: [GC (Allocation Failure) 412.627: [ParNew: 73282K->0K(92160K), 0.0004068 secs] 104883K->31601K(194560K), 0.0004597 secs] [Times: user=0.00 sys=0.00, real=0.00 secs] 
413.638: [GC (Allocation Failure) 413.638: [ParNew: 73282K->0K(92160K), 0.0003726 secs] 104883K->31601K(194560K), 0.0004289 secs] [Times: user=0.00 sys=0.00, real=0.00 secs] 
414.648: [GC (Allocation Failure) 414.648: [ParNew: 73282K->0K(92160K), 0.0004068 secs] 104883K->31601K(194560K), 0.0004538 secs] [Times: user=0.00 sys=0.00, real=0.00 secs] 
414.656: [GC (Allocation Failure) 414.656: [ParNew: 73282K->0K(92160K), 0.0002917 secs] 104883K->31601K(194560K), 0.0003303 secs] [Times: user=0.00 sys=0.00, real=0.00 secs] 
415.663: [GC (Allocation Failure) 415.663: [ParNew: 73282K->0K(92160K), 0.0004560 secs] 104883K->31601K(194560K), 0.0005001 secs] [Times: user=0.00 sys=0.00, real=0.00 secs] 
416.673: [GC (Allocation Failure) 416.673: [ParNew: 73282K->0K(92160K), 0.0002948 secs] 104883K->31601K(194560K), 0.0003446 secs] [Times: user=0.00 sys=0.00, real=0.00 secs] 
417.680: [GC (Allocation Failure) 417.680: [ParNew: 73282K->0K(92160K), 0.0003101 secs] 104883K->31601K(194560K), 0.0003997 secs] [Times: user=0.00 sys=0.00, real=0.00 secs] 
418.692: [GC (Allocation Failure) 418.692: [ParNew: 73282K->0K(92160K), 0.0006034 secs] 104883K->31601K(194560K), 0.0006727 secs] [Times: user=0.00 sys=0.00, real=0.00 secs] 
419.702: [GC (Allocation Failure) 419.702: [ParNew: 73282K->0K(92160K), 0.0003412 secs] 104883K->31601K(194560K), 0.0003962 secs] [Times: user=0.00 sys=0.00, real=0.00 secs] 
420.710: [GC (Allocation Failure) 420.710: [ParNew: 73282K->0K(92160K), 0.0003328 secs] 104883K->31601K(194560K), 0.0003969 secs] [Times: user=0.00 sys=0.00, real=0.00 secs] 
421.720: [GC (Allocation Failure) 421.720: [ParNew: 73282K->0K(92160K), 0.0009178 secs] 104883K->31601K(194560K), 0.0010388 secs] [Times: user=0.00 sys=0.00, real=0.00 secs] 
421.738: [GC (Allocation Failure) 421.738: [ParNew: 73282K->0K(92160K), 0.0009741 secs] 104883K->31601K(194560K), 0.0011078 secs] [Times: user=0.00 sys=0.00, real=0.00 secs] 
422.748: [GC (Allocation Failure) 422.748: [ParNew: 73282K->0K(92160K), 0.0005673 secs] 104883K->31601K(194560K), 0.0006208 secs] [Times: user=0.05 sys=0.00, real=0.00 secs] 
423.758: [GC (Allocation Failure) 423.758: [ParNew: 73282K->0K(92160K), 0.0005300 secs] 104883K->31601K(194560K), 0.0005838 secs] [Times: user=0.00 sys=0.00, real=0.00 secs] 
424.774: [GC (Allocation Failure) 424.774: [ParNew: 73282K->0K(92160K), 0.0010895 secs] 104883K->31601K(194560K), 0.0012344 secs] [Times: user=0.00 sys=0.00, real=0.00 secs] 
425.791: [GC (Allocation Failure) 425.791: [ParNew: 73282K->0K(92160K), 0.0005744 secs] 104883K->31601K(194560K), 0.0006886 secs] [Times: user=0.00 sys=0.00, real=0.00 secs] 
426.805: [GC (Allocation Failure) 426.805: [ParNew: 73282K->0K(92160K), 0.0011268 secs] 104883K->31601K(194560K), 0.0012755 secs] [Times: user=0.05 sys=0.00, real=0.00 secs] 
427.823: [GC (Allocation Failure) 427.823: [ParNew: 73282K->0K(92160K), 0.0006444 secs] 104883K->31601K(194560K), 0.0007160 secs] [Times: user=0.00 sys=0.00, real=0.00 secs] 
428.834: [GC (Allocation Failure) 428.834: [ParNew: 73282K->0K(92160K), 0.0008447 secs] 104883K->31601K(194560K), 0.0010099 secs] [Times: user=0.00 sys=0.00, real=0.00 secs] 
428.854: [GC (Allocation Failure) 428.855: [ParNew: 73282K->0K(92160K), 0.0008323 secs] 104883K->31601K(194560K), 0.0009287 secs] [Times: user=0.00 sys=0.00, real=0.00 secs] 
429.865: [GC (Allocation Failure) 429.865: [ParNew: 73282K->0K(92160K), 0.0003135 secs] 104883K->31601K(194560K), 0.0003620 secs] [Times: user=0.00 sys=0.00, real=0.00 secs] 
430.873: [GC (Allocation Failure) 430.873: [ParNew: 73282K->0K(92160K), 0.0004920 secs] 104883K->31601K(194560K), 0.0005496 secs] [Times: user=0.00 sys=0.00, real=0.00 secs] 
431.881: [GC (Allocation Failure) 431.881: [ParNew: 73282K->0K(92160K), 0.0182225 secs] 104883K->31601K(194560K), 0.0182779 secs] [Times: user=0.03 sys=0.00, real=0.02 secs] 
432.909: [GC (Allocation Failure) 432.909: [ParNew: 73282K->0K(92160K), 0.0003337 secs] 104883K->31601K(194560K), 0.0003798 secs] [Times: user=0.00 sys=0.00, real=0.00 secs] 
433.919: [GC (Allocation Failure) 433.919: [ParNew: 73282K->0K(92160K), 0.0007088 secs] 104883K->31601K(194560K), 0.0008183 secs] [Times: user=0.00 sys=0.00, real=0.00 secs] 
434.934: [GC (Allocation Failure) 434.934: [ParNew: 73282K->0K(92160K), 0.0002983 secs] 104883K->31601K(194560K), 0.0003406 secs] [Times: user=0.00 sys=0.00, real=0.00 secs] 
435.945: [GC (Allocation Failure) 435.945: [ParNew: 73282K->0K(92160K), 0.0004413 secs] 104883K->31601K(194560K), 0.0005020 secs] [Times: user=0.00 sys=0.00, real=0.00 secs] 
435.954: [GC (Allocation Failure) 435.954: [ParNew: 73282K->0K(92160K), 0.0004143 secs] 104883K->31601K(194560K), 0.0004768 secs] [Times: user=0.00 sys=0.00, real=0.00 secs] 
436.969: [GC (Allocation Failure) 436.969: [ParNew: 73282K->0K(92160K), 0.0007919 secs] 104883K->31601K(194560K), 0.0008740 secs] [Times: user=0.00 sys=0.00, real=0.00 secs] 
437.979: [GC (Allocation Failure) 437.980: [ParNew: 73282K->0K(92160K), 0.0002967 secs] 104883K->31601K(194560K), 0.0003418 secs] [Times: user=0.00 sys=0.00, real=0.00 secs] 
438.987: [GC (Allocation Failure) 438.987: [ParNew: 73282K->0K(92160K), 0.0012882 secs] 104883K->31601K(194560K), 0.0013501 secs] [Times: user=0.00 sys=0.00, real=0.00 secs] 
439.996: [GC (Allocation Failure) 439.996: [ParNew: 73282K->0K(92160K), 0.0041854 secs] 104883K->31601K(194560K), 0.0042485 secs] [Times: user=0.00 sys=0.00, real=0.00 secs] 
441.011: [GC (Allocation Failure) 441.011: [ParNew: 73282K->0K(92160K), 0.0005231 secs] 104883K->31601K(194560K), 0.0006189 secs] [Times: user=0.00 sys=0.00, real=0.00 secs] 
442.021: [GC (Allocation Failure) 442.021: [ParNew: 73282K->0K(92160K), 0.0005524 secs] 104883K->31601K(194560K), 0.0006301 secs] [Times: user=0.00 sys=0.00, real=0.00 secs] 
443.033: [GC (Allocation Failure) 443.033: [ParNew: 73282K->0K(92160K), 0.0004986 secs] 104883K->31601K(194560K), 0.0005673 secs] [Times: user=0.00 sys=0.00, real=0.00 secs] 
443.043: [GC (Allocation Failure) 443.043: [ParNew: 73282K->0K(92160K), 0.0004712 secs] 104883K->31601K(194560K), 0.0005362 secs] [Times: user=0.00 sys=0.00, real=0.00 secs] 
444.054: [GC (Allocation Failure) 444.054: [ParNew: 73282K->0K(92160K), 0.0006898 secs] 104883K->31601K(194560K), 0.0007766 secs] [Times: user=0.00 sys=0.00, real=0.00 secs] 
445.064: [GC (Allocation Failure) 445.064: [ParNew: 73282K->0K(92160K), 0.0005079 secs] 104883K->31601K(194560K), 0.0005639 secs] [Times: user=0.00 sys=0.00, real=0.00 secs] 
446.072: [GC (Allocation Failure) 446.072: [ParNew: 73282K->0K(92160K), 0.0003070 secs] 104883K->31601K(194560K), 0.0003589 secs] [Times: user=0.00 sys=0.00, real=0.00 secs] 
447.081: [GC (Allocation Failure) 447.081: [ParNew: 73282K->0K(92160K), 0.0007122 secs] 104883K->31601K(194560K), 0.0008111 secs] [Times: user=0.00 sys=0.00, real=0.00 secs] 
448.093: [GC (Allocation Failure) 448.093: [ParNew: 73282K->0K(92160K), 0.0004112 secs] 104883K->31601K(194560K), 0.0004671 secs] [Times: user=0.00 sys=0.00, real=0.00 secs] 
449.103: [GC (Allocation Failure) 449.103: [ParNew: 73282K->0K(92160K), 0.0011396 secs] 104883K->31601K(194560K), 0.0013153 secs] [Times: user=0.00 sys=0.00, real=0.00 secs] 
450.124: [GC (Allocation Failure) 450.124: [ParNew: 73282K->0K(92160K), 0.0004454 secs] 104883K->31601K(194560K), 0.0004895 secs] [Times: user=0.00 sys=0.00, real=0.00 secs] 
450.133: [GC (Allocation Failure) 450.133: [ParNew: 73282K->0K(92160K), 0.0003714 secs] 104883K->31601K(194560K), 0.0004348 secs] [Times: user=0.00 sys=0.00, real=0.00 secs] 
451.143: [GC (Allocation Failure) 451.144: [ParNew: 73282K->0K(92160K), 0.0006681 secs] 104883K->31601K(194560K), 0.0007682 secs] [Times: user=0.00 sys=0.00, real=0.00 secs] 
452.153: [GC (Allocation Failure) 452.153: [ParNew: 73282K->0K(92160K), 0.0004731 secs] 104883K->31601K(194560K), 0.0005222 secs] [Times: user=0.00 sys=0.00, real=0.00 secs] 
453.161: [GC (Allocation Failure) 453.161: [ParNew: 73282K->0K(92160K), 0.0003623 secs] 104883K->31601K(194560K), 0.0004099 secs] [Times: user=0.00 sys=0.00, real=0.00 secs] 
454.169: [GC (Allocation Failure) 454.170: [ParNew: 73282K->0K(92160K), 0.0005094 secs] 104883K->31601K(194560K), 0.0005804 secs] [Times: user=0.00 sys=0.00, real=0.00 secs] 
455.179: [GC (Allocation Failure) 455.179: [ParNew: 73282K->0K(92160K), 0.0005188 secs] 104883K->31601K(194560K), 0.0005959 secs] [Times: user=0.00 sys=0.00, real=0.00 secs] 
456.189: [GC (Allocation Failure) 456.189: [ParNew: 73282K->0K(92160K), 0.0005561 secs] 104883K->31601K(194560K), 0.0006267 secs] [Times: user=0.00 sys=0.00, real=0.00 secs] 
457.198: [GC (Allocation Failure) 457.199: [ParNew: 73282K->0K(92160K), 0.0006040 secs] 104883K->31601K(194560K), 0.0006721 secs] [Times: user=0.00 sys=0.00, real=0.00 secs] 
457.209: [GC (Allocation Failure) 457.209: [ParNew: 73282K->0K(92160K), 0.0007377 secs] 104883K->31601K(194560K), 0.0008105 secs] [Times: user=0.05 sys=0.00, real=0.00 secs] 
458.219: [GC (Allocation Failure) 458.219: [ParNew: 73282K->0K(92160K), 0.0002958 secs] 104883K->31601K(194560K), 0.0003496 secs] [Times: user=0.00 sys=0.00, real=0.00 secs] 
459.226: [GC (Allocation Failure) 459.226: [ParNew: 73282K->0K(92160K), 0.0003256 secs] 104883K->31601K(194560K), 0.0003633 secs] [Times: user=0.00 sys=0.00, real=0.00 secs] 
460.234: [GC (Allocation Failure) 460.234: [ParNew: 73282K->0K(92160K), 0.0003231 secs] 104883K->31601K(194560K), 0.0003770 secs] [Times: user=0.00 sys=0.00, real=0.00 secs] 
461.261: [GC (Allocation Failure) 461.261: [ParNew: 73282K->0K(92160K), 0.0004519 secs] 104883K->31601K(194560K), 0.0005073 secs] [Times: user=0.00 sys=0.00, real=0.00 secs] 
462.276: [GC (Allocation Failure) 462.276: [ParNew: 73282K->0K(92160K), 0.0013343 secs] 104883K->31601K(194560K), 0.0014727 secs] [Times: user=0.00 sys=0.00, real=0.00 secs] 
463.309: [GC (Allocation Failure) 463.309: [ParNew: 73282K->0K(92160K), 0.0098210 secs] 104883K->31601K(194560K), 0.0098798 secs] [Times: user=0.00 sys=0.00, real=0.01 secs] 
464.327: [GC (Allocation Failure) 464.327: [ParNew: 73282K->0K(92160K), 0.0004161 secs] 104883K->31601K(194560K), 0.0004575 secs] [Times: user=0.00 sys=0.00, real=0.00 secs] 
464.336: [GC (Allocation Failure) 464.336: [ParNew: 73282K->0K(92160K), 0.0042964 secs] 104883K->31601K(194560K), 0.0043514 secs] [Times: user=0.02 sys=0.00, real=0.01 secs] 
465.347: [GC (Allocation Failure) 465.347: [ParNew: 73282K->0K(92160K), 0.0004227 secs] 104883K->31601K(194560K), 0.0004793 secs] [Times: user=0.00 sys=0.00, real=0.00 secs] 
466.356: [GC (Allocation Failure) 466.356: [ParNew: 73282K->0K(92160K), 0.0083210 secs] 104883K->31601K(194560K), 0.0084056 secs] [Times: user=0.00 sys=0.00, real=0.01 secs] 
467.372: [GC (Allocation Failure) 467.372: [ParNew: 73282K->0K(92160K), 0.0010509 secs] 104883K->31601K(194560K), 0.0011069 secs] [Times: user=0.00 sys=0.00, real=0.00 secs] 
468.380: [GC (Allocation Failure) 468.380: [ParNew: 73282K->0K(92160K), 0.0003029 secs] 104883K->31601K(194560K), 0.0003558 secs] [Times: user=0.00 sys=0.00, real=0.00 secs] 
469.388: [GC (Allocation Failure) 469.388: [ParNew: 73282K->0K(92160K), 0.0003424 secs] 104883K->31601K(194560K), 0.0003909 secs] [Times: user=0.00 sys=0.00, real=0.00 secs] 
470.400: [GC (Allocation Failure) 470.400: [ParNew: 73282K->0K(92160K), 0.0005477 secs] 104883K->31601K(194560K), 0.0006202 secs] [Times: user=0.00 sys=0.00, real=0.00 secs] 
471.408: [GC (Allocation Failure) 471.408: [ParNew: 73282K->0K(92160K), 0.0005608 secs] 104883K->31601K(194560K), 0.0006283 secs] [Times: user=0.00 sys=0.00, real=0.00 secs] 
471.419: [GC (Allocation Failure) 471.419: [ParNew: 73282K->0K(92160K), 0.0005701 secs] 104883K->31601K(194560K), 0.0006466 secs] [Times: user=0.00 sys=0.00, real=0.00 secs] 
472.435: [GC (Allocation Failure) 472.435: [ParNew: 73282K->0K(92160K), 0.0003004 secs] 104883K->31601K(194560K), 0.0003462 secs] [Times: user=0.00 sys=0.00, real=0.00 secs] 
473.444: [GC (Allocation Failure) 473.445: [ParNew: 73282K->0K(92160K), 0.0007421 secs] 104883K->31601K(194560K), 0.0008363 secs] [Times: user=0.00 sys=0.00, real=0.00 secs] 
474.456: [GC (Allocation Failure) 474.456: [ParNew: 73282K->0K(92160K), 0.0004603 secs] 104883K->31601K(194560K), 0.0005322 secs] [Times: user=0.00 sys=0.00, real=0.00 secs] 
475.470: [GC (Allocation Failure) 475.470: [ParNew: 73282K->0K(92160K), 0.0004737 secs] 104883K->31601K(194560K), 0.0005300 secs] [Times: user=0.00 sys=0.00, real=0.00 secs] 
476.482: [GC (Allocation Failure) 476.482: [ParNew: 73282K->0K(92160K), 0.0003004 secs] 104883K->31601K(194560K), 0.0003524 secs] [Times: user=0.00 sys=0.00, real=0.00 secs] 
477.489: [GC (Allocation Failure) 477.489: [ParNew: 73282K->0K(92160K), 0.0027513 secs] 104883K->31601K(194560K), 0.0028402 secs] [Times: user=0.03 sys=0.00, real=0.00 secs] 
478.500: [GC (Allocation Failure) 478.500: [ParNew: 73282K->0K(92160K), 0.0003403 secs] 104883K->31601K(194560K), 0.0003894 secs] [Times: user=0.00 sys=0.00, real=0.00 secs] 
478.507: [GC (Allocation Failure) 478.507: [ParNew: 73282K->0K(92160K), 0.0002980 secs] 104883K->31601K(194560K), 0.0003471 secs] [Times: user=0.00 sys=0.00, real=0.00 secs] 
479.521: [GC (Allocation Failure) 479.522: [ParNew: 73282K->0K(92160K), 0.0009576 secs] 104883K->31601K(194560K), 0.0010690 secs] [Times: user=0.00 sys=0.00, real=0.00 secs] 
480.532: [GC (Allocation Failure) 480.532: [ParNew: 73282K->0K(92160K), 0.0003972 secs] 104883K->31601K(194560K), 0.0004752 secs] [Times: user=0.00 sys=0.00, real=0.00 secs] 
481.540: [GC (Allocation Failure) 481.541: [ParNew: 73282K->0K(92160K), 0.0090957 secs] 104883K->31601K(194560K), 0.0092008 secs] [Times: user=0.03 sys=0.00, real=0.01 secs] 
482.558: [GC (Allocation Failure) 482.558: [ParNew: 73282K->0K(92160K), 0.0004591 secs] 104883K->31601K(194560K), 0.0005104 secs] [Times: user=0.06 sys=0.00, real=0.00 secs] 
483.567: [GC (Allocation Failure) 483.567: [ParNew: 73282K->0K(92160K), 0.0006398 secs] 104883K->31601K(194560K), 0.0007278 secs] [Times: user=0.00 sys=0.00, real=0.00 secs] 
484.580: [GC (Allocation Failure) 484.580: [ParNew: 73282K->0K(92160K), 0.0003480 secs] 104883K->31601K(194560K), 0.0003875 secs] [Times: user=0.00 sys=0.00, real=0.00 secs] 
485.589: [GC (Allocation Failure) 485.589: [ParNew: 73282K->0K(92160K), 0.0004460 secs] 104883K->31601K(194560K), 0.0005303 secs] [Times: user=0.00 sys=0.00, real=0.00 secs] 
485.598: [GC (Allocation Failure) 485.599: [ParNew: 73282K->0K(92160K), 0.0005141 secs] 104883K->31601K(194560K), 0.0005850 secs] [Times: user=0.00 sys=0.00, real=0.00 secs] 
486.607: [GC (Allocation Failure) 486.607: [ParNew: 73282K->0K(92160K), 0.0003822 secs] 104883K->31601K(194560K), 0.0004292 secs] [Times: user=0.00 sys=0.00, real=0.00 secs] 
487.619: [GC (Allocation Failure) 487.619: [ParNew: 73282K->0K(92160K), 0.0006715 secs] 104883K->31601K(194560K), 0.0007679 secs] [Times: user=0.00 sys=0.00, real=0.00 secs] 
488.630: [GC (Allocation Failure) 488.630: [ParNew: 73282K->0K(92160K), 0.0004662 secs] 104883K->31601K(194560K), 0.0005082 secs] [Times: user=0.00 sys=0.00, real=0.00 secs] 
489.640: [GC (Allocation Failure) 489.640: [ParNew: 73282K->0K(92160K), 0.0003826 secs] 104883K->31601K(194560K), 0.0004314 secs] [Times: user=0.00 sys=0.00, real=0.00 secs] 
490.647: [GC (Allocation Failure) 490.648: [ParNew: 73282K->0K(92160K), 0.0004936 secs] 104883K->31601K(194560K), 0.0005536 secs] [Times: user=0.00 sys=0.00, real=0.00 secs] 
491.655: [GC (Allocation Failure) 491.655: [ParNew: 73282K->0K(92160K), 0.0004242 secs] 104883K->31601K(194560K), 0.0004780 secs] [Times: user=0.00 sys=0.00, real=0.00 secs] 
492.664: [GC (Allocation Failure) 492.664: [ParNew: 73282K->0K(92160K), 0.0117820 secs] 104883K->31601K(194560K), 0.0118367 secs] [Times: user=0.02 sys=0.00, real=0.01 secs] 
492.683: [GC (Allocation Failure) 492.683: [ParNew: 73282K->0K(92160K), 0.0090267 secs] 104883K->31601K(194560K), 0.0090823 secs] [Times: user=0.00 sys=0.00, real=0.01 secs] 
493.700: [GC (Allocation Failure) 493.700: [ParNew: 73282K->0K(92160K), 0.0004093 secs] 104883K->31601K(194560K), 0.0004790 secs] [Times: user=0.00 sys=0.00, real=0.00 secs] 
494.708: [GC (Allocation Failure) 494.708: [ParNew: 73282K->0K(92160K), 0.0003695 secs] 104883K->31601K(194560K), 0.0004273 secs] [Times: user=0.00 sys=0.00, real=0.00 secs] 
495.716: [GC (Allocation Failure) 495.716: [ParNew: 73282K->0K(92160K), 0.0004267 secs] 104883K->31601K(194560K), 0.0004998 secs] [Times: user=0.00 sys=0.00, real=0.00 secs] 
496.726: [GC (Allocation Failure) 496.726: [ParNew: 73282K->0K(92160K), 0.0007971 secs] 104883K->31601K(194560K), 0.0009082 secs] [Times: user=0.00 sys=0.00, real=0.00 secs] 
497.736: [GC (Allocation Failure) 497.736: [ParNew: 73282K->0K(92160K), 0.0003813 secs] 104883K->31601K(194560K), 0.0004360 secs] [Times: user=0.00 sys=0.00, real=0.00 secs] 
498.744: [GC (Allocation Failure) 498.745: [ParNew: 73282K->0K(92160K), 0.0004476 secs] 104883K->31601K(194560K), 0.0005042 secs] [Times: user=0.00 sys=0.00, real=0.00 secs] 
499.752: [GC (Allocation Failure) 499.753: [ParNew: 73282K->0K(92160K), 0.0009278 secs] 104883K->31601K(194560K), 0.0010522 secs] [Times: user=0.00 sys=0.00, real=0.00 secs] 
499.769: [GC (Allocation Failure) 499.769: [ParNew: 73282K->0K(92160K), 0.0009287 secs] 104883K->31601K(194560K), 0.0010783 secs] [Times: user=0.00 sys=0.00, real=0.00 secs] 
500.795: [GC (Allocation Failure) 500.796: [ParNew: 73282K->0K(92160K), 0.0090155 secs] 104883K->31601K(194560K), 0.0090839 secs] [Times: user=0.00 sys=0.00, real=0.01 secs] 
501.813: [GC (Allocation Failure) 501.813: [ParNew: 73282K->0K(92160K), 0.0003197 secs] 104883K->31601K(194560K), 0.0003707 secs] [Times: user=0.00 sys=0.00, real=0.00 secs] 
502.883: [GC (Allocation Failure) 502.883: [ParNew: 73282K->0K(92160K), 0.0003922 secs] 104883K->31601K(194560K), 0.0004364 secs] [Times: user=0.00 sys=0.00, real=0.00 secs] 
503.890: [GC (Allocation Failure) 503.890: [ParNew: 73282K->0K(92160K), 0.0004140 secs] 104883K->31601K(194560K), 0.0004699 secs] [Times: user=0.00 sys=0.00, real=0.00 secs] 
504.901: [GC (Allocation Failure) 504.901: [ParNew: 73282K->0K(92160K), 0.0003990 secs] 104883K->31601K(194560K), 0.0004479 secs] [Times: user=0.00 sys=0.00, real=0.00 secs] 
505.909: [GC (Allocation Failure) 505.909: [ParNew: 73282K->0K(92160K), 0.0007240 secs] 104883K->31601K(194560K), 0.0008366 secs] [Times: user=0.00 sys=0.00, real=0.00 secs] 
506.923: [GC (Allocation Failure) 506.923: [ParNew: 73282K->0K(92160K), 0.0003592 secs] 104883K->31601K(194560K), 0.0004028 secs] [Times: user=0.00 sys=0.00, real=0.00 secs] 
506.935: [GC (Allocation Failure) 506.935: [ParNew: 73282K->0K(92160K), 0.0065920 secs] 104883K->31601K(194560K), 0.0066449 secs] [Times: user=0.01 sys=0.00, real=0.01 secs] 
507.951: [GC (Allocation Failure) 507.951: [ParNew: 73282K->0K(92160K), 0.0006084 secs] 104883K->31601K(194560K), 0.0006858 secs] [Times: user=0.00 sys=0.00, real=0.00 secs] 
508.963: [GC (Allocation Failure) 508.963: [ParNew: 73282K->0K(92160K), 0.0008055 secs] 104883K->31601K(194560K), 0.0008842 secs] [Times: user=0.00 sys=0.00, real=0.00 secs] 
509.980: [GC (Allocation Failure) 509.980: [ParNew: 73282K->0K(92160K), 0.0004544 secs] 104883K->31601K(194560K), 0.0005119 secs] [Times: user=0.00 sys=0.00, real=0.00 secs] 
510.989: [GC (Allocation Failure) 510.989: [ParNew: 73282K->0K(92160K), 0.0005583 secs] 104883K->31601K(194560K), 0.0006000 secs] [Times: user=0.00 sys=0.00, real=0.00 secs] 
511.998: [GC (Allocation Failure) 511.998: [ParNew: 73282K->0K(92160K), 0.0003048 secs] 104883K->31601K(194560K), 0.0003424 secs] [Times: user=0.00 sys=0.00, real=0.00 secs] 
513.005: [GC (Allocation Failure) 513.005: [ParNew: 73282K->0K(92160K), 0.0044556 secs] 104883K->31601K(194560K), 0.0045580 secs] [Times: user=0.05 sys=0.00, real=0.00 secs] 
514.021: [GC (Allocation Failure) 514.021: [ParNew: 73282K->0K(92160K), 0.0005116 secs] 104883K->31601K(194560K), 0.0005813 secs] [Times: user=0.00 sys=0.00, real=0.00 secs] 
514.031: [GC (Allocation Failure) 514.031: [ParNew: 73282K->0K(92160K), 0.0005832 secs] 104883K->31601K(194560K), 0.0006466 secs] [Times: user=0.00 sys=0.00, real=0.00 secs] 
515.040: [GC (Allocation Failure) 515.040: [ParNew: 73282K->0K(92160K), 0.0003269 secs] 104883K->31601K(194560K), 0.0003766 secs] [Times: user=0.00 sys=0.00, real=0.00 secs] 
516.049: [GC (Allocation Failure) 516.049: [ParNew: 73282K->0K(92160K), 0.0003633 secs] 104883K->31601K(194560K), 0.0004102 secs] [Times: user=0.00 sys=0.00, real=0.00 secs] 
517.062: [GC (Allocation Failure) 517.062: [ParNew: 73282K->0K(92160K), 0.0010316 secs] 104883K->31601K(194560K), 0.0011162 secs] [Times: user=0.00 sys=0.00, real=0.00 secs] 
518.073: [GC (Allocation Failure) 518.073: [ParNew: 73282K->0K(92160K), 0.0004494 secs] 104883K->31601K(194560K), 0.0005054 secs] [Times: user=0.00 sys=0.00, real=0.00 secs] 
519.083: [GC (Allocation Failure) 519.083: [ParNew: 73282K->0K(92160K), 0.0006936 secs] 104883K->31601K(194560K), 0.0007872 secs] [Times: user=0.00 sys=0.00, real=0.00 secs] 
520.134: [GC (Allocation Failure) 520.134: [ParNew: 73282K->0K(92160K), 0.0003934 secs] 104883K->31601K(194560K), 0.0004525 secs] [Times: user=0.00 sys=0.00, real=0.00 secs] 
521.163: [GC (Allocation Failure) 521.163: [ParNew: 73282K->0K(92160K), 0.0004003 secs] 104883K->31601K(194560K), 0.0004609 secs] [Times: user=0.00 sys=0.00, real=0.00 secs] 
521.172: [GC (Allocation Failure) 521.172: [ParNew: 73282K->0K(92160K), 0.0008631 secs] 104883K->31601K(194560K), 0.0009309 secs] [Times: user=0.00 sys=0.00, real=0.00 secs] 
522.181: [GC (Allocation Failure) 522.181: [ParNew: 73282K->0K(92160K), 0.0005872 secs] 104883K->31601K(194560K), 0.0006544 secs] [Times: user=0.00 sys=0.00, real=0.00 secs] 
523.190: [GC (Allocation Failure) 523.190: [ParNew: 73282K->0K(92160K), 0.0004034 secs] 104883K->31601K(194560K), 0.0004451 secs] [Times: user=0.00 sys=0.00, real=0.00 secs] 
524.199: [GC (Allocation Failure) 524.199: [ParNew: 73282K->0K(92160K), 0.0004706 secs] 104883K->31601K(194560K), 0.0005210 secs] [Times: user=0.00 sys=0.00, real=0.00 secs] 
525.207: [GC (Allocation Failure) 525.207: [ParNew: 73282K->0K(92160K), 0.0003008 secs] 104883K->31601K(194560K), 0.0003415 secs] [Times: user=0.00 sys=0.00, real=0.00 secs] 
526.216: [GC (Allocation Failure) 526.216: [ParNew: 73282K->0K(92160K), 0.0003191 secs] 104883K->31601K(194560K), 0.0003766 secs] [Times: user=0.00 sys=0.00, real=0.00 secs] 
527.223: [GC (Allocation Failure) 527.223: [ParNew: 73282K->0K(92160K), 0.0005023 secs] 104883K->31601K(194560K), 0.0005670 secs] [Times: user=0.00 sys=0.00, real=0.00 secs] 
528.233: [GC (Allocation Failure) 528.233: [ParNew: 73282K->0K(92160K), 0.0008438 secs] 104883K->31601K(194560K), 0.0009399 secs] [Times: user=0.00 sys=0.00, real=0.00 secs] 
528.248: [GC (Allocation Failure) 528.248: [ParNew: 73282K->0K(92160K), 0.0008155 secs] 104883K->31601K(194560K), 0.0009212 secs] [Times: user=0.00 sys=0.00, real=0.00 secs] 
529.260: [GC (Allocation Failure) 529.261: [ParNew: 73282K->0K(92160K), 0.0007069 secs] 104883K->31601K(194560K), 0.0007900 secs] [Times: user=0.00 sys=0.00, real=0.00 secs] 
530.271: [GC (Allocation Failure) 530.271: [ParNew: 73282K->0K(92160K), 0.0004093 secs] 104883K->31601K(194560K), 0.0004606 secs] [Times: user=0.00 sys=0.00, real=0.00 secs] 
531.280: [GC (Allocation Failure) 531.280: [ParNew: 73282K->0K(92160K), 0.0006786 secs] 104883K->31601K(194560K), 0.0007449 secs] [Times: user=0.00 sys=0.00, real=0.00 secs] 
532.289: [GC (Allocation Failure) 532.289: [ParNew: 73282K->0K(92160K), 0.0003586 secs] 104883K->31601K(194560K), 0.0003993 secs] [Times: user=0.00 sys=0.00, real=0.00 secs] 
533.297: [GC (Allocation Failure) 533.297: [ParNew: 73282K->0K(92160K), 0.0003891 secs] 104883K->31601K(194560K), 0.0004410 secs] [Times: user=0.00 sys=0.00, real=0.00 secs] 
534.307: [GC (Allocation Failure) 534.307: [ParNew: 73282K->0K(92160K), 0.0106794 secs] 104883K->31601K(194560K), 0.0107752 secs] [Times: user=0.00 sys=0.00, real=0.01 secs] 
535.327: [GC (Allocation Failure) 535.327: [ParNew: 73282K->0K(92160K), 0.0006021 secs] 104883K->31601K(194560K), 0.0006802 secs] [Times: user=0.00 sys=0.00, real=0.00 secs] 
535.340: [GC (Allocation Failure) 535.340: [ParNew: 73282K->0K(92160K), 0.0007060 secs] 104883K->31601K(194560K), 0.0007925 secs] [Times: user=0.00 sys=0.00, real=0.00 secs] 
536.349: [GC (Allocation Failure) 536.349: [ParNew: 73282K->0K(92160K), 0.0003098 secs] 104883K->31601K(194560K), 0.0003592 secs] [Times: user=0.00 sys=0.00, real=0.00 secs] 
537.358: [GC (Allocation Failure) 537.358: [ParNew: 73282K->0K(92160K), 0.0006556 secs] 104883K->31601K(194560K), 0.0007262 secs] [Times: user=0.00 sys=0.00, real=0.00 secs] 
538.374: [GC (Allocation Failure) 538.374: [ParNew: 73282K->0K(92160K), 0.0015342 secs] 104883K->31601K(194560K), 0.0016795 secs] [Times: user=0.05 sys=0.00, real=0.00 secs] 
539.392: [GC (Allocation Failure) 539.392: [ParNew: 73282K->0K(92160K), 0.0003651 secs] 104883K->31601K(194560K), 0.0004177 secs] [Times: user=0.00 sys=0.00, real=0.00 secs] 
540.400: [GC (Allocation Failure) 540.400: [ParNew: 73282K->0K(92160K), 0.0004301 secs] 104883K->31601K(194560K), 0.0004818 secs] [Times: user=0.00 sys=0.00, real=0.00 secs] 
541.409: [GC (Allocation Failure) 541.409: [ParNew: 73282K->0K(92160K), 0.0006889 secs] 104883K->31601K(194560K), 0.0007716 secs] [Times: user=0.00 sys=0.00, real=0.00 secs] 
542.423: [GC (Allocation Failure) 542.423: [ParNew: 73282K->0K(92160K), 0.0002802 secs] 104883K->31601K(194560K), 0.0003147 secs] [Times: user=0.00 sys=0.00, real=0.00 secs] 
542.431: [GC (Allocation Failure) 542.431: [ParNew: 73282K->0K(92160K), 0.0003468 secs] 104883K->31601K(194560K), 0.0003919 secs] [Times: user=0.00 sys=0.02, real=0.00 secs] 
543.444: [GC (Allocation Failure) 543.444: [ParNew: 73282K->0K(92160K), 0.0008836 secs] 104883K->31601K(194560K), 0.0009809 secs] [Times: user=0.00 sys=0.00, real=0.00 secs] 
544.456: [GC (Allocation Failure) 544.456: [ParNew: 73282K->0K(92160K), 0.0004662 secs] 104883K->31601K(194560K), 0.0005359 secs] [Times: user=0.00 sys=0.00, real=0.00 secs] 
545.470: [GC (Allocation Failure) 545.470: [ParNew: 73282K->0K(92160K), 0.0006345 secs] 104883K->31601K(194560K), 0.0007234 secs] [Times: user=0.00 sys=0.00, real=0.00 secs] 
546.481: [GC (Allocation Failure) 546.481: [ParNew: 73282K->0K(92160K), 0.0108859 secs] 104883K->31601K(194560K), 0.0109481 secs] [Times: user=0.03 sys=0.00, real=0.01 secs] 
547.500: [GC (Allocation Failure) 547.500: [ParNew: 73282K->0K(92160K), 0.0005990 secs] 104883K->31601K(194560K), 0.0006755 secs] [Times: user=0.00 sys=0.00, real=0.00 secs] 
548.511: [GC (Allocation Failure) 548.511: [ParNew: 73282K->0K(92160K), 0.0004286 secs] 104883K->31601K(194560K), 0.0004777 secs] [Times: user=0.00 sys=0.00, real=0.00 secs] 
549.519: [GC (Allocation Failure) 549.519: [ParNew: 73282K->0K(92160K), 0.0006877 secs] 104883K->31601K(194560K), 0.0007443 secs] [Times: user=0.00 sys=0.00, real=0.00 secs] 
549.527: [GC (Allocation Failure) 549.527: [ParNew: 73282K->0K(92160K), 0.0003760 secs] 104883K->31601K(194560K), 0.0004354 secs] [Times: user=0.00 sys=0.00, real=0.00 secs] 
550.537: [GC (Allocation Failure) 550.537: [ParNew: 73282K->0K(92160K), 0.0005474 secs] 104883K->31601K(194560K), 0.0006183 secs] [Times: user=0.00 sys=0.00, real=0.00 secs] 
551.546: [GC (Allocation Failure) 551.546: [ParNew: 73282K->0K(92160K), 0.0003804 secs] 104883K->31601K(194560K), 0.0004280 secs] [Times: user=0.00 sys=0.00, real=0.00 secs] 
552.559: [GC (Allocation Failure) 552.559: [ParNew: 73282K->0K(92160K), 0.0009116 secs] 104883K->31601K(194560K), 0.0010279 secs] [Times: user=0.00 sys=0.00, real=0.00 secs] 
553.582: [GC (Allocation Failure) 553.582: [ParNew: 73282K->0K(92160K), 0.0002927 secs] 104883K->31601K(194560K), 0.0003331 secs] [Times: user=0.00 sys=0.00, real=0.00 secs] 
554.590: [GC (Allocation Failure) 554.590: [ParNew: 73282K->0K(92160K), 0.0021613 secs] 104883K->31601K(194560K), 0.0022244 secs] [Times: user=0.00 sys=0.00, real=0.00 secs] 
555.600: [GC (Allocation Failure) 555.600: [ParNew: 73282K->0K(92160K), 0.0007928 secs] 104883K->31601K(194560K), 0.0008730 secs] [Times: user=0.00 sys=0.00, real=0.00 secs] 
556.612: [GC (Allocation Failure) 556.612: [ParNew: 73282K->0K(92160K), 0.0006000 secs] 104883K->31601K(194560K), 0.0006730 secs] [Times: user=0.00 sys=0.00, real=0.00 secs] 
556.626: [GC (Allocation Failure) 556.626: [ParNew: 73282K->0K(92160K), 0.0008783 secs] 104883K->31601K(194560K), 0.0009582 secs] [Times: user=0.06 sys=0.00, real=0.00 secs] 
557.638: [GC (Allocation Failure) 557.638: [ParNew: 73282K->0K(92160K), 0.0005583 secs] 104883K->31601K(194560K), 0.0006304 secs] [Times: user=0.00 sys=0.00, real=0.00 secs] 
558.653: [GC (Allocation Failure) 558.653: [ParNew: 73282K->0K(92160K), 0.0010002 secs] 104883K->31601K(194560K), 0.0011169 secs] [Times: user=0.00 sys=0.00, real=0.00 secs] 
559.666: [GC (Allocation Failure) 559.666: [ParNew: 73282K->0K(92160K), 0.0005549 secs] 104883K->31601K(194560K), 0.0006199 secs] [Times: user=0.00 sys=0.00, real=0.00 secs] 
560.675: [GC (Allocation Failure) 560.675: [ParNew: 73282K->0K(92160K), 0.0004423 secs] 104883K->31601K(194560K), 0.0004852 secs] [Times: user=0.00 sys=0.00, real=0.00 secs] 
561.685: [GC (Allocation Failure) 561.685: [ParNew: 73282K->0K(92160K), 0.0004899 secs] 104883K->31601K(194560K), 0.0005468 secs] [Times: user=0.00 sys=0.00, real=0.00 secs] 
562.694: [GC (Allocation Failure) 562.694: [ParNew: 73282K->0K(92160K), 0.0004168 secs] 104883K->31601K(194560K), 0.0004740 secs] [Times: user=0.00 sys=0.00, real=0.00 secs] 
563.703: [GC (Allocation Failure) 563.703: [ParNew: 73282K->0K(92160K), 0.0003120 secs] 104883K->31601K(194560K), 0.0003583 secs] [Times: user=0.00 sys=0.00, real=0.00 secs] 
563.712: [GC (Allocation Failure) 563.712: [ParNew: 73282K->0K(92160K), 0.0003437 secs] 104883K->31601K(194560K), 0.0003969 secs] [Times: user=0.00 sys=0.00, real=0.00 secs] 
564.721: [GC (Allocation Failure) 564.721: [ParNew: 73282K->0K(92160K), 0.0114206 secs] 104883K->31601K(194560K), 0.0114933 secs] [Times: user=0.00 sys=0.00, real=0.01 secs] 
565.751: [GC (Allocation Failure) 565.751: [ParNew: 73282K->0K(92160K), 0.0005558 secs] 104883K->31601K(194560K), 0.0006267 secs] [Times: user=0.00 sys=0.00, real=0.00 secs] 
566.762: [GC (Allocation Failure) 566.762: [ParNew: 73282K->0K(92160K), 0.0003630 secs] 104883K->31601K(194560K), 0.0004221 secs] [Times: user=0.00 sys=0.00, real=0.00 secs] 
567.771: [GC (Allocation Failure) 567.771: [ParNew: 73282K->0K(92160K), 0.0004217 secs] 104883K->31601K(194560K), 0.0004678 secs] [Times: user=0.00 sys=0.00, real=0.00 secs] 
568.782: [GC (Allocation Failure) 568.782: [ParNew: 73282K->0K(92160K), 0.0012260 secs] 104883K->31601K(194560K), 0.0014148 secs] [Times: user=0.00 sys=0.00, real=0.00 secs] 
569.799: [GC (Allocation Failure) 569.799: [ParNew: 73282K->0K(92160K), 0.0030368 secs] 104883K->31601K(194560K), 0.0031313 secs] [Times: user=0.00 sys=0.00, real=0.00 secs] 
570.814: [GC (Allocation Failure) 570.814: [ParNew: 73282K->0K(92160K), 0.0006506 secs] 104883K->31601K(194560K), 0.0007247 secs] [Times: user=0.00 sys=0.00, real=0.00 secs] 
570.827: [GC (Allocation Failure) 570.827: [ParNew: 73282K->0K(92160K), 0.0004015 secs] 104883K->31601K(194560K), 0.0004525 secs] [Times: user=0.00 sys=0.00, real=0.00 secs] 
571.835: [GC (Allocation Failure) 571.835: [ParNew: 73282K->0K(92160K), 0.0004622 secs] 104883K->31601K(194560K), 0.0005094 secs] [Times: user=0.00 sys=0.00, real=0.00 secs] 
572.847: [GC (Allocation Failure) 572.847: [ParNew: 73282K->0K(92160K), 0.0009035 secs] 104883K->31601K(194560K), 0.0009953 secs] [Times: user=0.00 sys=0.00, real=0.00 secs] 
573.863: [GC (Allocation Failure) 573.863: [ParNew: 73282K->0K(92160K), 0.0008970 secs] 104883K->31601K(194560K), 0.0009953 secs] [Times: user=0.00 sys=0.00, real=0.00 secs] 
574.875: [GC (Allocation Failure) 574.875: [ParNew: 73282K->0K(92160K), 0.0003661 secs] 104883K->31601K(194560K), 0.0004084 secs] [Times: user=0.00 sys=0.00, real=0.00 secs] 
575.886: [GC (Allocation Failure) 575.886: [ParNew: 73282K->0K(92160K), 0.0009125 secs] 104883K->31601K(194560K), 0.0010037 secs] [Times: user=0.00 sys=0.00, real=0.00 secs] 
576.898: [GC (Allocation Failure) 576.898: [ParNew: 73282K->0K(92160K), 0.0003763 secs] 104883K->31601K(194560K), 0.0004137 secs] [Times: user=0.00 sys=0.00, real=0.00 secs] 
577.917: [GC (Allocation Failure) 577.917: [ParNew: 73282K->0K(92160K), 0.0003120 secs] 104883K->31601K(194560K), 0.0003611 secs] [Times: user=0.00 sys=0.00, real=0.00 secs] 
577.927: [GC (Allocation Failure) 577.927: [ParNew: 73282K->0K(92160K), 0.0023273 secs] 104883K->31601K(194560K), 0.0023877 secs] [Times: user=0.00 sys=0.00, real=0.00 secs] 
578.945: [GC (Allocation Failure) 578.945: [ParNew: 73282K->0K(92160K), 0.0011243 secs] 104883K->31601K(194560K), 0.0012447 secs] [Times: user=0.00 sys=0.00, real=0.00 secs] 
579.989: [GC (Allocation Failure) 579.989: [ParNew: 73282K->0K(92160K), 0.0004096 secs] 104883K->31601K(194560K), 0.0004634 secs] [Times: user=0.00 sys=0.00, real=0.00 secs] 
580.996: [GC (Allocation Failure) 580.997: [ParNew: 73282K->0K(92160K), 0.0279894 secs] 104883K->31601K(194560K), 0.0280684 secs] [Times: user=0.00 sys=0.00, real=0.03 secs] 
582.032: [GC (Allocation Failure) 582.032: [ParNew: 73282K->0K(92160K), 0.0004168 secs] 104883K->31601K(194560K), 0.0004721 secs] [Times: user=0.00 sys=0.00, real=0.00 secs] 
583.040: [GC (Allocation Failure) 583.040: [ParNew: 73282K->0K(92160K), 0.0002886 secs] 104883K->31601K(194560K), 0.0003269 secs] [Times: user=0.00 sys=0.00, real=0.00 secs] 
584.047: [GC (Allocation Failure) 584.047: [ParNew: 73282K->0K(92160K), 0.0004130 secs] 104883K->31601K(194560K), 0.0004690 secs] [Times: user=0.00 sys=0.00, real=0.00 secs] 
585.061: [GC (Allocation Failure) 585.061: [ParNew: 73282K->0K(92160K), 0.0004448 secs] 104883K->31601K(194560K), 0.0005010 secs] [Times: user=0.00 sys=0.00, real=0.00 secs] 
585.071: [GC (Allocation Failure) 585.071: [ParNew: 73282K->0K(92160K), 0.0004482 secs] 104883K->31601K(194560K), 0.0005104 secs] [Times: user=0.00 sys=0.00, real=0.00 secs] 
586.079: [GC (Allocation Failure) 586.079: [ParNew: 73282K->0K(92160K), 0.0004286 secs] 104883K->31601K(194560K), 0.0004843 secs] [Times: user=0.00 sys=0.00, real=0.00 secs] 
587.088: [GC (Allocation Failure) 587.088: [ParNew: 73282K->0K(92160K), 0.0004146 secs] 104883K->31601K(194560K), 0.0004724 secs] [Times: user=0.00 sys=0.00, real=0.00 secs] 
588.097: [GC (Allocation Failure) 588.097: [ParNew: 73282K->0K(92160K), 0.0003869 secs] 104883K->31601K(194560K), 0.0004388 secs] [Times: user=0.00 sys=0.00, real=0.00 secs] 
589.105: [GC (Allocation Failure) 589.105: [ParNew: 73282K->0K(92160K), 0.0004643 secs] 104883K->31601K(194560K), 0.0005281 secs] [Times: user=0.00 sys=0.00, real=0.00 secs] 
590.114: [GC (Allocation Failure) 590.114: [ParNew: 73282K->0K(92160K), 0.0003835 secs] 104883K->31601K(194560K), 0.0004376 secs] [Times: user=0.00 sys=0.00, real=0.00 secs] 
591.122: [GC (Allocation Failure) 591.123: [ParNew: 73282K->0K(92160K), 0.0006920 secs] 104883K->31601K(194560K), 0.0008068 secs] [Times: user=0.00 sys=0.00, real=0.00 secs] 
592.137: [GC (Allocation Failure) 592.137: [ParNew: 73282K->0K(92160K), 0.0002874 secs] 104883K->31601K(194560K), 0.0003340 secs] [Times: user=0.00 sys=0.00, real=0.00 secs] 
592.145: [GC (Allocation Failure) 592.145: [ParNew: 73282K->0K(92160K), 0.0003586 secs] 104883K->31601K(194560K), 0.0004074 secs] [Times: user=0.00 sys=0.00, real=0.00 secs] 
593.153: [GC (Allocation Failure) 593.153: [ParNew: 73282K->0K(92160K), 0.0004283 secs] 104883K->31601K(194560K), 0.0004867 secs] [Times: user=0.00 sys=0.00, real=0.00 secs] 
594.162: [GC (Allocation Failure) 594.162: [ParNew: 73282K->0K(92160K), 0.0003997 secs] 104883K->31601K(194560K), 0.0004519 secs] [Times: user=0.00 sys=0.00, real=0.00 secs] 
595.172: [GC (Allocation Failure) 595.172: [ParNew: 73282K->0K(92160K), 0.0005598 secs] 104883K->31601K(194560K), 0.0006382 secs] [Times: user=0.00 sys=0.00, real=0.00 secs] 
596.180: [GC (Allocation Failure) 596.180: [ParNew: 73282K->0K(92160K), 0.0003651 secs] 104883K->31601K(194560K), 0.0004370 secs] [Times: user=0.00 sys=0.00, real=0.00 secs] 
597.197: [GC (Allocation Failure) 597.197: [ParNew: 73282K->0K(92160K), 0.0003679 secs] 104883K->31601K(194560K), 0.0004357 secs] [Times: user=0.00 sys=0.00, real=0.00 secs] 
598.207: [GC (Allocation Failure) 598.208: [ParNew: 73282K->0K(92160K), 0.0005689 secs] 104883K->31601K(194560K), 0.0006472 secs] [Times: user=0.00 sys=0.00, real=0.00 secs] 
599.216: [GC (Allocation Failure) 599.216: [ParNew: 73282K->0K(92160K), 0.0010618 secs] 104883K->31601K(194560K), 0.0011896 secs] [Times: user=0.00 sys=0.00, real=0.00 secs] 
599.235: [GC (Allocation Failure) 599.235: [ParNew: 73282K->0K(92160K), 0.0005132 secs] 104883K->31601K(194560K), 0.0005769 secs] [Times: user=0.00 sys=0.00, real=0.00 secs] 
600.249: [GC (Allocation Failure) 600.249: [ParNew: 73282K->0K(92160K), 0.0004392 secs] 104883K->31601K(194560K), 0.0004992 secs] [Times: user=0.00 sys=0.00, real=0.00 secs] 
601.259: [GC (Allocation Failure) 601.259: [ParNew: 73282K->0K(92160K), 0.0006451 secs] 104883K->31601K(194560K), 0.0007303 secs] [Times: user=0.00 sys=0.00, real=0.00 secs] 
602.270: [GC (Allocation Failure) 602.270: [ParNew: 73282K->0K(92160K), 0.0005850 secs] 104883K->31601K(194560K), 0.0006432 secs] [Times: user=0.00 sys=0.00, real=0.00 secs] 
603.278: [GC (Allocation Failure) 603.278: [ParNew: 73282K->0K(92160K), 0.0003306 secs] 104883K->31601K(194560K), 0.0003891 secs] [Times: user=0.00 sys=0.00, real=0.00 secs] 
604.287: [GC (Allocation Failure) 604.287: [ParNew: 73282K->0K(92160K), 0.0004532 secs] 104883K->31601K(194560K), 0.0005001 secs] [Times: user=0.00 sys=0.00, real=0.00 secs] 
605.296: [GC (Allocation Failure) 605.296: [ParNew: 73282K->0K(92160K), 0.0003023 secs] 104883K->31601K(194560K), 0.0003508 secs] [Times: user=0.00 sys=0.00, real=0.00 secs] 
606.303: [GC (Allocation Failure) 606.303: [ParNew: 73282K->0K(92160K), 0.0003648 secs] 104883K->31601K(194560K), 0.0004034 secs] [Times: user=0.00 sys=0.00, real=0.00 secs] 
606.310: [GC (Allocation Failure) 606.310: [ParNew: 73282K->0K(92160K), 0.0003222 secs] 104883K->31601K(194560K), 0.0003695 secs] [Times: user=0.00 sys=0.00, real=0.00 secs] 
607.321: [GC (Allocation Failure) 607.321: [ParNew: 73282K->0K(92160K), 0.0003045 secs] 104883K->31601K(194560K), 0.0003673 secs] [Times: user=0.00 sys=0.00, real=0.00 secs] 
608.333: [GC (Allocation Failure) 608.333: [ParNew: 73282K->0K(92160K), 0.0005875 secs] 104883K->31601K(194560K), 0.0006367 secs] [Times: user=0.00 sys=0.00, real=0.00 secs] 
609.341: [GC (Allocation Failure) 609.341: [ParNew: 73282K->0K(92160K), 0.0005639 secs] 104883K->31601K(194560K), 0.0006096 secs] [Times: user=0.00 sys=0.00, real=0.00 secs] 
610.349: [GC (Allocation Failure) 610.349: [ParNew: 73282K->0K(92160K), 0.0003670 secs] 104883K->31601K(194560K), 0.0004230 secs] [Times: user=0.00 sys=0.00, real=0.00 secs] 
611.357: [GC (Allocation Failure) 611.357: [ParNew: 73282K->0K(92160K), 0.0003589 secs] 104883K->31601K(194560K), 0.0004028 secs] [Times: user=0.00 sys=0.00, real=0.00 secs] 
612.366: [GC (Allocation Failure) 612.366: [ParNew: 73282K->0K(92160K), 0.0005493 secs] 104883K->31601K(194560K), 0.0006301 secs] [Times: user=0.00 sys=0.00, real=0.00 secs] 
613.374: [GC (Allocation Failure) 613.375: [ParNew: 73282K->0K(92160K), 0.0004979 secs] 104883K->31601K(194560K), 0.0005645 secs] [Times: user=0.00 sys=0.00, real=0.00 secs] 
613.384: [GC (Allocation Failure) 613.384: [ParNew: 73282K->0K(92160K), 0.0005807 secs] 104883K->31601K(194560K), 0.0006416 secs] [Times: user=0.00 sys=0.00, real=0.00 secs] 
614.414: [GC (Allocation Failure) 614.414: [ParNew: 73282K->0K(92160K), 0.0006643 secs] 104883K->31601K(194560K), 0.0007265 secs] [Times: user=0.00 sys=0.00, real=0.00 secs] 
615.436: [GC (Allocation Failure) 615.436: [ParNew: 73282K->0K(92160K), 0.0004245 secs] 104883K->31601K(194560K), 0.0004727 secs] [Times: user=0.00 sys=0.00, real=0.00 secs] 
616.444: [GC (Allocation Failure) 616.444: [ParNew: 73282K->0K(92160K), 0.0003459 secs] 104883K->31601K(194560K), 0.0004130 secs] [Times: user=0.00 sys=0.00, real=0.00 secs] 
617.452: [GC (Allocation Failure) 617.452: [ParNew: 73282K->0K(92160K), 0.0005390 secs] 104883K->31601K(194560K), 0.0005897 secs] [Times: user=0.00 sys=0.00, real=0.00 secs] 
618.461: [GC (Allocation Failure) 618.461: [ParNew: 73282K->0K(92160K), 0.0005819 secs] 104883K->31601K(194560K), 0.0006382 secs] [Times: user=0.00 sys=0.00, real=0.00 secs] 
619.470: [GC (Allocation Failure) 619.470: [ParNew: 73282K->0K(92160K), 0.0009004 secs] 104883K->31601K(194560K), 0.0010127 secs] [Times: user=0.00 sys=0.00, real=0.00 secs] 
620.484: [GC (Allocation Failure) 620.484: [ParNew: 73282K->0K(92160K), 0.0004059 secs] 104883K->31601K(194560K), 0.0004423 secs] [Times: user=0.00 sys=0.00, real=0.00 secs] 
620.492: [GC (Allocation Failure) 620.492: [ParNew: 73282K->0K(92160K), 0.0004448 secs] 104883K->31601K(194560K), 0.0004995 secs] [Times: user=0.00 sys=0.00, real=0.00 secs] 
621.499: [GC (Allocation Failure) 621.499: [ParNew: 73282K->0K(92160K), 0.0003060 secs] 104883K->31601K(194560K), 0.0003567 secs] [Times: user=0.00 sys=0.00, real=0.00 secs] 
622.510: [GC (Allocation Failure) 622.510: [ParNew: 73282K->0K(92160K), 0.0004709 secs] 104883K->31601K(194560K), 0.0005337 secs] [Times: user=0.00 sys=0.00, real=0.00 secs] 
623.524: [GC (Allocation Failure) 623.524: [ParNew: 73282K->0K(92160K), 0.0008855 secs] 104883K->31601K(194560K), 0.0010102 secs] [Times: user=0.00 sys=0.00, real=0.00 secs] 
624.536: [GC (Allocation Failure) 624.536: [ParNew: 73282K->0K(92160K), 0.0003881 secs] 104883K->31601K(194560K), 0.0004311 secs] [Times: user=0.00 sys=0.00, real=0.00 secs] 
625.543: [GC (Allocation Failure) 625.543: [ParNew: 73282K->0K(92160K), 0.0004065 secs] 104883K->31601K(194560K), 0.0004547 secs] [Times: user=0.00 sys=0.00, real=0.00 secs] 
626.551: [GC (Allocation Failure) 626.552: [ParNew: 73282K->0K(92160K), 0.0006681 secs] 104883K->31601K(194560K), 0.0007440 secs] [Times: user=0.00 sys=0.00, real=0.00 secs] 
627.561: [GC (Allocation Failure) 627.561: [ParNew: 73282K->0K(92160K), 0.0005676 secs] 104883K->31601K(194560K), 0.0006640 secs] [Times: user=0.00 sys=0.00, real=0.00 secs] 
627.573: [GC (Allocation Failure) 627.573: [ParNew: 73282K->0K(92160K), 0.0005586 secs] 104883K->31601K(194560K), 0.0006562 secs] [Times: user=0.00 sys=0.00, real=0.00 secs] 
628.592: [GC (Allocation Failure) 628.592: [ParNew: 73282K->0K(92160K), 0.0011162 secs] 104883K->31601K(194560K), 0.0012954 secs] [Times: user=0.00 sys=0.00, real=0.00 secs] 
629.608: [GC (Allocation Failure) 629.608: [ParNew: 73282K->0K(92160K), 0.0006668 secs] 104883K->31601K(194560K), 0.0007648 secs] [Times: user=0.00 sys=0.00, real=0.00 secs] 
630.622: [GC (Allocation Failure) 630.622: [ParNew: 73282K->0K(92160K), 0.0007903 secs] 104883K->31601K(194560K), 0.0008908 secs] [Times: user=0.00 sys=0.00, real=0.00 secs] 
631.632: [GC (Allocation Failure) 631.632: [ParNew: 73282K->0K(92160K), 0.0003011 secs] 104883K->31601K(194560K), 0.0003679 secs] [Times: user=0.00 sys=0.00, real=0.00 secs] 
632.640: [GC (Allocation Failure) 632.640: [ParNew: 73282K->0K(92160K), 0.0005306 secs] 104883K->31601K(194560K), 0.0005968 secs] [Times: user=0.00 sys=0.00, real=0.00 secs] 
633.649: [GC (Allocation Failure) 633.649: [ParNew: 73282K->0K(92160K), 0.0006348 secs] 104883K->31601K(194560K), 0.0007194 secs] [Times: user=0.00 sys=0.00, real=0.00 secs] 
634.660: [GC (Allocation Failure) 634.661: [ParNew: 73282K->0K(92160K), 0.0008901 secs] 104883K->31601K(194560K), 0.0010061 secs] [Times: user=0.00 sys=0.00, real=0.00 secs] 
634.677: [GC (Allocation Failure) 634.677: [ParNew: 73282K->0K(92160K), 0.0008192 secs] 104883K->31601K(194560K), 0.0009309 secs] [Times: user=0.00 sys=0.00, real=0.00 secs] 
635.691: [GC (Allocation Failure) 635.691: [ParNew: 73282K->0K(92160K), 0.0006992 secs] 104883K->31601K(194560K), 0.0008366 secs] [Times: user=0.00 sys=0.00, real=0.00 secs] 
636.724: [GC (Allocation Failure) 636.724: [ParNew: 73282K->0K(92160K), 0.0002877 secs] 104883K->31601K(194560K), 0.0003278 secs] [Times: user=0.00 sys=0.00, real=0.00 secs] 
637.735: [GC (Allocation Failure) 637.735: [ParNew: 73282K->0K(92160K), 0.0004432 secs] 104883K->31601K(194560K), 0.0004939 secs] [Times: user=0.00 sys=0.00, real=0.00 secs] 
638.742: [GC (Allocation Failure) 638.742: [ParNew: 73282K->0K(92160K), 0.0003586 secs] 104883K->31601K(194560K), 0.0004053 secs] [Times: user=0.00 sys=0.00, real=0.00 secs] 
639.751: [GC (Allocation Failure) 639.751: [ParNew: 73282K->0K(92160K), 0.0008886 secs] 104883K->31601K(194560K), 0.0009897 secs] [Times: user=0.00 sys=0.00, real=0.00 secs] 
640.764: [GC (Allocation Failure) 640.764: [ParNew: 73282K->0K(92160K), 0.0006951 secs] 104883K->31601K(194560K), 0.0007897 secs] [Times: user=0.00 sys=0.00, real=0.00 secs] 
641.778: [GC (Allocation Failure) 641.778: [ParNew: 73282K->0K(92160K), 0.0005648 secs] 104883K->31601K(194560K), 0.0006329 secs] [Times: user=0.00 sys=0.00, real=0.00 secs] 
641.787: [GC (Allocation Failure) 641.787: [ParNew: 73282K->0K(92160K), 0.0006255 secs] 104883K->31601K(194560K), 0.0007026 secs] [Times: user=0.00 sys=0.00, real=0.00 secs] 
642.805: [GC (Allocation Failure) 642.806: [ParNew: 73282K->0K(92160K), 0.0012027 secs] 104883K->31601K(194560K), 0.0013657 secs] [Times: user=0.00 sys=0.00, real=0.00 secs] 
643.823: [GC (Allocation Failure) 643.823: [ParNew: 73282K->0K(92160K), 0.0010621 secs] 104883K->31601K(194560K), 0.0011725 secs] [Times: user=0.00 sys=0.00, real=0.00 secs] 
644.837: [GC (Allocation Failure) 644.837: [ParNew: 73282K->0K(92160K), 0.0008904 secs] 104883K->31601K(194560K), 0.0009878 secs] [Times: user=0.00 sys=0.00, real=0.00 secs] 
645.850: [GC (Allocation Failure) 645.850: [ParNew: 73282K->0K(92160K), 0.0010189 secs] 104883K->31601K(194560K), 0.0011147 secs] [Times: user=0.00 sys=0.00, real=0.00 secs] 
646.862: [GC (Allocation Failure) 646.862: [ParNew: 73282K->0K(92160K), 0.0003757 secs] 104883K->31601K(194560K), 0.0004174 secs] [Times: user=0.00 sys=0.00, real=0.00 secs] 
647.869: [GC (Allocation Failure) 647.869: [ParNew: 73282K->0K(92160K), 0.0006018 secs] 104883K->31601K(194560K), 0.0006783 secs] [Times: user=0.00 sys=0.00, real=0.00 secs] 
648.880: [GC (Allocation Failure) 648.880: [ParNew: 73282K->0K(92160K), 0.0004227 secs] 104883K->31601K(194560K), 0.0004780 secs] [Times: user=0.00 sys=0.00, real=0.00 secs] 
648.889: [GC (Allocation Failure) 648.889: [ParNew: 73282K->0K(92160K), 0.0003919 secs] 104883K->31601K(194560K), 0.0004426 secs] [Times: user=0.00 sys=0.00, real=0.00 secs] 
649.903: [GC (Allocation Failure) 649.903: [ParNew: 73282K->0K(92160K), 0.0005042 secs] 104883K->31601K(194560K), 0.0005810 secs] [Times: user=0.00 sys=0.00, real=0.00 secs] 
650.914: [GC (Allocation Failure) 650.914: [ParNew: 73282K->0K(92160K), 0.0006304 secs] 104883K->31601K(194560K), 0.0007212 secs] [Times: user=0.00 sys=0.00, real=0.00 secs] 
651.925: [GC (Allocation Failure) 651.925: [ParNew: 73282K->0K(92160K), 0.0005489 secs] 104883K->31601K(194560K), 0.0006167 secs] [Times: user=0.00 sys=0.00, real=0.00 secs] 
652.933: [GC (Allocation Failure) 652.933: [ParNew: 73282K->0K(92160K), 0.0004958 secs] 104883K->31601K(194560K), 0.0005427 secs] [Times: user=0.00 sys=0.00, real=0.00 secs] 
653.940: [GC (Allocation Failure) 653.941: [ParNew: 73282K->0K(92160K), 0.0004432 secs] 104883K->31601K(194560K), 0.0004933 secs] [Times: user=0.00 sys=0.00, real=0.00 secs] 
654.949: [GC (Allocation Failure) 654.949: [ParNew: 73282K->0K(92160K), 0.0007598 secs] 104883K->31601K(194560K), 0.0008612 secs] [Times: user=0.00 sys=0.00, real=0.00 secs] 
655.963: [GC (Allocation Failure) 655.964: [ParNew: 73282K->0K(92160K), 0.0012270 secs] 104883K->31601K(194560K), 0.0014095 secs] [Times: user=0.00 sys=0.00, real=0.00 secs] 
655.986: [GC (Allocation Failure) 655.986: [ParNew: 73282K->0K(92160K), 0.0011358 secs] 104883K->31601K(194560K), 0.0012817 secs] [Times: user=0.00 sys=0.00, real=0.00 secs] 
656.996: [GC (Allocation Failure) 656.996: [ParNew: 73282K->0K(92160K), 0.0003070 secs] 104883K->31601K(194560K), 0.0003552 secs] [Times: user=0.00 sys=0.00, real=0.00 secs] 
658.013: [GC (Allocation Failure) 658.014: [ParNew: 73282K->0K(92160K), 0.0010432 secs] 104883K->31601K(194560K), 0.0011654 secs] [Times: user=0.00 sys=0.00, real=0.00 secs] 
659.030: [GC (Allocation Failure) 659.030: [ParNew: 73282K->0K(92160K), 0.0005741 secs] 104883K->31601K(194560K), 0.0006640 secs] [Times: user=0.00 sys=0.00, real=0.00 secs] 
660.039: [GC (Allocation Failure) 660.039: [ParNew: 73282K->0K(92160K), 0.0002970 secs] 104883K->31601K(194560K), 0.0003763 secs] [Times: user=0.00 sys=0.00, real=0.00 secs] 
661.048: [GC (Allocation Failure) 661.048: [ParNew: 73282K->0K(92160K), 0.0007620 secs] 104883K->31601K(194560K), 0.0008995 secs] [Times: user=0.00 sys=0.00, real=0.00 secs] 
662.062: [GC (Allocation Failure) 662.062: [ParNew: 73282K->0K(92160K), 0.0008783 secs] 104883K->31601K(194560K), 0.0009906 secs] [Times: user=0.00 sys=0.00, real=0.00 secs] 
663.079: [GC (Allocation Failure) 663.079: [ParNew: 73282K->0K(92160K), 0.0005340 secs] 104883K->31601K(194560K), 0.0005875 secs] [Times: user=0.00 sys=0.00, real=0.00 secs] 
663.087: [GC (Allocation Failure) 663.087: [ParNew: 73282K->0K(92160K), 0.0003819 secs] 104883K->31601K(194560K), 0.0004500 secs] [Times: user=0.00 sys=0.00, real=0.00 secs] 
664.098: [GC (Allocation Failure) 664.098: [ParNew: 73282K->0K(92160K), 0.0006646 secs] 104883K->31601K(194560K), 0.0007527 secs] [Times: user=0.00 sys=0.00, real=0.00 secs] 
665.107: [GC (Allocation Failure) 665.107: [ParNew: 73282K->0K(92160K), 0.0003987 secs] 104883K->31601K(194560K), 0.0004581 secs] [Times: user=0.00 sys=0.00, real=0.00 secs] 
666.124: [GC (Allocation Failure) 666.124: [ParNew: 73282K->0K(92160K), 0.0003536 secs] 104883K->31601K(194560K), 0.0004018 secs] [Times: user=0.00 sys=0.00, real=0.00 secs] 
667.131: [GC (Allocation Failure) 667.131: [ParNew: 73282K->0K(92160K), 0.0003359 secs] 104883K->31601K(194560K), 0.0003813 secs] [Times: user=0.00 sys=0.00, real=0.00 secs] 
668.140: [GC (Allocation Failure) 668.140: [ParNew: 73282K->0K(92160K), 0.0009020 secs] 104883K->31601K(194560K), 0.0010074 secs] [Times: user=0.00 sys=0.00, real=0.00 secs] 
669.154: [GC (Allocation Failure) 669.154: [ParNew: 73282K->0K(92160K), 0.0003928 secs] 104883K->31601K(194560K), 0.0004485 secs] [Times: user=0.00 sys=0.00, real=0.00 secs] 
670.162: [GC (Allocation Failure) 670.162: [ParNew: 73282K->0K(92160K), 0.0006307 secs] 104883K->31601K(194560K), 0.0007695 secs] [Times: user=0.00 sys=0.01, real=0.00 secs] 
670.174: [GC (Allocation Failure) 670.174: [ParNew: 73282K->0K(92160K), 0.0005869 secs] 104883K->31601K(194560K), 0.0006740 secs] [Times: user=0.00 sys=0.00, real=0.00 secs] 
671.190: [GC (Allocation Failure) 671.190: [ParNew: 73282K->0K(92160K), 0.0010861 secs] 104883K->31601K(194560K), 0.0012148 secs] [Times: user=0.00 sys=0.00, real=0.00 secs] 
672.205: [GC (Allocation Failure) 672.205: [ParNew: 73282K->0K(92160K), 0.0007922 secs] 104883K->31601K(194560K), 0.0008982 secs] [Times: user=0.00 sys=0.00, real=0.00 secs] 
673.220: [GC (Allocation Failure) 673.220: [ParNew: 73282K->0K(92160K), 0.0013078 secs] 104883K->31601K(194560K), 0.0014366 secs] [Times: user=0.06 sys=0.00, real=0.00 secs] 
674.234: [GC (Allocation Failure) 674.234: [ParNew: 73282K->0K(92160K), 0.0005160 secs] 104883K->31601K(194560K), 0.0006068 secs] [Times: user=0.00 sys=0.00, real=0.00 secs] 
675.246: [GC (Allocation Failure) 675.246: [ParNew: 73282K->0K(92160K), 0.0011676 secs] 104883K->31601K(194560K), 0.0013159 secs] [Times: user=0.00 sys=0.00, real=0.00 secs] 
676.262: [GC (Allocation Failure) 676.263: [ParNew: 73282K->0K(92160K), 0.0011486 secs] 104883K->31601K(194560K), 0.0012705 secs] [Times: user=0.06 sys=0.00, real=0.00 secs] 
677.275: [GC (Allocation Failure) 677.275: [ParNew: 73282K->0K(92160K), 0.0004149 secs] 104883K->31601K(194560K), 0.0004541 secs] [Times: user=0.00 sys=0.00, real=0.00 secs] 
677.283: [GC (Allocation Failure) 677.283: [ParNew: 73282K->0K(92160K), 0.0003975 secs] 104883K->31601K(194560K), 0.0004507 secs] [Times: user=0.00 sys=0.00, real=0.00 secs] 
678.290: [GC (Allocation Failure) 678.290: [ParNew: 73282K->0K(92160K), 0.0003844 secs] 104883K->31601K(194560K), 0.0004485 secs] [Times: user=0.00 sys=0.00, real=0.00 secs] 
679.306: [GC (Allocation Failure) 679.306: [ParNew: 73282K->0K(92160K), 0.0010257 secs] 104883K->31601K(194560K), 0.0011601 secs] [Times: user=0.00 sys=0.00, real=0.00 secs] 
680.323: [GC (Allocation Failure) 680.323: [ParNew: 73282K->0K(92160K), 0.0006261 secs] 104883K->31601K(194560K), 0.0007110 secs] [Times: user=0.00 sys=0.00, real=0.00 secs] 
681.333: [GC (Allocation Failure) 681.333: [ParNew: 73282K->0K(92160K), 0.0003235 secs] 104883K->31601K(194560K), 0.0003701 secs] [Times: user=0.00 sys=0.00, real=0.00 secs] 
682.340: [GC (Allocation Failure) 682.340: [ParNew: 73282K->0K(92160K), 0.0005073 secs] 104883K->31601K(194560K), 0.0005931 secs] [Times: user=0.00 sys=0.00, real=0.00 secs] 
683.352: [GC (Allocation Failure) 683.352: [ParNew: 73282K->0K(92160K), 0.0008519 secs] 104883K->31601K(194560K), 0.0009632 secs] [Times: user=0.00 sys=0.00, real=0.00 secs] 
684.369: [GC (Allocation Failure) 684.369: [ParNew: 73282K->0K(92160K), 0.0006373 secs] 104883K->31601K(194560K), 0.0007312 secs] [Times: user=0.00 sys=0.00, real=0.00 secs] 
684.381: [GC (Allocation Failure) 684.381: [ParNew: 73282K->0K(92160K), 0.0005791 secs] 104883K->31601K(194560K), 0.0006656 secs] [Times: user=0.00 sys=0.00, real=0.00 secs] 
685.391: [GC (Allocation Failure) 685.391: [ParNew: 73282K->0K(92160K), 0.0005580 secs] 104883K->31601K(194560K), 0.0006398 secs] [Times: user=0.00 sys=0.00, real=0.00 secs] 
686.404: [GC (Allocation Failure) 686.404: [ParNew: 73282K->0K(92160K), 0.0006861 secs] 104883K->31601K(194560K), 0.0007794 secs] [Times: user=0.00 sys=0.00, real=0.00 secs] 
687.417: [GC (Allocation Failure) 687.417: [ParNew: 73282K->0K(92160K), 0.0007552 secs] 104883K->31601K(194560K), 0.0008656 secs] [Times: user=0.00 sys=0.00, real=0.00 secs] 
688.429: [GC (Allocation Failure) 688.429: [ParNew: 73282K->0K(92160K), 0.0003263 secs] 104883K->31601K(194560K), 0.0003763 secs] [Times: user=0.00 sys=0.00, real=0.00 secs] 
689.440: [GC (Allocation Failure) 689.440: [ParNew: 73282K->0K(92160K), 0.0008852 secs] 104883K->31601K(194560K), 0.0010074 secs] [Times: user=0.00 sys=0.00, real=0.00 secs] 
690.457: [GC (Allocation Failure) 690.458: [ParNew: 73282K->0K(92160K), 0.0010808 secs] 104883K->31601K(194560K), 0.0012724 secs] [Times: user=0.03 sys=0.00, real=0.00 secs] 
691.478: [GC (Allocation Failure) 691.478: [ParNew: 73282K->0K(92160K), 0.0008317 secs] 104883K->31601K(194560K), 0.0011166 secs] [Times: user=0.00 sys=0.00, real=0.00 secs] 
691.490: [GC (Allocation Failure) 691.490: [ParNew: 73282K->0K(92160K), 0.0007433 secs] 104883K->31601K(194560K), 0.0008304 secs] [Times: user=0.00 sys=0.00, real=0.00 secs] 
692.509: [GC (Allocation Failure) 692.509: [ParNew: 73282K->0K(92160K), 0.0011455 secs] 104883K->31601K(194560K), 0.0012920 secs] [Times: user=0.00 sys=0.00, real=0.00 secs] 
693.522: [GC (Allocation Failure) 693.522: [ParNew: 73282K->0K(92160K), 0.0003623 secs] 104883K->31601K(194560K), 0.0004121 secs] [Times: user=0.00 sys=0.00, real=0.00 secs] 
694.536: [GC (Allocation Failure) 694.536: [ParNew: 73282K->0K(92160K), 0.0172500 secs] 104883K->31601K(194560K), 0.0173784 secs] [Times: user=0.03 sys=0.00, real=0.02 secs] 
695.565: [GC (Allocation Failure) 695.565: [ParNew: 73282K->0K(92160K), 0.0007194 secs] 104883K->31601K(194560K), 0.0008167 secs] [Times: user=0.00 sys=0.00, real=0.00 secs] 
696.582: [GC (Allocation Failure) 696.582: [ParNew: 73282K->0K(92160K), 0.0008820 secs] 104883K->31601K(194560K), 0.0009610 secs] [Times: user=0.00 sys=0.00, real=0.00 secs] 
697.595: [GC (Allocation Failure) 697.595: [ParNew: 73282K->0K(92160K), 0.0005993 secs] 104883K->31601K(194560K), 0.0006674 secs] [Times: user=0.00 sys=0.00, real=0.00 secs] 
698.607: [GC (Allocation Failure) 698.607: [ParNew: 73282K->0K(92160K), 0.0006121 secs] 104883K->31601K(194560K), 0.0006873 secs] [Times: user=0.00 sys=0.00, real=0.00 secs] 
698.620: [GC (Allocation Failure) 698.620: [ParNew: 73282K->0K(92160K), 0.0007719 secs] 104883K->31601K(194560K), 0.0008600 secs] [Times: user=0.00 sys=0.00, real=0.00 secs] 
699.639: [GC (Allocation Failure) 699.639: [ParNew: 73282K->0K(92160K), 0.0006124 secs] 104883K->31601K(194560K), 0.0006877 secs] [Times: user=0.00 sys=0.00, real=0.00 secs] 
700.653: [GC (Allocation Failure) 700.654: [ParNew: 73282K->0K(92160K), 0.0008736 secs] 104883K->31601K(194560K), 0.0009760 secs] [Times: user=0.00 sys=0.00, real=0.00 secs] 
701.670: [GC (Allocation Failure) 701.670: [ParNew: 73282K->0K(92160K), 0.0011147 secs] 104883K->31601K(194560K), 0.0012490 secs] [Times: user=0.00 sys=0.00, real=0.00 secs] 
702.684: [GC (Allocation Failure) 702.684: [ParNew: 73282K->0K(92160K), 0.0003602 secs] 104883K->31601K(194560K), 0.0004059 secs] [Times: user=0.00 sys=0.00, real=0.00 secs] 
703.691: [GC (Allocation Failure) 703.691: [ParNew: 73282K->0K(92160K), 0.0005048 secs] 104883K->31601K(194560K), 0.0005667 secs] [Times: user=0.00 sys=0.00, real=0.00 secs] 
704.699: [GC (Allocation Failure) 704.699: [ParNew: 73282K->0K(92160K), 0.0008108 secs] 104883K->31601K(194560K), 0.0009010 secs] [Times: user=0.00 sys=0.00, real=0.00 secs] 
705.712: [GC (Allocation Failure) 705.713: [ParNew: 73282K->0K(92160K), 0.0008730 secs] 104883K->31601K(194560K), 0.0009642 secs] [Times: user=0.00 sys=0.00, real=0.00 secs] 
705.727: [GC (Allocation Failure) 705.727: [ParNew: 73282K->0K(92160K), 0.0007405 secs] 104883K->31601K(194560K), 0.0008189 secs] [Times: user=0.00 sys=0.00, real=0.00 secs] 
706.737: [GC (Allocation Failure) 706.737: [ParNew: 73282K->0K(92160K), 0.0005266 secs] 104883K->31601K(194560K), 0.0005962 secs] [Times: user=0.00 sys=0.00, real=0.00 secs] 
707.751: [GC (Allocation Failure) 707.751: [ParNew: 73282K->0K(92160K), 0.0012288 secs] 104883K->31601K(194560K), 0.0013374 secs] [Times: user=0.00 sys=0.00, real=0.00 secs] 
708.766: [GC (Allocation Failure) 708.766: [ParNew: 73282K->0K(92160K), 0.0007943 secs] 104883K->31601K(194560K), 0.0008998 secs] [Times: user=0.00 sys=0.00, real=0.00 secs] 
709.777: [GC (Allocation Failure) 709.777: [ParNew: 73282K->0K(92160K), 0.0003297 secs] 104883K->31601K(194560K), 0.0003773 secs] [Times: user=0.00 sys=0.00, real=0.00 secs] 
710.783: [GC (Allocation Failure) 710.783: [ParNew: 73282K->0K(92160K), 0.0004584 secs] 104883K->31601K(194560K), 0.0005147 secs] [Times: user=0.00 sys=0.00, real=0.00 secs] 
711.792: [GC (Allocation Failure) 711.792: [ParNew: 73282K->0K(92160K), 0.0005894 secs] 104883K->31601K(194560K), 0.0006656 secs] [Times: user=0.00 sys=0.00, real=0.00 secs] 
712.805: [GC (Allocation Failure) 712.805: [ParNew: 73282K->0K(92160K), 0.0006945 secs] 104883K->31601K(194560K), 0.0007723 secs] [Times: user=0.00 sys=0.00, real=0.00 secs] 
712.817: [GC (Allocation Failure) 712.817: [ParNew: 73282K->0K(92160K), 0.0006357 secs] 104883K->31601K(194560K), 0.0007200 secs] [Times: user=0.00 sys=0.00, real=0.00 secs] 
713.829: [GC (Allocation Failure) 713.829: [ParNew: 73282K->0K(92160K), 0.0006174 secs] 104883K->31601K(194560K), 0.0007010 secs] [Times: user=0.00 sys=0.00, real=0.00 secs] 
714.843: [GC (Allocation Failure) 714.843: [ParNew: 73282K->0K(92160K), 0.0006948 secs] 104883K->31601K(194560K), 0.0007825 secs] [Times: user=0.00 sys=0.00, real=0.00 secs] 
715.853: [GC (Allocation Failure) 715.853: [ParNew: 73282K->0K(92160K), 0.0004280 secs] 104883K->31601K(194560K), 0.0004762 secs] [Times: user=0.00 sys=0.00, real=0.00 secs] 
716.863: [GC (Allocation Failure) 716.863: [ParNew: 73282K->0K(92160K), 0.0003944 secs] 104883K->31601K(194560K), 0.0004482 secs] [Times: user=0.00 sys=0.00, real=0.00 secs] 
717.871: [GC (Allocation Failure) 717.871: [ParNew: 73282K->0K(92160K), 0.0002877 secs] 104883K->31601K(194560K), 0.0003297 secs] [Times: user=0.00 sys=0.00, real=0.00 secs] 
718.879: [GC (Allocation Failure) 718.879: [ParNew: 73282K->0K(92160K), 0.0005294 secs] 104883K->31601K(194560K), 0.0006006 secs] [Times: user=0.00 sys=0.00, real=0.00 secs] 
719.889: [GC (Allocation Failure) 719.889: [ParNew: 73282K->0K(92160K), 0.0003542 secs] 104883K->31601K(194560K), 0.0004140 secs] [Times: user=0.00 sys=0.00, real=0.00 secs] 
719.898: [GC (Allocation Failure) 719.898: [ParNew: 73282K->0K(92160K), 0.0002948 secs] 104883K->31601K(194560K), 0.0003368 secs] [Times: user=0.00 sys=0.00, real=0.00 secs] 
720.907: [GC (Allocation Failure) 720.907: [ParNew: 73282K->0K(92160K), 0.0004230 secs] 104883K->31601K(194560K), 0.0004858 secs] [Times: user=0.00 sys=0.00, real=0.00 secs] 
721.928: [GC (Allocation Failure) 721.928: [ParNew: 73282K->0K(92160K), 0.0003903 secs] 104883K->31601K(194560K), 0.0004354 secs] [Times: user=0.00 sys=0.00, real=0.00 secs] 
722.935: [GC (Allocation Failure) 722.935: [ParNew: 73282K->0K(92160K), 0.0103345 secs] 104883K->31601K(194560K), 0.0103930 secs] [Times: user=0.01 sys=0.00, real=0.01 secs] 
723.953: [GC (Allocation Failure) 723.953: [ParNew: 73282K->0K(92160K), 0.0003085 secs] 104883K->31601K(194560K), 0.0003577 secs] [Times: user=0.00 sys=0.00, real=0.00 secs] 
724.961: [GC (Allocation Failure) 724.961: [ParNew: 73282K->0K(92160K), 0.0003235 secs] 104883K->31601K(194560K), 0.0003978 secs] [Times: user=0.00 sys=0.00, real=0.00 secs] 
725.968: [GC (Allocation Failure) 725.969: [ParNew: 73282K->0K(92160K), 0.0003788 secs] 104883K->31601K(194560K), 0.0004410 secs] [Times: user=0.00 sys=0.00, real=0.00 secs] 
726.976: [GC (Allocation Failure) 726.976: [ParNew: 73282K->0K(92160K), 0.0011110 secs] 104883K->31601K(194560K), 0.0012540 secs] [Times: user=0.00 sys=0.00, real=0.00 secs] 
726.998: [GC (Allocation Failure) 726.998: [ParNew: 73282K->0K(92160K), 0.0006531 secs] 104883K->31601K(194560K), 0.0007303 secs] [Times: user=0.00 sys=0.00, real=0.00 secs] 
728.017: [GC (Allocation Failure) 728.017: [ParNew: 73282K->0K(92160K), 0.0032753 secs] 104883K->31601K(194560K), 0.0033708 secs] [Times: user=0.00 sys=0.00, real=0.00 secs] 
729.033: [GC (Allocation Failure) 729.033: [ParNew: 73282K->0K(92160K), 0.0011467 secs] 104883K->31601K(194560K), 0.0012425 secs] [Times: user=0.00 sys=0.00, real=0.00 secs] 
